Archive member included because of file (symbol)

c:/altera/13.0sp1/nios2eds/bin/gnu/h-i686-mingw32/bin/../lib/gcc/nios2-elf/4.1.2/mno-hw-mul\libgcc.a(lib2-divmod.o)
                              obj/default/exercise5.o (__modsi3)
c:/altera/13.0sp1/nios2eds/bin/gnu/h-i686-mingw32/bin/../lib/gcc/nios2-elf/4.1.2/../../../../nios2-elf/lib/mno-hw-mul\libc.a(lib_a-rand.o)
                              obj/default/exercise5.o (rand)
c:/altera/13.0sp1/nios2eds/bin/gnu/h-i686-mingw32/bin/../lib/gcc/nios2-elf/4.1.2/../../../../nios2-elf/lib/mno-hw-mul\libc.a(lib_a-impure.o)
                              c:/altera/13.0sp1/nios2eds/bin/gnu/h-i686-mingw32/bin/../lib/gcc/nios2-elf/4.1.2/../../../../nios2-elf/lib/mno-hw-mul\libc.a(lib_a-rand.o) (_impure_ptr)
c:/altera/13.0sp1/nios2eds/bin/gnu/h-i686-mingw32/bin/../lib/gcc/nios2-elf/4.1.2/mno-hw-mul\libgcc.a(_muldi3.o)
                              c:/altera/13.0sp1/nios2eds/bin/gnu/h-i686-mingw32/bin/../lib/gcc/nios2-elf/4.1.2/../../../../nios2-elf/lib/mno-hw-mul\libc.a(lib_a-rand.o) (__muldi3)
c:/altera/13.0sp1/nios2eds/bin/gnu/h-i686-mingw32/bin/../lib/gcc/nios2-elf/4.1.2/mno-hw-mul\libgcc.a(lib2-mul.o)
                              c:/altera/13.0sp1/nios2eds/bin/gnu/h-i686-mingw32/bin/../lib/gcc/nios2-elf/4.1.2/mno-hw-mul\libgcc.a(_muldi3.o) (__mulsi3)
../module_1_bsp/\libhal_bsp.a(alt_load.o)
                              ../module_1_bsp//obj/HAL/src/crt0.o (alt_load)
../module_1_bsp/\libhal_bsp.a(alt_main.o)
                              ../module_1_bsp//obj/HAL/src/crt0.o (alt_main)
../module_1_bsp/\libhal_bsp.a(alt_sys_init.o)
                              ../module_1_bsp/\libhal_bsp.a(alt_main.o) (alt_irq_init)
../module_1_bsp/\libhal_bsp.a(altera_up_avalon_video_character_buffer_with_dma.o)
                              ../module_1_bsp/\libhal_bsp.a(alt_sys_init.o) (alt_up_char_buffer_init)
../module_1_bsp/\libhal_bsp.a(altera_up_avalon_video_pixel_buffer_dma.o)
                              obj/default/exercise5.o (alt_up_pixel_buffer_dma_open_dev)
../module_1_bsp/\libhal_bsp.a(alt_close.o)
                              ../module_1_bsp/\libhal_bsp.a(alt_main.o) (close)
../module_1_bsp/\libhal_bsp.a(alt_dcache_flush_all.o)
                              ../module_1_bsp/\libhal_bsp.a(alt_load.o) (alt_dcache_flush_all)
../module_1_bsp/\libhal_bsp.a(alt_dev.o)
                              ../module_1_bsp/\libhal_bsp.a(alt_sys_init.o) (alt_dev_list)
../module_1_bsp/\libhal_bsp.a(alt_dev_llist_insert.o)
                              ../module_1_bsp/\libhal_bsp.a(alt_sys_init.o) (alt_dev_llist_insert)
../module_1_bsp/\libhal_bsp.a(alt_do_ctors.o)
                              ../module_1_bsp/\libhal_bsp.a(alt_main.o) (_do_ctors)
../module_1_bsp/\libhal_bsp.a(alt_do_dtors.o)
                              ../module_1_bsp/\libhal_bsp.a(alt_main.o) (_do_dtors)
../module_1_bsp/\libhal_bsp.a(alt_errno.o)
                              ../module_1_bsp/\libhal_bsp.a(alt_close.o) (alt_errno)
../module_1_bsp/\libhal_bsp.a(alt_find_dev.o)
                              ../module_1_bsp/\libhal_bsp.a(altera_up_avalon_video_character_buffer_with_dma.o) (alt_find_dev)
../module_1_bsp/\libhal_bsp.a(alt_icache_flush_all.o)
                              ../module_1_bsp/\libhal_bsp.a(alt_load.o) (alt_icache_flush_all)
../module_1_bsp/\libhal_bsp.a(alt_release_fd.o)
                              ../module_1_bsp/\libhal_bsp.a(alt_close.o) (alt_release_fd)
../module_1_bsp/\libhal_bsp.a(altera_nios2_qsys_irq.o)
                              ../module_1_bsp/\libhal_bsp.a(alt_sys_init.o) (altera_nios2_qsys_irq_init)
c:/altera/13.0sp1/nios2eds/bin/gnu/h-i686-mingw32/bin/../lib/gcc/nios2-elf/4.1.2/../../../../nios2-elf/lib/mno-hw-mul\libc.a(lib_a-atexit.o)
                              ../module_1_bsp/\libhal_bsp.a(alt_main.o) (atexit)
c:/altera/13.0sp1/nios2eds/bin/gnu/h-i686-mingw32/bin/../lib/gcc/nios2-elf/4.1.2/../../../../nios2-elf/lib/mno-hw-mul\libc.a(lib_a-exit.o)
                              ../module_1_bsp/\libhal_bsp.a(alt_main.o) (exit)
c:/altera/13.0sp1/nios2eds/bin/gnu/h-i686-mingw32/bin/../lib/gcc/nios2-elf/4.1.2/../../../../nios2-elf/lib/mno-hw-mul\libc.a(lib_a-int_errno.o)
                              ../module_1_bsp/\libhal_bsp.a(alt_close.o) (errno)
c:/altera/13.0sp1/nios2eds/bin/gnu/h-i686-mingw32/bin/../lib/gcc/nios2-elf/4.1.2/../../../../nios2-elf/lib/mno-hw-mul\libc.a(lib_a-memcmp.o)
                              ../module_1_bsp/\libhal_bsp.a(alt_find_dev.o) (memcmp)
c:/altera/13.0sp1/nios2eds/bin/gnu/h-i686-mingw32/bin/../lib/gcc/nios2-elf/4.1.2/../../../../nios2-elf/lib/mno-hw-mul\libc.a(lib_a-strcmp.o)
                              ../module_1_bsp/\libhal_bsp.a(altera_up_avalon_video_character_buffer_with_dma.o) (strcmp)
c:/altera/13.0sp1/nios2eds/bin/gnu/h-i686-mingw32/bin/../lib/gcc/nios2-elf/4.1.2/../../../../nios2-elf/lib/mno-hw-mul\libc.a(lib_a-strlen.o)
                              ../module_1_bsp/\libhal_bsp.a(alt_find_dev.o) (strlen)
c:/altera/13.0sp1/nios2eds/bin/gnu/h-i686-mingw32/bin/../lib/gcc/nios2-elf/4.1.2/../../../../nios2-elf/lib/mno-hw-mul\libc.a(lib_a-__atexit.o)
                              c:/altera/13.0sp1/nios2eds/bin/gnu/h-i686-mingw32/bin/../lib/gcc/nios2-elf/4.1.2/../../../../nios2-elf/lib/mno-hw-mul\libc.a(lib_a-atexit.o) (__register_exitproc)
c:/altera/13.0sp1/nios2eds/bin/gnu/h-i686-mingw32/bin/../lib/gcc/nios2-elf/4.1.2/../../../../nios2-elf/lib/mno-hw-mul\libc.a(lib_a-__call_atexit.o)
                              c:/altera/13.0sp1/nios2eds/bin/gnu/h-i686-mingw32/bin/../lib/gcc/nios2-elf/4.1.2/../../../../nios2-elf/lib/mno-hw-mul\libc.a(lib_a-exit.o) (__call_exitprocs)
../module_1_bsp/\libhal_bsp.a(alt_exit.o)
                              c:/altera/13.0sp1/nios2eds/bin/gnu/h-i686-mingw32/bin/../lib/gcc/nios2-elf/4.1.2/../../../../nios2-elf/lib/mno-hw-mul\libc.a(lib_a-exit.o) (_exit)

Allocating common symbols
Common symbol       size              file

errno               0x4               c:/altera/13.0sp1/nios2eds/bin/gnu/h-i686-mingw32/bin/../lib/gcc/nios2-elf/4.1.2/../../../../nios2-elf/lib/mno-hw-mul\libc.a(lib_a-int_errno.o)
_atexit0            0x190             c:/altera/13.0sp1/nios2eds/bin/gnu/h-i686-mingw32/bin/../lib/gcc/nios2-elf/4.1.2/../../../../nios2-elf/lib/mno-hw-mul\libc.a(lib_a-atexit.o)

Memory Configuration

Name             Origin             Length             Attributes
reset            0x00000000         0x00000020
onchip_memory2_0 0x00000020         0x00007ce0
sdram            0x01000000         0x00800000
*default*        0x00000000         0xffffffff

Linker script and memory map

LOAD ../module_1_bsp//obj/HAL/src/crt0.o
LOAD obj/default/exercise5.o
LOAD c:/altera/13.0sp1/nios2eds/bin/gnu/h-i686-mingw32/bin/../lib/gcc/nios2-elf/4.1.2/../../../../nios2-elf/lib/mno-hw-mul\libstdc++.a
LOAD c:/altera/13.0sp1/nios2eds/bin/gnu/h-i686-mingw32/bin/../lib/gcc/nios2-elf/4.1.2/../../../../nios2-elf/lib/mno-hw-mul\libm.a
LOAD c:/altera/13.0sp1/nios2eds/bin/gnu/h-i686-mingw32/bin/../lib/gcc/nios2-elf/4.1.2/mno-hw-mul\libgcc.a
START GROUP
LOAD c:/altera/13.0sp1/nios2eds/bin/gnu/h-i686-mingw32/bin/../lib/gcc/nios2-elf/4.1.2/../../../../nios2-elf/lib/mno-hw-mul\libc.a
LOAD c:/altera/13.0sp1/nios2eds/bin/gnu/h-i686-mingw32/bin/../lib/gcc/nios2-elf/4.1.2/mno-hw-mul\libgcc.a
LOAD ../module_1_bsp/\libhal_bsp.a
END GROUP
LOAD c:/altera/13.0sp1/nios2eds/bin/gnu/h-i686-mingw32/bin/../lib/gcc/nios2-elf/4.1.2/mno-hw-mul\libgcc.a
                0x00000000                __alt_mem_onchip_memory2_0 = 0x0
                0x01000000                __alt_mem_sdram = 0x1000000

.entry          0x00000000       0x20
 *(.entry)
 .entry         0x00000000       0x20 ../module_1_bsp//obj/HAL/src/crt0.o
                0x00000000                __reset

.exceptions     0x00000020        0x0
                0x00000020                PROVIDE (__ram_exceptions_start, ABSOLUTE (.))
                0x00000020                . = ALIGN (0x20)
 *(.irq)
 *(.exceptions.entry.label)
 *(.exceptions.entry.user)
 *(.exceptions.entry)
 *(.exceptions.irqtest.user)
 *(.exceptions.irqtest)
 *(.exceptions.irqhandler.user)
 *(.exceptions.irqhandler)
 *(.exceptions.irqreturn.user)
 *(.exceptions.irqreturn)
 *(.exceptions.notirq.label)
 *(.exceptions.notirq.user)
 *(.exceptions.notirq)
 *(.exceptions.soft.user)
 *(.exceptions.soft)
 *(.exceptions.unknown.user)
 *(.exceptions.unknown)
 *(.exceptions.exit.label)
 *(.exceptions.exit.user)
 *(.exceptions.exit)
 *(.exceptions)
                0x00000020                PROVIDE (__ram_exceptions_end, ABSOLUTE (.))
                0x00000020                PROVIDE (__flash_exceptions_start, LOADADDR (.exceptions))

.text           0x00000020     0x2c20
                0x00000020                PROVIDE (stext, ABSOLUTE (.))
 *(.interp)
 *(.hash)
 *(.dynsym)
 *(.dynstr)
 *(.gnu.version)
 *(.gnu.version_d)
 *(.gnu.version_r)
 *(.rel.init)
 *(.rela.init)
 *(.rel.text .rel.text.* .rel.gnu.linkonce.t.*)
 *(.rela.text .rela.text.* .rela.gnu.linkonce.t.*)
 *(.rel.fini)
 *(.rela.fini)
 *(.rel.rodata .rel.rodata.* .rel.gnu.linkonce.r.*)
 *(.rela.rodata .rela.rodata.* .rela.gnu.linkonce.r.*)
 *(.rel.data .rel.data.* .rel.gnu.linkonce.d.*)
 *(.rela.data .rela.data.* .rela.gnu.linkonce.d.*)
 *(.rel.tdata .rel.tdata.* .rel.gnu.linkonce.td.*)
 *(.rela.tdata .rela.tdata.* .rela.gnu.linkonce.td.*)
 *(.rel.tbss .rel.tbss.* .rel.gnu.linkonce.tb.*)
 *(.rela.tbss .rela.tbss.* .rela.gnu.linkonce.tb.*)
 *(.rel.ctors)
 *(.rela.ctors)
 *(.rel.dtors)
 *(.rela.dtors)
 *(.rel.got)
 *(.rela.got)
 *(.rel.sdata .rel.sdata.* .rel.gnu.linkonce.s.*)
 *(.rela.sdata .rela.sdata.* .rela.gnu.linkonce.s.*)
 *(.rel.sbss .rel.sbss.* .rel.gnu.linkonce.sb.*)
 *(.rela.sbss .rela.sbss.* .rela.gnu.linkonce.sb.*)
 *(.rel.sdata2 .rel.sdata2.* .rel.gnu.linkonce.s2.*)
 *(.rela.sdata2 .rela.sdata2.* .rela.gnu.linkonce.s2.*)
 *(.rel.sbss2 .rel.sbss2.* .rel.gnu.linkonce.sb2.*)
 *(.rela.sbss2 .rela.sbss2.* .rela.gnu.linkonce.sb2.*)
 *(.rel.bss .rel.bss.* .rel.gnu.linkonce.b.*)
 *(.rela.bss .rela.bss.* .rela.gnu.linkonce.b.*)
 *(.rel.plt)
 *(.rela.plt)
 *(.rel.dyn)
 *(.init)
 *(.plt)
 *(.text .stub .text.* .gnu.linkonce.t.*)
 .text          0x00000020       0x3c ../module_1_bsp//obj/HAL/src/crt0.o
                0x00000020                _start
 .text          0x0000005c      0x17c obj/default/exercise5.o
                0x0000005c                main
 .text          0x000001d8      0x14c c:/altera/13.0sp1/nios2eds/bin/gnu/h-i686-mingw32/bin/../lib/gcc/nios2-elf/4.1.2/mno-hw-mul\libgcc.a(lib2-divmod.o)
                0x00000254                __divsi3
                0x000002b4                __modsi3
                0x00000314                __udivsi3
                0x0000031c                __umodsi3
 .text          0x00000324       0x94 c:/altera/13.0sp1/nios2eds/bin/gnu/h-i686-mingw32/bin/../lib/gcc/nios2-elf/4.1.2/../../../../nios2-elf/lib/mno-hw-mul\libc.a(lib_a-rand.o)
                0x00000324                srand
                0x00000340                rand
 .text          0x000003b8        0x0 c:/altera/13.0sp1/nios2eds/bin/gnu/h-i686-mingw32/bin/../lib/gcc/nios2-elf/4.1.2/../../../../nios2-elf/lib/mno-hw-mul\libc.a(lib_a-impure.o)
 .text          0x000003b8      0x124 c:/altera/13.0sp1/nios2eds/bin/gnu/h-i686-mingw32/bin/../lib/gcc/nios2-elf/4.1.2/mno-hw-mul\libgcc.a(_muldi3.o)
                0x000003b8                __muldi3
 .text          0x000004dc       0x38 c:/altera/13.0sp1/nios2eds/bin/gnu/h-i686-mingw32/bin/../lib/gcc/nios2-elf/4.1.2/mno-hw-mul\libgcc.a(lib2-mul.o)
                0x000004dc                __mulsi3
 .text          0x00000514       0xec ../module_1_bsp/\libhal_bsp.a(alt_load.o)
                0x00000514                alt_load
 .text          0x00000600       0x50 ../module_1_bsp/\libhal_bsp.a(alt_main.o)
                0x00000600                alt_main
 .text          0x00000650      0x344 ../module_1_bsp/\libhal_bsp.a(alt_sys_init.o)
                0x00000650                alt_irq_init
                0x00000684                alt_sys_init
 .text          0x00000994      0x304 ../module_1_bsp/\libhal_bsp.a(altera_up_avalon_video_character_buffer_with_dma.o)
                0x00000994                alt_up_char_buffer_init
                0x00000a18                alt_up_char_buffer_open_dev
                0x00000a58                alt_up_char_buffer_draw
                0x00000b28                alt_up_char_buffer_string
                0x00000c3c                alt_up_char_buffer_clear
 .text          0x00000c98     0x15a0 ../module_1_bsp/\libhal_bsp.a(altera_up_avalon_video_pixel_buffer_dma.o)
                0x00000c98                alt_up_pixel_buffer_dma_open_dev
                0x00000cd8                alt_up_pixel_buffer_dma_draw
                0x00000e84                alt_up_pixel_buffer_dma_change_back_buffer_address
                0x00000edc                alt_up_pixel_buffer_dma_swap_buffers
                0x00000f34                alt_up_pixel_buffer_dma_check_swap_buffers_status
                0x00000f68                alt_up_pixel_buffer_dma_clear_screen
                0x000010d4                alt_up_pixel_buffer_dma_draw_box
                0x000015d0                alt_up_pixel_buffer_dma_draw_hline
                0x00001928                alt_up_pixel_buffer_dma_draw_vline
                0x00001d00                alt_up_pixel_buffer_dma_draw_rectangle
                0x00001dc4                helper_plot_pixel
                0x00001e9c                alt_up_pixel_buffer_dma_draw_line
 .text          0x00002238      0x160 ../module_1_bsp/\libhal_bsp.a(alt_close.o)
                0x00002238                close
 .text          0x00002398       0x1c ../module_1_bsp/\libhal_bsp.a(alt_dcache_flush_all.o)
                0x00002398                alt_dcache_flush_all
 .text          0x000023b4       0x2c ../module_1_bsp/\libhal_bsp.a(alt_dev.o)
 .text          0x000023e0      0x114 ../module_1_bsp/\libhal_bsp.a(alt_dev_llist_insert.o)
                0x000023e0                alt_dev_llist_insert
 .text          0x000024f4       0x64 ../module_1_bsp/\libhal_bsp.a(alt_do_ctors.o)
                0x000024f4                _do_ctors
 .text          0x00002558       0x64 ../module_1_bsp/\libhal_bsp.a(alt_do_dtors.o)
                0x00002558                _do_dtors
 .text          0x000025bc        0x0 ../module_1_bsp/\libhal_bsp.a(alt_errno.o)
 .text          0x000025bc       0x94 ../module_1_bsp/\libhal_bsp.a(alt_find_dev.o)
                0x000025bc                alt_find_dev
 .text          0x00002650       0x1c ../module_1_bsp/\libhal_bsp.a(alt_icache_flush_all.o)
                0x00002650                alt_icache_flush_all
 .text          0x0000266c       0x78 ../module_1_bsp/\libhal_bsp.a(alt_release_fd.o)
                0x0000266c                alt_release_fd
 .text          0x000026e4       0x20 ../module_1_bsp/\libhal_bsp.a(altera_nios2_qsys_irq.o)
                0x000026e4                altera_nios2_qsys_irq_init
 .text          0x00002704       0x14 c:/altera/13.0sp1/nios2eds/bin/gnu/h-i686-mingw32/bin/../lib/gcc/nios2-elf/4.1.2/../../../../nios2-elf/lib/mno-hw-mul\libc.a(lib_a-atexit.o)
                0x00002704                atexit
 .text          0x00002718       0x38 c:/altera/13.0sp1/nios2eds/bin/gnu/h-i686-mingw32/bin/../lib/gcc/nios2-elf/4.1.2/../../../../nios2-elf/lib/mno-hw-mul\libc.a(lib_a-exit.o)
                0x00002718                exit
 .text          0x00002750        0x0 c:/altera/13.0sp1/nios2eds/bin/gnu/h-i686-mingw32/bin/../lib/gcc/nios2-elf/4.1.2/../../../../nios2-elf/lib/mno-hw-mul\libc.a(lib_a-int_errno.o)
 .text          0x00002750       0x74 c:/altera/13.0sp1/nios2eds/bin/gnu/h-i686-mingw32/bin/../lib/gcc/nios2-elf/4.1.2/../../../../nios2-elf/lib/mno-hw-mul\libc.a(lib_a-memcmp.o)
                0x00002750                memcmp
 .text          0x000027c4       0xbc c:/altera/13.0sp1/nios2eds/bin/gnu/h-i686-mingw32/bin/../lib/gcc/nios2-elf/4.1.2/../../../../nios2-elf/lib/mno-hw-mul\libc.a(lib_a-strcmp.o)
                0x000027c4                strcmp
 .text          0x00002880       0x74 c:/altera/13.0sp1/nios2eds/bin/gnu/h-i686-mingw32/bin/../lib/gcc/nios2-elf/4.1.2/../../../../nios2-elf/lib/mno-hw-mul\libc.a(lib_a-strlen.o)
                0x00002880                strlen
 .text          0x000028f4      0x134 c:/altera/13.0sp1/nios2eds/bin/gnu/h-i686-mingw32/bin/../lib/gcc/nios2-elf/4.1.2/../../../../nios2-elf/lib/mno-hw-mul\libc.a(lib_a-__atexit.o)
                0x000028f4                __register_exitproc
 .text          0x00002a28      0x1b4 c:/altera/13.0sp1/nios2eds/bin/gnu/h-i686-mingw32/bin/../lib/gcc/nios2-elf/4.1.2/../../../../nios2-elf/lib/mno-hw-mul\libc.a(lib_a-__call_atexit.o)
                0x00002a2c                __call_exitprocs
 .text          0x00002bdc       0x60 ../module_1_bsp/\libhal_bsp.a(alt_exit.o)
                0x00002c1c                _exit
 *(.gnu.warning.*)
 *(.fini)
                0x00002c3c                PROVIDE (__etext, ABSOLUTE (.))
                0x00002c3c                PROVIDE (_etext, ABSOLUTE (.))
                0x00002c3c                PROVIDE (etext, ABSOLUTE (.))
 *(.eh_frame_hdr)
                0x00002c3c                . = ALIGN (0x4)
                0x00002c3c                PROVIDE (__preinit_array_start, ABSOLUTE (.))
 *(.preinit_array)
                0x00002c3c                PROVIDE (__preinit_array_end, ABSOLUTE (.))
                0x00002c3c                PROVIDE (__init_array_start, ABSOLUTE (.))
 *(.init_array)
                0x00002c3c                PROVIDE (__init_array_end, ABSOLUTE (.))
                0x00002c3c                PROVIDE (__fini_array_start, ABSOLUTE (.))
 *(.fini_array)
                0x00002c3c                PROVIDE (__fini_array_end, ABSOLUTE (.))
 *(.eh_frame)
 *(.gcc_except_table)
 *(.dynamic)
                0x00002c3c                PROVIDE (__CTOR_LIST__, ABSOLUTE (.))
 *(.ctors)
 *(SORT(.ctors.*))
 .ctors.65535   0x00002c3c        0x4 c:/altera/13.0sp1/nios2eds/bin/gnu/h-i686-mingw32/bin/../lib/gcc/nios2-elf/4.1.2/../../../../nios2-elf/lib/mno-hw-mul\libc.a(lib_a-__call_atexit.o)
                0x00002c40                PROVIDE (__CTOR_END__, ABSOLUTE (.))
                0x00002c40                PROVIDE (__DTOR_LIST__, ABSOLUTE (.))
 *(.dtors)
 *(SORT(.dtors.*))
                0x00002c40                PROVIDE (__DTOR_END__, ABSOLUTE (.))
 *(.jcr)
                0x00002c40                . = ALIGN (0x4)

.rodata         0x00002c40       0x88
                0x00002c40                PROVIDE (__ram_rodata_start, ABSOLUTE (.))
                0x00002c40                . = ALIGN (0x4)
 *(.rodata .rodata.* .gnu.linkonce.r.*)
 .rodata        0x00002c40       0x18 obj/default/exercise5.o
 .rodata.str1.4
                0x00002c58        0x4 c:/altera/13.0sp1/nios2eds/bin/gnu/h-i686-mingw32/bin/../lib/gcc/nios2-elf/4.1.2/../../../../nios2-elf/lib/mno-hw-mul\libc.a(lib_a-impure.o)
 .rodata        0x00002c5c       0x44 ../module_1_bsp/\libhal_bsp.a(alt_sys_init.o)
 .rodata        0x00002ca0       0x1c ../module_1_bsp/\libhal_bsp.a(altera_up_avalon_video_character_buffer_with_dma.o)
 .rodata        0x00002cbc        0xc ../module_1_bsp/\libhal_bsp.a(alt_dev.o)
 *(.rodata1)
                0x00002cc8                . = ALIGN (0x4)
                0x00002cc8                PROVIDE (__ram_rodata_end, ABSOLUTE (.))
                0x00002c40                PROVIDE (__flash_rodata_start, LOADADDR (.rodata))

.rwdata         0x00002cc8      0x664 load address 0x0000332c
                0x00002cc8                PROVIDE (__ram_rwdata_start, ABSOLUTE (.))
                0x00002cc8                . = ALIGN (0x4)
 *(.got.plt)
 *(.got)
 *(.data1)
 *(.data .data.* .gnu.linkonce.d.*)
 .data          0x00002cc8        0x0 ../module_1_bsp//obj/HAL/src/crt0.o
 .data          0x00002cc8        0x0 obj/default/exercise5.o
 .data          0x00002cc8        0x0 c:/altera/13.0sp1/nios2eds/bin/gnu/h-i686-mingw32/bin/../lib/gcc/nios2-elf/4.1.2/mno-hw-mul\libgcc.a(lib2-divmod.o)
 .data          0x00002cc8        0x0 c:/altera/13.0sp1/nios2eds/bin/gnu/h-i686-mingw32/bin/../lib/gcc/nios2-elf/4.1.2/../../../../nios2-elf/lib/mno-hw-mul\libc.a(lib_a-rand.o)
 .data          0x00002cc8      0x400 c:/altera/13.0sp1/nios2eds/bin/gnu/h-i686-mingw32/bin/../lib/gcc/nios2-elf/4.1.2/../../../../nios2-elf/lib/mno-hw-mul\libc.a(lib_a-impure.o)
 .data          0x000030c8        0x0 c:/altera/13.0sp1/nios2eds/bin/gnu/h-i686-mingw32/bin/../lib/gcc/nios2-elf/4.1.2/mno-hw-mul\libgcc.a(_muldi3.o)
 .data          0x000030c8        0x0 c:/altera/13.0sp1/nios2eds/bin/gnu/h-i686-mingw32/bin/../lib/gcc/nios2-elf/4.1.2/mno-hw-mul\libgcc.a(lib2-mul.o)
 .data          0x000030c8        0x0 ../module_1_bsp/\libhal_bsp.a(alt_load.o)
 .data          0x000030c8        0x0 ../module_1_bsp/\libhal_bsp.a(alt_main.o)
 .data          0x000030c8       0x9c ../module_1_bsp/\libhal_bsp.a(alt_sys_init.o)
 .data          0x00003164        0x0 ../module_1_bsp/\libhal_bsp.a(altera_up_avalon_video_character_buffer_with_dma.o)
 .data          0x00003164        0x0 ../module_1_bsp/\libhal_bsp.a(altera_up_avalon_video_pixel_buffer_dma.o)
 .data          0x00003164        0x0 ../module_1_bsp/\libhal_bsp.a(alt_close.o)
 .data          0x00003164        0x0 ../module_1_bsp/\libhal_bsp.a(alt_dcache_flush_all.o)
 .data          0x00003164      0x1a8 ../module_1_bsp/\libhal_bsp.a(alt_dev.o)
                0x00003164                alt_dev_null
                0x0000318c                alt_fd_list
 .data          0x0000330c        0x0 ../module_1_bsp/\libhal_bsp.a(alt_dev_llist_insert.o)
 .data          0x0000330c        0x0 ../module_1_bsp/\libhal_bsp.a(alt_do_ctors.o)
 .data          0x0000330c        0x0 ../module_1_bsp/\libhal_bsp.a(alt_do_dtors.o)
 .data          0x0000330c        0x0 ../module_1_bsp/\libhal_bsp.a(alt_errno.o)
 .data          0x0000330c        0x0 ../module_1_bsp/\libhal_bsp.a(alt_find_dev.o)
 .data          0x0000330c        0x0 ../module_1_bsp/\libhal_bsp.a(alt_icache_flush_all.o)
 .data          0x0000330c        0x0 ../module_1_bsp/\libhal_bsp.a(alt_release_fd.o)
 .data          0x0000330c        0x0 ../module_1_bsp/\libhal_bsp.a(altera_nios2_qsys_irq.o)
 .data          0x0000330c        0x0 c:/altera/13.0sp1/nios2eds/bin/gnu/h-i686-mingw32/bin/../lib/gcc/nios2-elf/4.1.2/../../../../nios2-elf/lib/mno-hw-mul\libc.a(lib_a-atexit.o)
 .data          0x0000330c        0x0 c:/altera/13.0sp1/nios2eds/bin/gnu/h-i686-mingw32/bin/../lib/gcc/nios2-elf/4.1.2/../../../../nios2-elf/lib/mno-hw-mul\libc.a(lib_a-exit.o)
 .data          0x0000330c        0x0 c:/altera/13.0sp1/nios2eds/bin/gnu/h-i686-mingw32/bin/../lib/gcc/nios2-elf/4.1.2/../../../../nios2-elf/lib/mno-hw-mul\libc.a(lib_a-int_errno.o)
 .data          0x0000330c        0x0 c:/altera/13.0sp1/nios2eds/bin/gnu/h-i686-mingw32/bin/../lib/gcc/nios2-elf/4.1.2/../../../../nios2-elf/lib/mno-hw-mul\libc.a(lib_a-memcmp.o)
 .data          0x0000330c        0x0 c:/altera/13.0sp1/nios2eds/bin/gnu/h-i686-mingw32/bin/../lib/gcc/nios2-elf/4.1.2/../../../../nios2-elf/lib/mno-hw-mul\libc.a(lib_a-strcmp.o)
 .data          0x0000330c        0x0 c:/altera/13.0sp1/nios2eds/bin/gnu/h-i686-mingw32/bin/../lib/gcc/nios2-elf/4.1.2/../../../../nios2-elf/lib/mno-hw-mul\libc.a(lib_a-strlen.o)
 .data          0x0000330c        0x0 c:/altera/13.0sp1/nios2eds/bin/gnu/h-i686-mingw32/bin/../lib/gcc/nios2-elf/4.1.2/../../../../nios2-elf/lib/mno-hw-mul\libc.a(lib_a-__atexit.o)
 .data          0x0000330c        0x0 c:/altera/13.0sp1/nios2eds/bin/gnu/h-i686-mingw32/bin/../lib/gcc/nios2-elf/4.1.2/../../../../nios2-elf/lib/mno-hw-mul\libc.a(lib_a-__call_atexit.o)
 .data          0x0000330c        0x0 ../module_1_bsp/\libhal_bsp.a(alt_exit.o)
                0x0000b30c                _gp = ABSOLUTE ((. + 0x8000))
                0x0000b30c                PROVIDE (gp, _gp)
 *(.rwdata .rwdata.*)
 *(.sdata .sdata.* .gnu.linkonce.s.*)
 .sdata         0x0000330c        0x8 c:/altera/13.0sp1/nios2eds/bin/gnu/h-i686-mingw32/bin/../lib/gcc/nios2-elf/4.1.2/../../../../nios2-elf/lib/mno-hw-mul\libc.a(lib_a-impure.o)
                0x0000330c                _impure_ptr
                0x00003310                _global_impure_ptr
 .sdata         0x00003314       0x14 ../module_1_bsp/\libhal_bsp.a(alt_dev.o)
                0x00003314                alt_fs_list
                0x0000331c                alt_dev_list
                0x00003324                alt_max_fd
 .sdata         0x00003328        0x4 ../module_1_bsp/\libhal_bsp.a(alt_errno.o)
                0x00003328                alt_errno
 *(.sdata2 .sdata2.* .gnu.linkonce.s2.*)
                0x0000332c                . = ALIGN (0x4)
                0x0000332c                _edata = ABSOLUTE (.)
                0x0000332c                PROVIDE (edata, ABSOLUTE (.))
                0x0000332c                PROVIDE (__ram_rwdata_end, ABSOLUTE (.))
                0x0000332c                PROVIDE (__flash_rwdata_start, LOADADDR (.rwdata))

.bss            0x00003990      0x1a0
                0x00003990                __bss_start = ABSOLUTE (.)
                0x00003990                PROVIDE (__sbss_start, ABSOLUTE (.))
                0x00003990                PROVIDE (___sbss_start, ABSOLUTE (.))
 *(.dynsbss)
 *(.sbss .sbss.* .gnu.linkonce.sb.*)
 .sbss          0x00003990        0xc ../module_1_bsp/\libhal_bsp.a(alt_main.o)
                0x00003990                alt_argc
                0x00003994                alt_argv
                0x00003998                alt_envp
 .sbss          0x0000399c        0x4 c:/altera/13.0sp1/nios2eds/bin/gnu/h-i686-mingw32/bin/../lib/gcc/nios2-elf/4.1.2/../../../../nios2-elf/lib/mno-hw-mul\libc.a(lib_a-int_errno.o)
                0x0000399c                errno
 *(.sbss2 .sbss2.* .gnu.linkonce.sb2.*)
 *(.scommon)
                0x000039a0                PROVIDE (__sbss_end, ABSOLUTE (.))
                0x000039a0                PROVIDE (___sbss_end, ABSOLUTE (.))
 *(.dynbss)
 *(.bss .bss.* .gnu.linkonce.b.*)
 .bss           0x000039a0        0x0 ../module_1_bsp//obj/HAL/src/crt0.o
 .bss           0x000039a0        0x0 obj/default/exercise5.o
 .bss           0x000039a0        0x0 c:/altera/13.0sp1/nios2eds/bin/gnu/h-i686-mingw32/bin/../lib/gcc/nios2-elf/4.1.2/mno-hw-mul\libgcc.a(lib2-divmod.o)
 .bss           0x000039a0        0x0 c:/altera/13.0sp1/nios2eds/bin/gnu/h-i686-mingw32/bin/../lib/gcc/nios2-elf/4.1.2/../../../../nios2-elf/lib/mno-hw-mul\libc.a(lib_a-rand.o)
 .bss           0x000039a0        0x0 c:/altera/13.0sp1/nios2eds/bin/gnu/h-i686-mingw32/bin/../lib/gcc/nios2-elf/4.1.2/../../../../nios2-elf/lib/mno-hw-mul\libc.a(lib_a-impure.o)
 .bss           0x000039a0        0x0 c:/altera/13.0sp1/nios2eds/bin/gnu/h-i686-mingw32/bin/../lib/gcc/nios2-elf/4.1.2/mno-hw-mul\libgcc.a(_muldi3.o)
 .bss           0x000039a0        0x0 c:/altera/13.0sp1/nios2eds/bin/gnu/h-i686-mingw32/bin/../lib/gcc/nios2-elf/4.1.2/mno-hw-mul\libgcc.a(lib2-mul.o)
 .bss           0x000039a0        0x0 ../module_1_bsp/\libhal_bsp.a(alt_load.o)
 .bss           0x000039a0        0x0 ../module_1_bsp/\libhal_bsp.a(alt_main.o)
 .bss           0x000039a0        0x0 ../module_1_bsp/\libhal_bsp.a(alt_sys_init.o)
 .bss           0x000039a0        0x0 ../module_1_bsp/\libhal_bsp.a(altera_up_avalon_video_character_buffer_with_dma.o)
 .bss           0x000039a0        0x0 ../module_1_bsp/\libhal_bsp.a(altera_up_avalon_video_pixel_buffer_dma.o)
 .bss           0x000039a0        0x0 ../module_1_bsp/\libhal_bsp.a(alt_close.o)
 .bss           0x000039a0        0x0 ../module_1_bsp/\libhal_bsp.a(alt_dcache_flush_all.o)
 .bss           0x000039a0        0x0 ../module_1_bsp/\libhal_bsp.a(alt_dev.o)
 .bss           0x000039a0        0x0 ../module_1_bsp/\libhal_bsp.a(alt_dev_llist_insert.o)
 .bss           0x000039a0        0x0 ../module_1_bsp/\libhal_bsp.a(alt_do_ctors.o)
 .bss           0x000039a0        0x0 ../module_1_bsp/\libhal_bsp.a(alt_do_dtors.o)
 .bss           0x000039a0        0x0 ../module_1_bsp/\libhal_bsp.a(alt_errno.o)
 .bss           0x000039a0        0x0 ../module_1_bsp/\libhal_bsp.a(alt_find_dev.o)
 .bss           0x000039a0        0x0 ../module_1_bsp/\libhal_bsp.a(alt_icache_flush_all.o)
 .bss           0x000039a0        0x0 ../module_1_bsp/\libhal_bsp.a(alt_release_fd.o)
 .bss           0x000039a0        0x0 ../module_1_bsp/\libhal_bsp.a(altera_nios2_qsys_irq.o)
 .bss           0x000039a0        0x0 c:/altera/13.0sp1/nios2eds/bin/gnu/h-i686-mingw32/bin/../lib/gcc/nios2-elf/4.1.2/../../../../nios2-elf/lib/mno-hw-mul\libc.a(lib_a-atexit.o)
 .bss           0x000039a0        0x0 c:/altera/13.0sp1/nios2eds/bin/gnu/h-i686-mingw32/bin/../lib/gcc/nios2-elf/4.1.2/../../../../nios2-elf/lib/mno-hw-mul\libc.a(lib_a-exit.o)
 .bss           0x000039a0        0x0 c:/altera/13.0sp1/nios2eds/bin/gnu/h-i686-mingw32/bin/../lib/gcc/nios2-elf/4.1.2/../../../../nios2-elf/lib/mno-hw-mul\libc.a(lib_a-int_errno.o)
 .bss           0x000039a0        0x0 c:/altera/13.0sp1/nios2eds/bin/gnu/h-i686-mingw32/bin/../lib/gcc/nios2-elf/4.1.2/../../../../nios2-elf/lib/mno-hw-mul\libc.a(lib_a-memcmp.o)
 .bss           0x000039a0        0x0 c:/altera/13.0sp1/nios2eds/bin/gnu/h-i686-mingw32/bin/../lib/gcc/nios2-elf/4.1.2/../../../../nios2-elf/lib/mno-hw-mul\libc.a(lib_a-strcmp.o)
 .bss           0x000039a0        0x0 c:/altera/13.0sp1/nios2eds/bin/gnu/h-i686-mingw32/bin/../lib/gcc/nios2-elf/4.1.2/../../../../nios2-elf/lib/mno-hw-mul\libc.a(lib_a-strlen.o)
 .bss           0x000039a0        0x0 c:/altera/13.0sp1/nios2eds/bin/gnu/h-i686-mingw32/bin/../lib/gcc/nios2-elf/4.1.2/../../../../nios2-elf/lib/mno-hw-mul\libc.a(lib_a-__atexit.o)
 .bss           0x000039a0        0x0 c:/altera/13.0sp1/nios2eds/bin/gnu/h-i686-mingw32/bin/../lib/gcc/nios2-elf/4.1.2/../../../../nios2-elf/lib/mno-hw-mul\libc.a(lib_a-__call_atexit.o)
 .bss           0x000039a0        0x0 ../module_1_bsp/\libhal_bsp.a(alt_exit.o)
 *(COMMON)
 COMMON         0x000039a0      0x190 c:/altera/13.0sp1/nios2eds/bin/gnu/h-i686-mingw32/bin/../lib/gcc/nios2-elf/4.1.2/../../../../nios2-elf/lib/mno-hw-mul\libc.a(lib_a-atexit.o)
                0x000039a0                _atexit0
                0x00003b30                . = ALIGN (0x4)
                0x00003b30                __bss_end = ABSOLUTE (.)

.onchip_memory2_0
                0x00003b30        0x0
                0x00003b30                PROVIDE (_alt_partition_onchip_memory2_0_start, ABSOLUTE (.))
 *(.onchip_memory2_0. onchip_memory2_0.*)
                0x00003b30                . = ALIGN (0x4)
                0x00003b30                PROVIDE (_alt_partition_onchip_memory2_0_end, ABSOLUTE (.))
                0x00003b30                _end = ABSOLUTE (.)
                0x00003b30                end = ABSOLUTE (.)
                0x00003b30                __alt_stack_base = ABSOLUTE (.)
                0x00003b30                PROVIDE (_alt_partition_onchip_memory2_0_load_addr, LOADADDR (.onchip_memory2_0))

.sdram          0x01000000        0x0 load address 0x00003b30
                0x01000000                PROVIDE (_alt_partition_sdram_start, ABSOLUTE (.))
 *(.sdram. sdram.*)
                0x01000000                . = ALIGN (0x4)
                0x01000000                PROVIDE (_alt_partition_sdram_end, ABSOLUTE (.))
                0x00003b30                PROVIDE (_alt_partition_sdram_load_addr, LOADADDR (.sdram))

.stab
 *(.stab)

.stabstr
 *(.stabstr)

.stab.excl
 *(.stab.excl)

.stab.exclstr
 *(.stab.exclstr)

.stab.index
 *(.stab.index)

.stab.indexstr
 *(.stab.indexstr)

.comment        0x00000000       0x26
 *(.comment)
 .comment       0x00000000       0x26 obj/default/exercise5.o
                                 0x27 (size before relaxing)
 .comment       0x00000000       0x27 c:/altera/13.0sp1/nios2eds/bin/gnu/h-i686-mingw32/bin/../lib/gcc/nios2-elf/4.1.2/mno-hw-mul\libgcc.a(lib2-divmod.o)
 .comment       0x00000000       0x27 c:/altera/13.0sp1/nios2eds/bin/gnu/h-i686-mingw32/bin/../lib/gcc/nios2-elf/4.1.2/../../../../nios2-elf/lib/mno-hw-mul\libc.a(lib_a-rand.o)
 .comment       0x00000000       0x27 c:/altera/13.0sp1/nios2eds/bin/gnu/h-i686-mingw32/bin/../lib/gcc/nios2-elf/4.1.2/../../../../nios2-elf/lib/mno-hw-mul\libc.a(lib_a-impure.o)
 .comment       0x00000000       0x27 c:/altera/13.0sp1/nios2eds/bin/gnu/h-i686-mingw32/bin/../lib/gcc/nios2-elf/4.1.2/mno-hw-mul\libgcc.a(_muldi3.o)
 .comment       0x00000000       0x27 c:/altera/13.0sp1/nios2eds/bin/gnu/h-i686-mingw32/bin/../lib/gcc/nios2-elf/4.1.2/mno-hw-mul\libgcc.a(lib2-mul.o)
 .comment       0x00000000       0x27 ../module_1_bsp/\libhal_bsp.a(alt_load.o)
 .comment       0x00000000       0x27 ../module_1_bsp/\libhal_bsp.a(alt_main.o)
 .comment       0x00000000       0x27 ../module_1_bsp/\libhal_bsp.a(alt_sys_init.o)
 .comment       0x00000000       0x27 ../module_1_bsp/\libhal_bsp.a(altera_up_avalon_video_character_buffer_with_dma.o)
 .comment       0x00000000       0x27 ../module_1_bsp/\libhal_bsp.a(altera_up_avalon_video_pixel_buffer_dma.o)
 .comment       0x00000000       0x27 ../module_1_bsp/\libhal_bsp.a(alt_close.o)
 .comment       0x00000000       0x27 ../module_1_bsp/\libhal_bsp.a(alt_dcache_flush_all.o)
 .comment       0x00000000       0x27 ../module_1_bsp/\libhal_bsp.a(alt_dev.o)
 .comment       0x00000000       0x27 ../module_1_bsp/\libhal_bsp.a(alt_dev_llist_insert.o)
 .comment       0x00000000       0x27 ../module_1_bsp/\libhal_bsp.a(alt_do_ctors.o)
 .comment       0x00000000       0x27 ../module_1_bsp/\libhal_bsp.a(alt_do_dtors.o)
 .comment       0x00000000       0x27 ../module_1_bsp/\libhal_bsp.a(alt_errno.o)
 .comment       0x00000000       0x27 ../module_1_bsp/\libhal_bsp.a(alt_find_dev.o)
 .comment       0x00000000       0x27 ../module_1_bsp/\libhal_bsp.a(alt_icache_flush_all.o)
 .comment       0x00000000       0x27 ../module_1_bsp/\libhal_bsp.a(alt_release_fd.o)
 .comment       0x00000000       0x27 ../module_1_bsp/\libhal_bsp.a(altera_nios2_qsys_irq.o)
 .comment       0x00000000       0x27 c:/altera/13.0sp1/nios2eds/bin/gnu/h-i686-mingw32/bin/../lib/gcc/nios2-elf/4.1.2/../../../../nios2-elf/lib/mno-hw-mul\libc.a(lib_a-atexit.o)
 .comment       0x00000000       0x27 c:/altera/13.0sp1/nios2eds/bin/gnu/h-i686-mingw32/bin/../lib/gcc/nios2-elf/4.1.2/../../../../nios2-elf/lib/mno-hw-mul\libc.a(lib_a-exit.o)
 .comment       0x00000000       0x27 c:/altera/13.0sp1/nios2eds/bin/gnu/h-i686-mingw32/bin/../lib/gcc/nios2-elf/4.1.2/../../../../nios2-elf/lib/mno-hw-mul\libc.a(lib_a-int_errno.o)
 .comment       0x00000000       0x27 c:/altera/13.0sp1/nios2eds/bin/gnu/h-i686-mingw32/bin/../lib/gcc/nios2-elf/4.1.2/../../../../nios2-elf/lib/mno-hw-mul\libc.a(lib_a-memcmp.o)
 .comment       0x00000000       0x27 c:/altera/13.0sp1/nios2eds/bin/gnu/h-i686-mingw32/bin/../lib/gcc/nios2-elf/4.1.2/../../../../nios2-elf/lib/mno-hw-mul\libc.a(lib_a-strcmp.o)
 .comment       0x00000000       0x27 c:/altera/13.0sp1/nios2eds/bin/gnu/h-i686-mingw32/bin/../lib/gcc/nios2-elf/4.1.2/../../../../nios2-elf/lib/mno-hw-mul\libc.a(lib_a-strlen.o)
 .comment       0x00000000       0x27 c:/altera/13.0sp1/nios2eds/bin/gnu/h-i686-mingw32/bin/../lib/gcc/nios2-elf/4.1.2/../../../../nios2-elf/lib/mno-hw-mul\libc.a(lib_a-__atexit.o)
 .comment       0x00000000       0x27 c:/altera/13.0sp1/nios2eds/bin/gnu/h-i686-mingw32/bin/../lib/gcc/nios2-elf/4.1.2/../../../../nios2-elf/lib/mno-hw-mul\libc.a(lib_a-__call_atexit.o)
 .comment       0x00000000       0x27 ../module_1_bsp/\libhal_bsp.a(alt_exit.o)

.debug
 *(.debug)

.line
 *(.line)

.debug_srcinfo
 *(.debug_srcinfo)

.debug_sfnames
 *(.debug_sfnames)

.debug_aranges  0x00000000      0x3a8
 *(.debug_aranges)
 .debug_aranges
                0x00000000       0x28 ../module_1_bsp//obj/HAL/src/crt0.o
 .debug_aranges
                0x00000028       0x20 obj/default/exercise5.o
 .debug_aranges
                0x00000048       0x20 c:/altera/13.0sp1/nios2eds/bin/gnu/h-i686-mingw32/bin/../lib/gcc/nios2-elf/4.1.2/mno-hw-mul\libgcc.a(lib2-divmod.o)
 .debug_aranges
                0x00000068       0x20 c:/altera/13.0sp1/nios2eds/bin/gnu/h-i686-mingw32/bin/../lib/gcc/nios2-elf/4.1.2/../../../../nios2-elf/lib/mno-hw-mul\libc.a(lib_a-rand.o)
 .debug_aranges
                0x00000088       0x20 c:/altera/13.0sp1/nios2eds/bin/gnu/h-i686-mingw32/bin/../lib/gcc/nios2-elf/4.1.2/mno-hw-mul\libgcc.a(_muldi3.o)
 .debug_aranges
                0x000000a8       0x20 c:/altera/13.0sp1/nios2eds/bin/gnu/h-i686-mingw32/bin/../lib/gcc/nios2-elf/4.1.2/mno-hw-mul\libgcc.a(lib2-mul.o)
 .debug_aranges
                0x000000c8       0x20 ../module_1_bsp/\libhal_bsp.a(alt_load.o)
 .debug_aranges
                0x000000e8       0x20 ../module_1_bsp/\libhal_bsp.a(alt_main.o)
 .debug_aranges
                0x00000108       0x20 ../module_1_bsp/\libhal_bsp.a(alt_sys_init.o)
 .debug_aranges
                0x00000128       0x20 ../module_1_bsp/\libhal_bsp.a(altera_up_avalon_video_character_buffer_with_dma.o)
 .debug_aranges
                0x00000148       0x20 ../module_1_bsp/\libhal_bsp.a(altera_up_avalon_video_pixel_buffer_dma.o)
 .debug_aranges
                0x00000168       0x20 ../module_1_bsp/\libhal_bsp.a(alt_close.o)
 .debug_aranges
                0x00000188       0x20 ../module_1_bsp/\libhal_bsp.a(alt_dcache_flush_all.o)
 .debug_aranges
                0x000001a8       0x20 ../module_1_bsp/\libhal_bsp.a(alt_dev.o)
 .debug_aranges
                0x000001c8       0x20 ../module_1_bsp/\libhal_bsp.a(alt_dev_llist_insert.o)
 .debug_aranges
                0x000001e8       0x20 ../module_1_bsp/\libhal_bsp.a(alt_do_ctors.o)
 .debug_aranges
                0x00000208       0x20 ../module_1_bsp/\libhal_bsp.a(alt_do_dtors.o)
 .debug_aranges
                0x00000228       0x20 ../module_1_bsp/\libhal_bsp.a(alt_find_dev.o)
 .debug_aranges
                0x00000248       0x20 ../module_1_bsp/\libhal_bsp.a(alt_icache_flush_all.o)
 .debug_aranges
                0x00000268       0x20 ../module_1_bsp/\libhal_bsp.a(alt_release_fd.o)
 .debug_aranges
                0x00000288       0x20 ../module_1_bsp/\libhal_bsp.a(altera_nios2_qsys_irq.o)
 .debug_aranges
                0x000002a8       0x20 c:/altera/13.0sp1/nios2eds/bin/gnu/h-i686-mingw32/bin/../lib/gcc/nios2-elf/4.1.2/../../../../nios2-elf/lib/mno-hw-mul\libc.a(lib_a-atexit.o)
 .debug_aranges
                0x000002c8       0x20 c:/altera/13.0sp1/nios2eds/bin/gnu/h-i686-mingw32/bin/../lib/gcc/nios2-elf/4.1.2/../../../../nios2-elf/lib/mno-hw-mul\libc.a(lib_a-exit.o)
 .debug_aranges
                0x000002e8       0x20 c:/altera/13.0sp1/nios2eds/bin/gnu/h-i686-mingw32/bin/../lib/gcc/nios2-elf/4.1.2/../../../../nios2-elf/lib/mno-hw-mul\libc.a(lib_a-memcmp.o)
 .debug_aranges
                0x00000308       0x20 c:/altera/13.0sp1/nios2eds/bin/gnu/h-i686-mingw32/bin/../lib/gcc/nios2-elf/4.1.2/../../../../nios2-elf/lib/mno-hw-mul\libc.a(lib_a-strcmp.o)
 .debug_aranges
                0x00000328       0x20 c:/altera/13.0sp1/nios2eds/bin/gnu/h-i686-mingw32/bin/../lib/gcc/nios2-elf/4.1.2/../../../../nios2-elf/lib/mno-hw-mul\libc.a(lib_a-strlen.o)
 .debug_aranges
                0x00000348       0x20 c:/altera/13.0sp1/nios2eds/bin/gnu/h-i686-mingw32/bin/../lib/gcc/nios2-elf/4.1.2/../../../../nios2-elf/lib/mno-hw-mul\libc.a(lib_a-__atexit.o)
 .debug_aranges
                0x00000368       0x20 c:/altera/13.0sp1/nios2eds/bin/gnu/h-i686-mingw32/bin/../lib/gcc/nios2-elf/4.1.2/../../../../nios2-elf/lib/mno-hw-mul\libc.a(lib_a-__call_atexit.o)
 .debug_aranges
                0x00000388       0x20 ../module_1_bsp/\libhal_bsp.a(alt_exit.o)

.debug_pubnames
                0x00000000      0x72c
 *(.debug_pubnames)
 .debug_pubnames
                0x00000000       0x1b obj/default/exercise5.o
 .debug_pubnames
                0x0000001b       0x48 c:/altera/13.0sp1/nios2eds/bin/gnu/h-i686-mingw32/bin/../lib/gcc/nios2-elf/4.1.2/mno-hw-mul\libgcc.a(lib2-divmod.o)
 .debug_pubnames
                0x00000063       0x25 c:/altera/13.0sp1/nios2eds/bin/gnu/h-i686-mingw32/bin/../lib/gcc/nios2-elf/4.1.2/../../../../nios2-elf/lib/mno-hw-mul\libc.a(lib_a-rand.o)
 .debug_pubnames
                0x00000088       0x39 c:/altera/13.0sp1/nios2eds/bin/gnu/h-i686-mingw32/bin/../lib/gcc/nios2-elf/4.1.2/../../../../nios2-elf/lib/mno-hw-mul\libc.a(lib_a-impure.o)
 .debug_pubnames
                0x000000c1       0x1f c:/altera/13.0sp1/nios2eds/bin/gnu/h-i686-mingw32/bin/../lib/gcc/nios2-elf/4.1.2/mno-hw-mul\libgcc.a(_muldi3.o)
 .debug_pubnames
                0x000000e0       0x1f c:/altera/13.0sp1/nios2eds/bin/gnu/h-i686-mingw32/bin/../lib/gcc/nios2-elf/4.1.2/mno-hw-mul\libgcc.a(lib2-mul.o)
 .debug_pubnames
                0x000000ff       0x1f ../module_1_bsp/\libhal_bsp.a(alt_load.o)
 .debug_pubnames
                0x0000011e       0x46 ../module_1_bsp/\libhal_bsp.a(alt_main.o)
 .debug_pubnames
                0x00000164       0x34 ../module_1_bsp/\libhal_bsp.a(alt_sys_init.o)
 .debug_pubnames
                0x00000198       0xa5 ../module_1_bsp/\libhal_bsp.a(altera_up_avalon_video_character_buffer_with_dma.o)
 .debug_pubnames
                0x0000023d      0x1f1 ../module_1_bsp/\libhal_bsp.a(altera_up_avalon_video_pixel_buffer_dma.o)
 .debug_pubnames
                0x0000042e       0x1c ../module_1_bsp/\libhal_bsp.a(alt_close.o)
 .debug_pubnames
                0x0000044a       0x2b ../module_1_bsp/\libhal_bsp.a(alt_dcache_flush_all.o)
 .debug_pubnames
                0x00000475       0x63 ../module_1_bsp/\libhal_bsp.a(alt_dev.o)
 .debug_pubnames
                0x000004d8       0x2b ../module_1_bsp/\libhal_bsp.a(alt_dev_llist_insert.o)
 .debug_pubnames
                0x00000503       0x20 ../module_1_bsp/\libhal_bsp.a(alt_do_ctors.o)
 .debug_pubnames
                0x00000523       0x20 ../module_1_bsp/\libhal_bsp.a(alt_do_dtors.o)
 .debug_pubnames
                0x00000543       0x20 ../module_1_bsp/\libhal_bsp.a(alt_errno.o)
 .debug_pubnames
                0x00000563       0x23 ../module_1_bsp/\libhal_bsp.a(alt_find_dev.o)
 .debug_pubnames
                0x00000586       0x2b ../module_1_bsp/\libhal_bsp.a(alt_icache_flush_all.o)
 .debug_pubnames
                0x000005b1       0x25 ../module_1_bsp/\libhal_bsp.a(alt_release_fd.o)
 .debug_pubnames
                0x000005d6       0x31 ../module_1_bsp/\libhal_bsp.a(altera_nios2_qsys_irq.o)
 .debug_pubnames
                0x00000607       0x2a c:/altera/13.0sp1/nios2eds/bin/gnu/h-i686-mingw32/bin/../lib/gcc/nios2-elf/4.1.2/../../../../nios2-elf/lib/mno-hw-mul\libc.a(lib_a-atexit.o)
 .debug_pubnames
                0x00000631       0x1b c:/altera/13.0sp1/nios2eds/bin/gnu/h-i686-mingw32/bin/../lib/gcc/nios2-elf/4.1.2/../../../../nios2-elf/lib/mno-hw-mul\libc.a(lib_a-exit.o)
 .debug_pubnames
                0x0000064c       0x1c c:/altera/13.0sp1/nios2eds/bin/gnu/h-i686-mingw32/bin/../lib/gcc/nios2-elf/4.1.2/../../../../nios2-elf/lib/mno-hw-mul\libc.a(lib_a-int_errno.o)
 .debug_pubnames
                0x00000668       0x1d c:/altera/13.0sp1/nios2eds/bin/gnu/h-i686-mingw32/bin/../lib/gcc/nios2-elf/4.1.2/../../../../nios2-elf/lib/mno-hw-mul\libc.a(lib_a-memcmp.o)
 .debug_pubnames
                0x00000685       0x1d c:/altera/13.0sp1/nios2eds/bin/gnu/h-i686-mingw32/bin/../lib/gcc/nios2-elf/4.1.2/../../../../nios2-elf/lib/mno-hw-mul\libc.a(lib_a-strcmp.o)
 .debug_pubnames
                0x000006a2       0x1d c:/altera/13.0sp1/nios2eds/bin/gnu/h-i686-mingw32/bin/../lib/gcc/nios2-elf/4.1.2/../../../../nios2-elf/lib/mno-hw-mul\libc.a(lib_a-strlen.o)
 .debug_pubnames
                0x000006bf       0x2a c:/altera/13.0sp1/nios2eds/bin/gnu/h-i686-mingw32/bin/../lib/gcc/nios2-elf/4.1.2/../../../../nios2-elf/lib/mno-hw-mul\libc.a(lib_a-__atexit.o)
 .debug_pubnames
                0x000006e9       0x27 c:/altera/13.0sp1/nios2eds/bin/gnu/h-i686-mingw32/bin/../lib/gcc/nios2-elf/4.1.2/../../../../nios2-elf/lib/mno-hw-mul\libc.a(lib_a-__call_atexit.o)
 .debug_pubnames
                0x00000710       0x1c ../module_1_bsp/\libhal_bsp.a(alt_exit.o)

.debug_info     0x00000000     0x7e6c
 *(.debug_info .gnu.linkonce.wi.*)
 .debug_info    0x00000000       0x6e ../module_1_bsp//obj/HAL/src/crt0.o
 .debug_info    0x0000006e      0x577 obj/default/exercise5.o
 .debug_info    0x000005e5      0x21c c:/altera/13.0sp1/nios2eds/bin/gnu/h-i686-mingw32/bin/../lib/gcc/nios2-elf/4.1.2/mno-hw-mul\libgcc.a(lib2-divmod.o)
 .debug_info    0x00000801      0x951 c:/altera/13.0sp1/nios2eds/bin/gnu/h-i686-mingw32/bin/../lib/gcc/nios2-elf/4.1.2/../../../../nios2-elf/lib/mno-hw-mul\libc.a(lib_a-rand.o)
 .debug_info    0x00001152      0x93d c:/altera/13.0sp1/nios2eds/bin/gnu/h-i686-mingw32/bin/../lib/gcc/nios2-elf/4.1.2/../../../../nios2-elf/lib/mno-hw-mul\libc.a(lib_a-impure.o)
 .debug_info    0x00001a8f      0x210 c:/altera/13.0sp1/nios2eds/bin/gnu/h-i686-mingw32/bin/../lib/gcc/nios2-elf/4.1.2/mno-hw-mul\libgcc.a(_muldi3.o)
 .debug_info    0x00001c9f       0xf3 c:/altera/13.0sp1/nios2eds/bin/gnu/h-i686-mingw32/bin/../lib/gcc/nios2-elf/4.1.2/mno-hw-mul\libgcc.a(lib2-mul.o)
 .debug_info    0x00001d92      0x280 ../module_1_bsp/\libhal_bsp.a(alt_load.o)
 .debug_info    0x00002012      0x25f ../module_1_bsp/\libhal_bsp.a(alt_main.o)
 .debug_info    0x00002271      0x6a7 ../module_1_bsp/\libhal_bsp.a(alt_sys_init.o)
 .debug_info    0x00002918      0x685 ../module_1_bsp/\libhal_bsp.a(altera_up_avalon_video_character_buffer_with_dma.o)
 .debug_info    0x00002f9d      0xe72 ../module_1_bsp/\libhal_bsp.a(altera_up_avalon_video_pixel_buffer_dma.o)
 .debug_info    0x00003e0f      0x45a ../module_1_bsp/\libhal_bsp.a(alt_close.o)
 .debug_info    0x00004269      0x14f ../module_1_bsp/\libhal_bsp.a(alt_dcache_flush_all.o)
 .debug_info    0x000043b8      0x672 ../module_1_bsp/\libhal_bsp.a(alt_dev.o)
 .debug_info    0x00004a2a      0x2aa ../module_1_bsp/\libhal_bsp.a(alt_dev_llist_insert.o)
 .debug_info    0x00004cd4      0x102 ../module_1_bsp/\libhal_bsp.a(alt_do_ctors.o)
 .debug_info    0x00004dd6      0x101 ../module_1_bsp/\libhal_bsp.a(alt_do_dtors.o)
 .debug_info    0x00004ed7      0x157 ../module_1_bsp/\libhal_bsp.a(alt_errno.o)
 .debug_info    0x0000502e      0x40b ../module_1_bsp/\libhal_bsp.a(alt_find_dev.o)
 .debug_info    0x00005439      0x14f ../module_1_bsp/\libhal_bsp.a(alt_icache_flush_all.o)
 .debug_info    0x00005588      0x3e5 ../module_1_bsp/\libhal_bsp.a(alt_release_fd.o)
 .debug_info    0x0000596d      0x19d ../module_1_bsp/\libhal_bsp.a(altera_nios2_qsys_irq.o)
 .debug_info    0x00005b0a      0x181 c:/altera/13.0sp1/nios2eds/bin/gnu/h-i686-mingw32/bin/../lib/gcc/nios2-elf/4.1.2/../../../../nios2-elf/lib/mno-hw-mul\libc.a(lib_a-atexit.o)
 .debug_info    0x00005c8b      0x93f c:/altera/13.0sp1/nios2eds/bin/gnu/h-i686-mingw32/bin/../lib/gcc/nios2-elf/4.1.2/../../../../nios2-elf/lib/mno-hw-mul\libc.a(lib_a-exit.o)
 .debug_info    0x000065ca       0x8c c:/altera/13.0sp1/nios2eds/bin/gnu/h-i686-mingw32/bin/../lib/gcc/nios2-elf/4.1.2/../../../../nios2-elf/lib/mno-hw-mul\libc.a(lib_a-int_errno.o)
 .debug_info    0x00006656      0x115 c:/altera/13.0sp1/nios2eds/bin/gnu/h-i686-mingw32/bin/../lib/gcc/nios2-elf/4.1.2/../../../../nios2-elf/lib/mno-hw-mul\libc.a(lib_a-memcmp.o)
 .debug_info    0x0000676b       0xdd c:/altera/13.0sp1/nios2eds/bin/gnu/h-i686-mingw32/bin/../lib/gcc/nios2-elf/4.1.2/../../../../nios2-elf/lib/mno-hw-mul\libc.a(lib_a-strcmp.o)
 .debug_info    0x00006848       0xdb c:/altera/13.0sp1/nios2eds/bin/gnu/h-i686-mingw32/bin/../lib/gcc/nios2-elf/4.1.2/../../../../nios2-elf/lib/mno-hw-mul\libc.a(lib_a-strlen.o)
 .debug_info    0x00006923      0x99c c:/altera/13.0sp1/nios2eds/bin/gnu/h-i686-mingw32/bin/../lib/gcc/nios2-elf/4.1.2/../../../../nios2-elf/lib/mno-hw-mul\libc.a(lib_a-__atexit.o)
 .debug_info    0x000072bf      0x9e2 c:/altera/13.0sp1/nios2eds/bin/gnu/h-i686-mingw32/bin/../lib/gcc/nios2-elf/4.1.2/../../../../nios2-elf/lib/mno-hw-mul\libc.a(lib_a-__call_atexit.o)
 .debug_info    0x00007ca1      0x1cb ../module_1_bsp/\libhal_bsp.a(alt_exit.o)

.debug_abbrev   0x00000000     0x19d4
 *(.debug_abbrev)
 .debug_abbrev  0x00000000       0x12 ../module_1_bsp//obj/HAL/src/crt0.o
 .debug_abbrev  0x00000012       0xe3 obj/default/exercise5.o
 .debug_abbrev  0x000000f5       0xe0 c:/altera/13.0sp1/nios2eds/bin/gnu/h-i686-mingw32/bin/../lib/gcc/nios2-elf/4.1.2/mno-hw-mul\libgcc.a(lib2-divmod.o)
 .debug_abbrev  0x000001d5      0x185 c:/altera/13.0sp1/nios2eds/bin/gnu/h-i686-mingw32/bin/../lib/gcc/nios2-elf/4.1.2/../../../../nios2-elf/lib/mno-hw-mul\libc.a(lib_a-rand.o)
 .debug_abbrev  0x0000035a      0x157 c:/altera/13.0sp1/nios2eds/bin/gnu/h-i686-mingw32/bin/../lib/gcc/nios2-elf/4.1.2/../../../../nios2-elf/lib/mno-hw-mul\libc.a(lib_a-impure.o)
 .debug_abbrev  0x000004b1       0xfb c:/altera/13.0sp1/nios2eds/bin/gnu/h-i686-mingw32/bin/../lib/gcc/nios2-elf/4.1.2/mno-hw-mul\libgcc.a(_muldi3.o)
 .debug_abbrev  0x000005ac       0x7b c:/altera/13.0sp1/nios2eds/bin/gnu/h-i686-mingw32/bin/../lib/gcc/nios2-elf/4.1.2/mno-hw-mul\libgcc.a(lib2-mul.o)
 .debug_abbrev  0x00000627       0x88 ../module_1_bsp/\libhal_bsp.a(alt_load.o)
 .debug_abbrev  0x000006af       0xbe ../module_1_bsp/\libhal_bsp.a(alt_main.o)
 .debug_abbrev  0x0000076d      0x140 ../module_1_bsp/\libhal_bsp.a(alt_sys_init.o)
 .debug_abbrev  0x000008ad      0x111 ../module_1_bsp/\libhal_bsp.a(altera_up_avalon_video_character_buffer_with_dma.o)
 .debug_abbrev  0x000009be      0x196 ../module_1_bsp/\libhal_bsp.a(altera_up_avalon_video_pixel_buffer_dma.o)
 .debug_abbrev  0x00000b54       0xfb ../module_1_bsp/\libhal_bsp.a(alt_close.o)
 .debug_abbrev  0x00000c4f       0x3f ../module_1_bsp/\libhal_bsp.a(alt_dcache_flush_all.o)
 .debug_abbrev  0x00000c8e       0xc7 ../module_1_bsp/\libhal_bsp.a(alt_dev.o)
 .debug_abbrev  0x00000d55       0xf6 ../module_1_bsp/\libhal_bsp.a(alt_dev_llist_insert.o)
 .debug_abbrev  0x00000e4b       0x76 ../module_1_bsp/\libhal_bsp.a(alt_do_ctors.o)
 .debug_abbrev  0x00000ec1       0x76 ../module_1_bsp/\libhal_bsp.a(alt_do_dtors.o)
 .debug_abbrev  0x00000f37       0x5e ../module_1_bsp/\libhal_bsp.a(alt_errno.o)
 .debug_abbrev  0x00000f95       0xcf ../module_1_bsp/\libhal_bsp.a(alt_find_dev.o)
 .debug_abbrev  0x00001064       0x3f ../module_1_bsp/\libhal_bsp.a(alt_icache_flush_all.o)
 .debug_abbrev  0x000010a3       0xc1 ../module_1_bsp/\libhal_bsp.a(alt_release_fd.o)
 .debug_abbrev  0x00001164       0x64 ../module_1_bsp/\libhal_bsp.a(altera_nios2_qsys_irq.o)
 .debug_abbrev  0x000011c8       0xb7 c:/altera/13.0sp1/nios2eds/bin/gnu/h-i686-mingw32/bin/../lib/gcc/nios2-elf/4.1.2/../../../../nios2-elf/lib/mno-hw-mul\libc.a(lib_a-atexit.o)
 .debug_abbrev  0x0000127f      0x16e c:/altera/13.0sp1/nios2eds/bin/gnu/h-i686-mingw32/bin/../lib/gcc/nios2-elf/4.1.2/../../../../nios2-elf/lib/mno-hw-mul\libc.a(lib_a-exit.o)
 .debug_abbrev  0x000013ed       0x3b c:/altera/13.0sp1/nios2eds/bin/gnu/h-i686-mingw32/bin/../lib/gcc/nios2-elf/4.1.2/../../../../nios2-elf/lib/mno-hw-mul\libc.a(lib_a-int_errno.o)
 .debug_abbrev  0x00001428       0x7c c:/altera/13.0sp1/nios2eds/bin/gnu/h-i686-mingw32/bin/../lib/gcc/nios2-elf/4.1.2/../../../../nios2-elf/lib/mno-hw-mul\libc.a(lib_a-memcmp.o)
 .debug_abbrev  0x000014a4       0x80 c:/altera/13.0sp1/nios2eds/bin/gnu/h-i686-mingw32/bin/../lib/gcc/nios2-elf/4.1.2/../../../../nios2-elf/lib/mno-hw-mul\libc.a(lib_a-strcmp.o)
 .debug_abbrev  0x00001524       0x8b c:/altera/13.0sp1/nios2eds/bin/gnu/h-i686-mingw32/bin/../lib/gcc/nios2-elf/4.1.2/../../../../nios2-elf/lib/mno-hw-mul\libc.a(lib_a-strlen.o)
 .debug_abbrev  0x000015af      0x1ae c:/altera/13.0sp1/nios2eds/bin/gnu/h-i686-mingw32/bin/../lib/gcc/nios2-elf/4.1.2/../../../../nios2-elf/lib/mno-hw-mul\libc.a(lib_a-__atexit.o)
 .debug_abbrev  0x0000175d      0x1de c:/altera/13.0sp1/nios2eds/bin/gnu/h-i686-mingw32/bin/../lib/gcc/nios2-elf/4.1.2/../../../../nios2-elf/lib/mno-hw-mul\libc.a(lib_a-__call_atexit.o)
 .debug_abbrev  0x0000193b       0x99 ../module_1_bsp/\libhal_bsp.a(alt_exit.o)

.debug_line     0x00000000     0x4cbb
 *(.debug_line)
 .debug_line    0x00000000       0x66 ../module_1_bsp//obj/HAL/src/crt0.o
 .debug_line    0x00000066      0x30d obj/default/exercise5.o
 .debug_line    0x00000373      0x24f c:/altera/13.0sp1/nios2eds/bin/gnu/h-i686-mingw32/bin/../lib/gcc/nios2-elf/4.1.2/mno-hw-mul\libgcc.a(lib2-divmod.o)
 .debug_line    0x000005c2      0x240 c:/altera/13.0sp1/nios2eds/bin/gnu/h-i686-mingw32/bin/../lib/gcc/nios2-elf/4.1.2/../../../../nios2-elf/lib/mno-hw-mul\libc.a(lib_a-rand.o)
 .debug_line    0x00000802      0x230 c:/altera/13.0sp1/nios2eds/bin/gnu/h-i686-mingw32/bin/../lib/gcc/nios2-elf/4.1.2/../../../../nios2-elf/lib/mno-hw-mul\libc.a(lib_a-impure.o)
 .debug_line    0x00000a32      0x14f c:/altera/13.0sp1/nios2eds/bin/gnu/h-i686-mingw32/bin/../lib/gcc/nios2-elf/4.1.2/mno-hw-mul\libgcc.a(_muldi3.o)
 .debug_line    0x00000b81      0x11a c:/altera/13.0sp1/nios2eds/bin/gnu/h-i686-mingw32/bin/../lib/gcc/nios2-elf/4.1.2/mno-hw-mul\libgcc.a(lib2-mul.o)
 .debug_line    0x00000c9b      0x217 ../module_1_bsp/\libhal_bsp.a(alt_load.o)
 .debug_line    0x00000eb2      0x2d6 ../module_1_bsp/\libhal_bsp.a(alt_main.o)
 .debug_line    0x00001188      0x2ca ../module_1_bsp/\libhal_bsp.a(alt_sys_init.o)
 .debug_line    0x00001452      0x395 ../module_1_bsp/\libhal_bsp.a(altera_up_avalon_video_character_buffer_with_dma.o)
 .debug_line    0x000017e7      0xb8b ../module_1_bsp/\libhal_bsp.a(altera_up_avalon_video_pixel_buffer_dma.o)
 .debug_line    0x00002372      0x299 ../module_1_bsp/\libhal_bsp.a(alt_close.o)
 .debug_line    0x0000260b      0x1b5 ../module_1_bsp/\libhal_bsp.a(alt_dcache_flush_all.o)
 .debug_line    0x000027c0      0x254 ../module_1_bsp/\libhal_bsp.a(alt_dev.o)
 .debug_line    0x00002a14      0x25a ../module_1_bsp/\libhal_bsp.a(alt_dev_llist_insert.o)
 .debug_line    0x00002c6e       0x83 ../module_1_bsp/\libhal_bsp.a(alt_do_ctors.o)
 .debug_line    0x00002cf1       0x83 ../module_1_bsp/\libhal_bsp.a(alt_do_dtors.o)
 .debug_line    0x00002d74      0x1aa ../module_1_bsp/\libhal_bsp.a(alt_errno.o)
 .debug_line    0x00002f1e      0x26b ../module_1_bsp/\libhal_bsp.a(alt_find_dev.o)
 .debug_line    0x00003189      0x1b5 ../module_1_bsp/\libhal_bsp.a(alt_icache_flush_all.o)
 .debug_line    0x0000333e       0xed ../module_1_bsp/\libhal_bsp.a(alt_release_fd.o)
 .debug_line    0x0000342b      0x1e7 ../module_1_bsp/\libhal_bsp.a(altera_nios2_qsys_irq.o)
 .debug_line    0x00003612      0x203 c:/altera/13.0sp1/nios2eds/bin/gnu/h-i686-mingw32/bin/../lib/gcc/nios2-elf/4.1.2/../../../../nios2-elf/lib/mno-hw-mul\libc.a(lib_a-atexit.o)
 .debug_line    0x00003815      0x23b c:/altera/13.0sp1/nios2eds/bin/gnu/h-i686-mingw32/bin/../lib/gcc/nios2-elf/4.1.2/../../../../nios2-elf/lib/mno-hw-mul\libc.a(lib_a-exit.o)
 .debug_line    0x00003a50      0x1e2 c:/altera/13.0sp1/nios2eds/bin/gnu/h-i686-mingw32/bin/../lib/gcc/nios2-elf/4.1.2/../../../../nios2-elf/lib/mno-hw-mul\libc.a(lib_a-int_errno.o)
 .debug_line    0x00003c32      0x2a2 c:/altera/13.0sp1/nios2eds/bin/gnu/h-i686-mingw32/bin/../lib/gcc/nios2-elf/4.1.2/../../../../nios2-elf/lib/mno-hw-mul\libc.a(lib_a-memcmp.o)
 .debug_line    0x00003ed4      0x2d8 c:/altera/13.0sp1/nios2eds/bin/gnu/h-i686-mingw32/bin/../lib/gcc/nios2-elf/4.1.2/../../../../nios2-elf/lib/mno-hw-mul\libc.a(lib_a-strcmp.o)
 .debug_line    0x000041ac      0x270 c:/altera/13.0sp1/nios2eds/bin/gnu/h-i686-mingw32/bin/../lib/gcc/nios2-elf/4.1.2/../../../../nios2-elf/lib/mno-hw-mul\libc.a(lib_a-strlen.o)
 .debug_line    0x0000441c      0x316 c:/altera/13.0sp1/nios2eds/bin/gnu/h-i686-mingw32/bin/../lib/gcc/nios2-elf/4.1.2/../../../../nios2-elf/lib/mno-hw-mul\libc.a(lib_a-__atexit.o)
 .debug_line    0x00004732      0x36a c:/altera/13.0sp1/nios2eds/bin/gnu/h-i686-mingw32/bin/../lib/gcc/nios2-elf/4.1.2/../../../../nios2-elf/lib/mno-hw-mul\libc.a(lib_a-__call_atexit.o)
 .debug_line    0x00004a9c      0x21f ../module_1_bsp/\libhal_bsp.a(alt_exit.o)

.debug_frame    0x00000000      0x770
 *(.debug_frame)
 .debug_frame   0x00000000       0x2c obj/default/exercise5.o
 .debug_frame   0x0000002c       0x70 c:/altera/13.0sp1/nios2eds/bin/gnu/h-i686-mingw32/bin/../lib/gcc/nios2-elf/4.1.2/mno-hw-mul\libgcc.a(lib2-divmod.o)
 .debug_frame   0x0000009c       0x3c c:/altera/13.0sp1/nios2eds/bin/gnu/h-i686-mingw32/bin/../lib/gcc/nios2-elf/4.1.2/../../../../nios2-elf/lib/mno-hw-mul\libc.a(lib_a-rand.o)
 .debug_frame   0x000000d8       0x40 c:/altera/13.0sp1/nios2eds/bin/gnu/h-i686-mingw32/bin/../lib/gcc/nios2-elf/4.1.2/mno-hw-mul\libgcc.a(_muldi3.o)
 .debug_frame   0x00000118       0x20 c:/altera/13.0sp1/nios2eds/bin/gnu/h-i686-mingw32/bin/../lib/gcc/nios2-elf/4.1.2/mno-hw-mul\libgcc.a(lib2-mul.o)
 .debug_frame   0x00000138       0x48 ../module_1_bsp/\libhal_bsp.a(alt_load.o)
 .debug_frame   0x00000180       0x2c ../module_1_bsp/\libhal_bsp.a(alt_main.o)
 .debug_frame   0x000001ac       0x64 ../module_1_bsp/\libhal_bsp.a(alt_sys_init.o)
 .debug_frame   0x00000210       0x9c ../module_1_bsp/\libhal_bsp.a(altera_up_avalon_video_character_buffer_with_dma.o)
 .debug_frame   0x000002ac      0x160 ../module_1_bsp/\libhal_bsp.a(altera_up_avalon_video_pixel_buffer_dma.o)
 .debug_frame   0x0000040c       0x48 ../module_1_bsp/\libhal_bsp.a(alt_close.o)
 .debug_frame   0x00000454       0x2c ../module_1_bsp/\libhal_bsp.a(alt_dcache_flush_all.o)
 .debug_frame   0x00000480       0x2c ../module_1_bsp/\libhal_bsp.a(alt_dev.o)
 .debug_frame   0x000004ac       0x48 ../module_1_bsp/\libhal_bsp.a(alt_dev_llist_insert.o)
 .debug_frame   0x000004f4       0x2c ../module_1_bsp/\libhal_bsp.a(alt_do_ctors.o)
 .debug_frame   0x00000520       0x2c ../module_1_bsp/\libhal_bsp.a(alt_do_dtors.o)
 .debug_frame   0x0000054c       0x2c ../module_1_bsp/\libhal_bsp.a(alt_find_dev.o)
 .debug_frame   0x00000578       0x2c ../module_1_bsp/\libhal_bsp.a(alt_icache_flush_all.o)
 .debug_frame   0x000005a4       0x30 ../module_1_bsp/\libhal_bsp.a(alt_release_fd.o)
 .debug_frame   0x000005d4       0x2c ../module_1_bsp/\libhal_bsp.a(altera_nios2_qsys_irq.o)
 .debug_frame   0x00000600       0x20 c:/altera/13.0sp1/nios2eds/bin/gnu/h-i686-mingw32/bin/../lib/gcc/nios2-elf/4.1.2/../../../../nios2-elf/lib/mno-hw-mul\libc.a(lib_a-atexit.o)
 .debug_frame   0x00000620       0x28 c:/altera/13.0sp1/nios2eds/bin/gnu/h-i686-mingw32/bin/../lib/gcc/nios2-elf/4.1.2/../../../../nios2-elf/lib/mno-hw-mul\libc.a(lib_a-exit.o)
 .debug_frame   0x00000648       0x20 c:/altera/13.0sp1/nios2eds/bin/gnu/h-i686-mingw32/bin/../lib/gcc/nios2-elf/4.1.2/../../../../nios2-elf/lib/mno-hw-mul\libc.a(lib_a-memcmp.o)
 .debug_frame   0x00000668       0x20 c:/altera/13.0sp1/nios2eds/bin/gnu/h-i686-mingw32/bin/../lib/gcc/nios2-elf/4.1.2/../../../../nios2-elf/lib/mno-hw-mul\libc.a(lib_a-strcmp.o)
 .debug_frame   0x00000688       0x20 c:/altera/13.0sp1/nios2eds/bin/gnu/h-i686-mingw32/bin/../lib/gcc/nios2-elf/4.1.2/../../../../nios2-elf/lib/mno-hw-mul\libc.a(lib_a-strlen.o)
 .debug_frame   0x000006a8       0x34 c:/altera/13.0sp1/nios2eds/bin/gnu/h-i686-mingw32/bin/../lib/gcc/nios2-elf/4.1.2/../../../../nios2-elf/lib/mno-hw-mul\libc.a(lib_a-__atexit.o)
 .debug_frame   0x000006dc       0x4c c:/altera/13.0sp1/nios2eds/bin/gnu/h-i686-mingw32/bin/../lib/gcc/nios2-elf/4.1.2/../../../../nios2-elf/lib/mno-hw-mul\libc.a(lib_a-__call_atexit.o)
 .debug_frame   0x00000728       0x48 ../module_1_bsp/\libhal_bsp.a(alt_exit.o)

.debug_str      0x00000000      0xcc8
 *(.debug_str)
 .debug_str     0x00000000       0x2e obj/default/exercise5.o
 .debug_str     0x0000002e      0x167 c:/altera/13.0sp1/nios2eds/bin/gnu/h-i686-mingw32/bin/../lib/gcc/nios2-elf/4.1.2/mno-hw-mul\libgcc.a(lib2-divmod.o)
                                0x1b4 (size before relaxing)
 .debug_str     0x00000195      0x462 c:/altera/13.0sp1/nios2eds/bin/gnu/h-i686-mingw32/bin/../lib/gcc/nios2-elf/4.1.2/../../../../nios2-elf/lib/mno-hw-mul\libc.a(lib_a-rand.o)
                                0x519 (size before relaxing)
 .debug_str     0x000005f7       0xf2 c:/altera/13.0sp1/nios2eds/bin/gnu/h-i686-mingw32/bin/../lib/gcc/nios2-elf/4.1.2/../../../../nios2-elf/lib/mno-hw-mul\libc.a(lib_a-impure.o)
                                0x528 (size before relaxing)
 .debug_str     0x000006e9       0x6e c:/altera/13.0sp1/nios2eds/bin/gnu/h-i686-mingw32/bin/../lib/gcc/nios2-elf/4.1.2/mno-hw-mul\libgcc.a(_muldi3.o)
                                0x1ac (size before relaxing)
 .debug_str     0x00000757       0x37 c:/altera/13.0sp1/nios2eds/bin/gnu/h-i686-mingw32/bin/../lib/gcc/nios2-elf/4.1.2/mno-hw-mul\libgcc.a(lib2-mul.o)
                                0x175 (size before relaxing)
 .debug_str     0x0000078e       0x12 ../module_1_bsp/\libhal_bsp.a(alt_load.o)
 .debug_str     0x000007a0       0x12 ../module_1_bsp/\libhal_bsp.a(alt_main.o)
 .debug_str     0x000007b2       0x97 ../module_1_bsp/\libhal_bsp.a(alt_sys_init.o)
 .debug_str     0x00000849       0x35 ../module_1_bsp/\libhal_bsp.a(altera_up_avalon_video_character_buffer_with_dma.o)
 .debug_str     0x0000087e       0x93 ../module_1_bsp/\libhal_bsp.a(altera_up_avalon_video_pixel_buffer_dma.o)
 .debug_str     0x00000911       0x12 ../module_1_bsp/\libhal_bsp.a(alt_close.o)
 .debug_str     0x00000923       0x12 ../module_1_bsp/\libhal_bsp.a(alt_dcache_flush_all.o)
 .debug_str     0x00000935       0x12 ../module_1_bsp/\libhal_bsp.a(alt_dev.o)
 .debug_str     0x00000947       0x12 ../module_1_bsp/\libhal_bsp.a(alt_dev_llist_insert.o)
 .debug_str     0x00000959       0x12 ../module_1_bsp/\libhal_bsp.a(alt_errno.o)
 .debug_str     0x0000096b       0x12 ../module_1_bsp/\libhal_bsp.a(alt_find_dev.o)
 .debug_str     0x0000097d       0x12 ../module_1_bsp/\libhal_bsp.a(alt_icache_flush_all.o)
 .debug_str     0x0000098f       0x12 ../module_1_bsp/\libhal_bsp.a(altera_nios2_qsys_irq.o)
 .debug_str     0x000009a1       0x3e c:/altera/13.0sp1/nios2eds/bin/gnu/h-i686-mingw32/bin/../lib/gcc/nios2-elf/4.1.2/../../../../nios2-elf/lib/mno-hw-mul\libc.a(lib_a-atexit.o)
                                0x1cd (size before relaxing)
 .debug_str     0x000009df       0x41 c:/altera/13.0sp1/nios2eds/bin/gnu/h-i686-mingw32/bin/../lib/gcc/nios2-elf/4.1.2/../../../../nios2-elf/lib/mno-hw-mul\libc.a(lib_a-exit.o)
                                0x51a (size before relaxing)
 .debug_str     0x00000a20       0x40 c:/altera/13.0sp1/nios2eds/bin/gnu/h-i686-mingw32/bin/../lib/gcc/nios2-elf/4.1.2/../../../../nios2-elf/lib/mno-hw-mul\libc.a(lib_a-int_errno.o)
                                0x171 (size before relaxing)
 .debug_str     0x00000a60       0xe3 c:/altera/13.0sp1/nios2eds/bin/gnu/h-i686-mingw32/bin/../lib/gcc/nios2-elf/4.1.2/../../../../nios2-elf/lib/mno-hw-mul\libc.a(lib_a-memcmp.o)
                                0x178 (size before relaxing)
 .debug_str     0x00000b43       0x45 c:/altera/13.0sp1/nios2eds/bin/gnu/h-i686-mingw32/bin/../lib/gcc/nios2-elf/4.1.2/../../../../nios2-elf/lib/mno-hw-mul\libc.a(lib_a-strcmp.o)
                                0x171 (size before relaxing)
 .debug_str     0x00000b88       0x52 c:/altera/13.0sp1/nios2eds/bin/gnu/h-i686-mingw32/bin/../lib/gcc/nios2-elf/4.1.2/../../../../nios2-elf/lib/mno-hw-mul\libc.a(lib_a-strlen.o)
                                0x18b (size before relaxing)
 .debug_str     0x00000bda       0x54 c:/altera/13.0sp1/nios2eds/bin/gnu/h-i686-mingw32/bin/../lib/gcc/nios2-elf/4.1.2/../../../../nios2-elf/lib/mno-hw-mul\libc.a(lib_a-__atexit.o)
                                0x532 (size before relaxing)
 .debug_str     0x00000c2e       0x7e c:/altera/13.0sp1/nios2eds/bin/gnu/h-i686-mingw32/bin/../lib/gcc/nios2-elf/4.1.2/../../../../nios2-elf/lib/mno-hw-mul\libc.a(lib_a-__call_atexit.o)
                                0x55c (size before relaxing)
 .debug_str     0x00000cac       0x1c ../module_1_bsp/\libhal_bsp.a(alt_exit.o)

.debug_loc      0x00000000      0xec6
 *(.debug_loc)
 .debug_loc     0x00000000       0x2b obj/default/exercise5.o
 .debug_loc     0x0000002b      0x1d2 c:/altera/13.0sp1/nios2eds/bin/gnu/h-i686-mingw32/bin/../lib/gcc/nios2-elf/4.1.2/mno-hw-mul\libgcc.a(lib2-divmod.o)
 .debug_loc     0x000001fd       0x42 c:/altera/13.0sp1/nios2eds/bin/gnu/h-i686-mingw32/bin/../lib/gcc/nios2-elf/4.1.2/../../../../nios2-elf/lib/mno-hw-mul\libc.a(lib_a-rand.o)
 .debug_loc     0x0000023f      0x103 c:/altera/13.0sp1/nios2eds/bin/gnu/h-i686-mingw32/bin/../lib/gcc/nios2-elf/4.1.2/mno-hw-mul\libgcc.a(_muldi3.o)
 .debug_loc     0x00000342       0x4f c:/altera/13.0sp1/nios2eds/bin/gnu/h-i686-mingw32/bin/../lib/gcc/nios2-elf/4.1.2/mno-hw-mul\libgcc.a(lib2-mul.o)
 .debug_loc     0x00000391       0x56 ../module_1_bsp/\libhal_bsp.a(alt_load.o)
 .debug_loc     0x000003e7       0x2b ../module_1_bsp/\libhal_bsp.a(alt_main.o)
 .debug_loc     0x00000412       0x81 ../module_1_bsp/\libhal_bsp.a(alt_sys_init.o)
 .debug_loc     0x00000493       0xd7 ../module_1_bsp/\libhal_bsp.a(altera_up_avalon_video_character_buffer_with_dma.o)
 .debug_loc     0x0000056a      0x207 ../module_1_bsp/\libhal_bsp.a(altera_up_avalon_video_pixel_buffer_dma.o)
 .debug_loc     0x00000771       0x56 ../module_1_bsp/\libhal_bsp.a(alt_close.o)
 .debug_loc     0x000007c7       0x2b ../module_1_bsp/\libhal_bsp.a(alt_dcache_flush_all.o)
 .debug_loc     0x000007f2       0x2b ../module_1_bsp/\libhal_bsp.a(alt_dev.o)
 .debug_loc     0x0000081d       0x56 ../module_1_bsp/\libhal_bsp.a(alt_dev_llist_insert.o)
 .debug_loc     0x00000873       0x2b ../module_1_bsp/\libhal_bsp.a(alt_do_ctors.o)
 .debug_loc     0x0000089e       0x2b ../module_1_bsp/\libhal_bsp.a(alt_do_dtors.o)
 .debug_loc     0x000008c9       0x2b ../module_1_bsp/\libhal_bsp.a(alt_find_dev.o)
 .debug_loc     0x000008f4       0x2b ../module_1_bsp/\libhal_bsp.a(alt_icache_flush_all.o)
 .debug_loc     0x0000091f       0x2b ../module_1_bsp/\libhal_bsp.a(alt_release_fd.o)
 .debug_loc     0x0000094a       0x2b ../module_1_bsp/\libhal_bsp.a(altera_nios2_qsys_irq.o)
 .debug_loc     0x00000975       0x1e c:/altera/13.0sp1/nios2eds/bin/gnu/h-i686-mingw32/bin/../lib/gcc/nios2-elf/4.1.2/../../../../nios2-elf/lib/mno-hw-mul\libc.a(lib_a-atexit.o)
 .debug_loc     0x00000993       0x3d c:/altera/13.0sp1/nios2eds/bin/gnu/h-i686-mingw32/bin/../lib/gcc/nios2-elf/4.1.2/../../../../nios2-elf/lib/mno-hw-mul\libc.a(lib_a-exit.o)
 .debug_loc     0x000009d0      0x114 c:/altera/13.0sp1/nios2eds/bin/gnu/h-i686-mingw32/bin/../lib/gcc/nios2-elf/4.1.2/../../../../nios2-elf/lib/mno-hw-mul\libc.a(lib_a-memcmp.o)
 .debug_loc     0x00000ae4       0x65 c:/altera/13.0sp1/nios2eds/bin/gnu/h-i686-mingw32/bin/../lib/gcc/nios2-elf/4.1.2/../../../../nios2-elf/lib/mno-hw-mul\libc.a(lib_a-strcmp.o)
 .debug_loc     0x00000b49       0x3c c:/altera/13.0sp1/nios2eds/bin/gnu/h-i686-mingw32/bin/../lib/gcc/nios2-elf/4.1.2/../../../../nios2-elf/lib/mno-hw-mul\libc.a(lib_a-strlen.o)
 .debug_loc     0x00000b85      0x120 c:/altera/13.0sp1/nios2eds/bin/gnu/h-i686-mingw32/bin/../lib/gcc/nios2-elf/4.1.2/../../../../nios2-elf/lib/mno-hw-mul\libc.a(lib_a-__atexit.o)
 .debug_loc     0x00000ca5      0x1cb c:/altera/13.0sp1/nios2eds/bin/gnu/h-i686-mingw32/bin/../lib/gcc/nios2-elf/4.1.2/../../../../nios2-elf/lib/mno-hw-mul\libc.a(lib_a-__call_atexit.o)
 .debug_loc     0x00000e70       0x56 ../module_1_bsp/\libhal_bsp.a(alt_exit.o)

.debug_macinfo
 *(.debug_macinfo)

.debug_weaknames
 *(.debug_weaknames)

.debug_funcnames
 *(.debug_funcnames)

.debug_typenames
 *(.debug_typenames)

.debug_varnames
 *(.debug_varnames)

.debug_alt_sim_info
                0x00000000       0x10
 *(.debug_alt_sim_info)
 .debug_alt_sim_info
                0x00000000       0x10 ../module_1_bsp//obj/HAL/src/crt0.o
                0x00007d00                __alt_data_end = 0x7d00
                0x00007d00                PROVIDE (__alt_stack_pointer, __alt_data_end)
                0x00003b30                PROVIDE (__alt_stack_limit, __alt_stack_base)
                0x00003b30                PROVIDE (__alt_heap_start, end)
                0x00007d00                PROVIDE (__alt_heap_limit, 0x7d00)
OUTPUT(module_1.elf elf32-littlenios2)

.debug_ranges   0x00000000       0xc0
 .debug_ranges  0x00000000       0x20 ../module_1_bsp//obj/HAL/src/crt0.o
 .debug_ranges  0x00000020       0x88 c:/altera/13.0sp1/nios2eds/bin/gnu/h-i686-mingw32/bin/../lib/gcc/nios2-elf/4.1.2/mno-hw-mul\libgcc.a(_muldi3.o)
 .debug_ranges  0x000000a8       0x18 c:/altera/13.0sp1/nios2eds/bin/gnu/h-i686-mingw32/bin/../lib/gcc/nios2-elf/4.1.2/../../../../nios2-elf/lib/mno-hw-mul\libc.a(lib_a-__call_atexit.o)
