Archive member included because of file (symbol)

../projectpart1_bsp/\libhal_bsp.a(alt_load.o)
                              ../projectpart1_bsp//obj/HAL/src/crt0.o (alt_load)
../projectpart1_bsp/\libhal_bsp.a(alt_main.o)
                              ../projectpart1_bsp//obj/HAL/src/crt0.o (alt_main)
../projectpart1_bsp/\libhal_bsp.a(alt_sys_init.o)
                              ../projectpart1_bsp/\libhal_bsp.a(alt_main.o) (alt_irq_init)
../projectpart1_bsp/\libhal_bsp.a(altera_avalon_jtag_uart_fd.o)
                              ../projectpart1_bsp/\libhal_bsp.a(alt_sys_init.o) (altera_avalon_jtag_uart_read_fd)
../projectpart1_bsp/\libhal_bsp.a(altera_avalon_jtag_uart_init.o)
                              ../projectpart1_bsp/\libhal_bsp.a(alt_sys_init.o) (altera_avalon_jtag_uart_init)
../projectpart1_bsp/\libhal_bsp.a(altera_avalon_jtag_uart_ioctl.o)
                              ../projectpart1_bsp/\libhal_bsp.a(altera_avalon_jtag_uart_fd.o) (altera_avalon_jtag_uart_ioctl)
../projectpart1_bsp/\libhal_bsp.a(altera_avalon_jtag_uart_read.o)
                              ../projectpart1_bsp/\libhal_bsp.a(altera_avalon_jtag_uart_fd.o) (altera_avalon_jtag_uart_read)
../projectpart1_bsp/\libhal_bsp.a(altera_avalon_jtag_uart_write.o)
                              ../projectpart1_bsp/\libhal_bsp.a(altera_avalon_jtag_uart_fd.o) (altera_avalon_jtag_uart_write)
../projectpart1_bsp/\libhal_bsp.a(altera_up_avalon_video_character_buffer_with_dma.o)
                              ../projectpart1_bsp/\libhal_bsp.a(alt_sys_init.o) (alt_up_char_buffer_init)
../projectpart1_bsp/\libhal_bsp.a(altera_up_avalon_video_pixel_buffer_dma.o)
                              obj/default/video_output.o (alt_up_pixel_buffer_dma_open_dev)
../projectpart1_bsp/\libhal_bsp.a(alt_alarm_start.o)
                              ../projectpart1_bsp/\libhal_bsp.a(altera_avalon_jtag_uart_init.o) (alt_alarm_start)
../projectpart1_bsp/\libhal_bsp.a(alt_close.o)
                              ../projectpart1_bsp/\libhal_bsp.a(alt_main.o) (close)
../projectpart1_bsp/\libhal_bsp.a(alt_dcache_flush_all.o)
                              ../projectpart1_bsp/\libhal_bsp.a(alt_load.o) (alt_dcache_flush_all)
../projectpart1_bsp/\libhal_bsp.a(alt_dev.o)
                              ../projectpart1_bsp/\libhal_bsp.a(alt_sys_init.o) (alt_dev_list)
../projectpart1_bsp/\libhal_bsp.a(alt_dev_llist_insert.o)
                              ../projectpart1_bsp/\libhal_bsp.a(alt_sys_init.o) (alt_dev_llist_insert)
../projectpart1_bsp/\libhal_bsp.a(alt_do_ctors.o)
                              ../projectpart1_bsp/\libhal_bsp.a(alt_main.o) (_do_ctors)
../projectpart1_bsp/\libhal_bsp.a(alt_do_dtors.o)
                              ../projectpart1_bsp/\libhal_bsp.a(alt_main.o) (_do_dtors)
../projectpart1_bsp/\libhal_bsp.a(alt_errno.o)
                              ../projectpart1_bsp/\libhal_bsp.a(alt_close.o) (alt_errno)
../projectpart1_bsp/\libhal_bsp.a(alt_find_dev.o)
                              ../projectpart1_bsp/\libhal_bsp.a(altera_up_avalon_video_character_buffer_with_dma.o) (alt_find_dev)
../projectpart1_bsp/\libhal_bsp.a(alt_icache_flush_all.o)
                              ../projectpart1_bsp/\libhal_bsp.a(alt_load.o) (alt_icache_flush_all)
../projectpart1_bsp/\libhal_bsp.a(alt_iic.o)
                              ../projectpart1_bsp/\libhal_bsp.a(altera_avalon_jtag_uart_init.o) (alt_ic_isr_register)
../projectpart1_bsp/\libhal_bsp.a(alt_iic_isr_register.o)
                              ../projectpart1_bsp/\libhal_bsp.a(alt_iic.o) (alt_iic_isr_register)
../projectpart1_bsp/\libhal_bsp.a(alt_io_redirect.o)
                              ../projectpart1_bsp/\libhal_bsp.a(alt_main.o) (alt_io_redirect)
../projectpart1_bsp/\libhal_bsp.a(alt_irq_entry.o)
                              ../projectpart1_bsp/\libhal_bsp.a(alt_iic_isr_register.o) (alt_irq_entry)
../projectpart1_bsp/\libhal_bsp.a(alt_irq_handler.o)
                              ../projectpart1_bsp/\libhal_bsp.a(alt_iic_isr_register.o) (alt_irq_handler)
../projectpart1_bsp/\libhal_bsp.a(alt_irq_vars.o)
                              ../projectpart1_bsp/\libhal_bsp.a(alt_iic.o) (alt_irq_active)
../projectpart1_bsp/\libhal_bsp.a(alt_open.o)
                              ../projectpart1_bsp/\libhal_bsp.a(alt_io_redirect.o) (open)
../projectpart1_bsp/\libhal_bsp.a(alt_release_fd.o)
                              ../projectpart1_bsp/\libhal_bsp.a(alt_close.o) (alt_release_fd)
../projectpart1_bsp/\libhal_bsp.a(alt_tick.o)
                              ../projectpart1_bsp/\libhal_bsp.a(altera_avalon_jtag_uart_init.o) (_alt_tick_rate)
../projectpart1_bsp/\libhal_bsp.a(altera_nios2_qsys_irq.o)
                              ../projectpart1_bsp/\libhal_bsp.a(alt_sys_init.o) (altera_nios2_qsys_irq_init)
../projectpart1_bsp/\libhal_bsp.a(alt_exception_entry.o)
                              ../projectpart1_bsp/\libhal_bsp.a(alt_irq_entry.o) (alt_exception)
../projectpart1_bsp/\libhal_bsp.a(alt_find_file.o)
                              ../projectpart1_bsp/\libhal_bsp.a(alt_open.o) (alt_find_file)
../projectpart1_bsp/\libhal_bsp.a(alt_get_fd.o)
                              ../projectpart1_bsp/\libhal_bsp.a(alt_open.o) (alt_get_fd)
c:/altera/13.0sp1/nios2eds/bin/gnu/h-i686-mingw32/bin/../lib/gcc/nios2-elf/4.1.2/../../../../nios2-elf/lib/mno-hw-mul\libc.a(lib_a-atexit.o)
                              ../projectpart1_bsp/\libhal_bsp.a(alt_main.o) (atexit)
c:/altera/13.0sp1/nios2eds/bin/gnu/h-i686-mingw32/bin/../lib/gcc/nios2-elf/4.1.2/../../../../nios2-elf/lib/mno-hw-mul\libc.a(lib_a-exit.o)
                              ../projectpart1_bsp/\libhal_bsp.a(alt_main.o) (exit)
c:/altera/13.0sp1/nios2eds/bin/gnu/h-i686-mingw32/bin/../lib/gcc/nios2-elf/4.1.2/../../../../nios2-elf/lib/mno-hw-mul\libc.a(lib_a-impure.o)
                              c:/altera/13.0sp1/nios2eds/bin/gnu/h-i686-mingw32/bin/../lib/gcc/nios2-elf/4.1.2/../../../../nios2-elf/lib/mno-hw-mul\libc.a(lib_a-exit.o) (_global_impure_ptr)
c:/altera/13.0sp1/nios2eds/bin/gnu/h-i686-mingw32/bin/../lib/gcc/nios2-elf/4.1.2/../../../../nios2-elf/lib/mno-hw-mul\libc.a(lib_a-int_errno.o)
                              ../projectpart1_bsp/\libhal_bsp.a(alt_close.o) (errno)
c:/altera/13.0sp1/nios2eds/bin/gnu/h-i686-mingw32/bin/../lib/gcc/nios2-elf/4.1.2/../../../../nios2-elf/lib/mno-hw-mul\libc.a(lib_a-memcmp.o)
                              ../projectpart1_bsp/\libhal_bsp.a(alt_find_dev.o) (memcmp)
c:/altera/13.0sp1/nios2eds/bin/gnu/h-i686-mingw32/bin/../lib/gcc/nios2-elf/4.1.2/../../../../nios2-elf/lib/mno-hw-mul\libc.a(lib_a-memcpy.o)
                              ../projectpart1_bsp/\libhal_bsp.a(altera_avalon_jtag_uart_read.o) (memcpy)
c:/altera/13.0sp1/nios2eds/bin/gnu/h-i686-mingw32/bin/../lib/gcc/nios2-elf/4.1.2/../../../../nios2-elf/lib/mno-hw-mul\libc.a(lib_a-strcmp.o)
                              ../projectpart1_bsp/\libhal_bsp.a(altera_up_avalon_video_character_buffer_with_dma.o) (strcmp)
c:/altera/13.0sp1/nios2eds/bin/gnu/h-i686-mingw32/bin/../lib/gcc/nios2-elf/4.1.2/../../../../nios2-elf/lib/mno-hw-mul\libc.a(lib_a-strlen.o)
                              ../projectpart1_bsp/\libhal_bsp.a(alt_find_dev.o) (strlen)
c:/altera/13.0sp1/nios2eds/bin/gnu/h-i686-mingw32/bin/../lib/gcc/nios2-elf/4.1.2/../../../../nios2-elf/lib/mno-hw-mul\libc.a(lib_a-__atexit.o)
                              c:/altera/13.0sp1/nios2eds/bin/gnu/h-i686-mingw32/bin/../lib/gcc/nios2-elf/4.1.2/../../../../nios2-elf/lib/mno-hw-mul\libc.a(lib_a-atexit.o) (__register_exitproc)
c:/altera/13.0sp1/nios2eds/bin/gnu/h-i686-mingw32/bin/../lib/gcc/nios2-elf/4.1.2/../../../../nios2-elf/lib/mno-hw-mul\libc.a(lib_a-__call_atexit.o)
                              c:/altera/13.0sp1/nios2eds/bin/gnu/h-i686-mingw32/bin/../lib/gcc/nios2-elf/4.1.2/../../../../nios2-elf/lib/mno-hw-mul\libc.a(lib_a-exit.o) (__call_exitprocs)
c:/altera/13.0sp1/nios2eds/bin/gnu/h-i686-mingw32/bin/../lib/gcc/nios2-elf/4.1.2/mno-hw-mul\libgcc.a(lib2-mul.o)
                              ../projectpart1_bsp/\libhal_bsp.a(altera_up_avalon_video_pixel_buffer_dma.o) (__mulsi3)
../projectpart1_bsp/\libhal_bsp.a(alt_exit.o)
                              c:/altera/13.0sp1/nios2eds/bin/gnu/h-i686-mingw32/bin/../lib/gcc/nios2-elf/4.1.2/../../../../nios2-elf/lib/mno-hw-mul\libc.a(lib_a-exit.o) (_exit)

Allocating common symbols
Common symbol       size              file

alt_irq             0x100             ../projectpart1_bsp/\libhal_bsp.a(alt_irq_handler.o)
errno               0x4               c:/altera/13.0sp1/nios2eds/bin/gnu/h-i686-mingw32/bin/../lib/gcc/nios2-elf/4.1.2/../../../../nios2-elf/lib/mno-hw-mul\libc.a(lib_a-int_errno.o)
_atexit0            0x190             c:/altera/13.0sp1/nios2eds/bin/gnu/h-i686-mingw32/bin/../lib/gcc/nios2-elf/4.1.2/../../../../nios2-elf/lib/mno-hw-mul\libc.a(lib_a-atexit.o)

Memory Configuration

Name             Origin             Length             Attributes
onchip_memory2_0 0x00000000         0x00007d00
reset            0x01000000         0x00000020
sdram_controller 0x01000020         0x007fffe0
*default*        0x00000000         0xffffffff

Linker script and memory map

LOAD ../projectpart1_bsp//obj/HAL/src/crt0.o
LOAD obj/default/video_output.o
LOAD c:/altera/13.0sp1/nios2eds/bin/gnu/h-i686-mingw32/bin/../lib/gcc/nios2-elf/4.1.2/../../../../nios2-elf/lib/mno-hw-mul\libstdc++.a
LOAD c:/altera/13.0sp1/nios2eds/bin/gnu/h-i686-mingw32/bin/../lib/gcc/nios2-elf/4.1.2/../../../../nios2-elf/lib/mno-hw-mul\libm.a
LOAD c:/altera/13.0sp1/nios2eds/bin/gnu/h-i686-mingw32/bin/../lib/gcc/nios2-elf/4.1.2/mno-hw-mul\libgcc.a
START GROUP
LOAD c:/altera/13.0sp1/nios2eds/bin/gnu/h-i686-mingw32/bin/../lib/gcc/nios2-elf/4.1.2/../../../../nios2-elf/lib/mno-hw-mul\libc.a
LOAD c:/altera/13.0sp1/nios2eds/bin/gnu/h-i686-mingw32/bin/../lib/gcc/nios2-elf/4.1.2/mno-hw-mul\libgcc.a
LOAD ../projectpart1_bsp/\libhal_bsp.a
END GROUP
LOAD c:/altera/13.0sp1/nios2eds/bin/gnu/h-i686-mingw32/bin/../lib/gcc/nios2-elf/4.1.2/mno-hw-mul\libgcc.a
                0x00000000                __alt_mem_onchip_memory2_0 = 0x0
                0x01000000                __alt_mem_sdram_controller = 0x1000000

.entry          0x01000000       0x20
 *(.entry)
 .entry         0x01000000       0x20 ../projectpart1_bsp//obj/HAL/src/crt0.o
                0x01000000                __reset

.exceptions     0x01000020      0x194
                0x01000020                PROVIDE (__ram_exceptions_start, ABSOLUTE (.))
                0x01000020                . = ALIGN (0x20)
 *(.irq)
 *(.exceptions.entry.label)
 .exceptions.entry.label
                0x01000020        0x0 ../projectpart1_bsp/\libhal_bsp.a(alt_irq_entry.o)
                0x01000020                alt_irq_entry
 .exceptions.entry.label
                0x01000020        0x0 ../projectpart1_bsp/\libhal_bsp.a(alt_exception_entry.o)
                0x01000020                alt_exception
 *(.exceptions.entry.user)
 *(.exceptions.entry)
 .exceptions.entry
                0x01000020       0x54 ../projectpart1_bsp/\libhal_bsp.a(alt_exception_entry.o)
 *(.exceptions.irqtest.user)
 *(.exceptions.irqtest)
 .exceptions.irqtest
                0x01000074       0x10 ../projectpart1_bsp/\libhal_bsp.a(alt_irq_entry.o)
 *(.exceptions.irqhandler.user)
 *(.exceptions.irqhandler)
 .exceptions.irqhandler
                0x01000084        0x4 ../projectpart1_bsp/\libhal_bsp.a(alt_irq_entry.o)
 *(.exceptions.irqreturn.user)
 *(.exceptions.irqreturn)
 .exceptions.irqreturn
                0x01000088        0x4 ../projectpart1_bsp/\libhal_bsp.a(alt_irq_entry.o)
 *(.exceptions.notirq.label)
 .exceptions.notirq.label
                0x0100008c        0x0 ../projectpart1_bsp/\libhal_bsp.a(alt_irq_entry.o)
 *(.exceptions.notirq.user)
 *(.exceptions.notirq)
 .exceptions.notirq
                0x0100008c        0x8 ../projectpart1_bsp/\libhal_bsp.a(alt_exception_entry.o)
 *(.exceptions.soft.user)
 *(.exceptions.soft)
 *(.exceptions.unknown.user)
 *(.exceptions.unknown)
 .exceptions.unknown
                0x01000094        0x4 ../projectpart1_bsp/\libhal_bsp.a(alt_exception_entry.o)
 *(.exceptions.exit.label)
 .exceptions.exit.label
                0x01000098        0x0 ../projectpart1_bsp/\libhal_bsp.a(alt_irq_entry.o)
 .exceptions.exit.label
                0x01000098        0x0 ../projectpart1_bsp/\libhal_bsp.a(alt_exception_entry.o)
 *(.exceptions.exit.user)
 *(.exceptions.exit)
 .exceptions.exit
                0x01000098       0x54 ../projectpart1_bsp/\libhal_bsp.a(alt_exception_entry.o)
 *(.exceptions)
 .exceptions    0x010000ec       0xc8 ../projectpart1_bsp/\libhal_bsp.a(alt_irq_handler.o)
                0x010000ec                alt_irq_handler
                0x010001b4                PROVIDE (__ram_exceptions_end, ABSOLUTE (.))
                0x01000020                PROVIDE (__flash_exceptions_start, LOADADDR (.exceptions))

.text           0x010001b4     0x403c
                0x010001b4                PROVIDE (stext, ABSOLUTE (.))
 *(.interp)
 *(.hash)
 *(.dynsym)
 *(.dynstr)
 *(.gnu.version)
 *(.gnu.version_d)
 *(.gnu.version_r)
 *(.rel.init)
 *(.rela.init)
 *(.rel.text .rel.text.* .rel.gnu.linkonce.t.*)
 *(.rela.text .rela.text.* .rela.gnu.linkonce.t.*)
 *(.rel.fini)
 *(.rela.fini)
 *(.rel.rodata .rel.rodata.* .rel.gnu.linkonce.r.*)
 *(.rela.rodata .rela.rodata.* .rela.gnu.linkonce.r.*)
 *(.rel.data .rel.data.* .rel.gnu.linkonce.d.*)
 *(.rela.data .rela.data.* .rela.gnu.linkonce.d.*)
 *(.rel.tdata .rel.tdata.* .rel.gnu.linkonce.td.*)
 *(.rela.tdata .rela.tdata.* .rela.gnu.linkonce.td.*)
 *(.rel.tbss .rel.tbss.* .rel.gnu.linkonce.tb.*)
 *(.rela.tbss .rela.tbss.* .rela.gnu.linkonce.tb.*)
 *(.rel.ctors)
 *(.rela.ctors)
 *(.rel.dtors)
 *(.rela.dtors)
 *(.rel.got)
 *(.rela.got)
 *(.rel.sdata .rel.sdata.* .rel.gnu.linkonce.s.*)
 *(.rela.sdata .rela.sdata.* .rela.gnu.linkonce.s.*)
 *(.rel.sbss .rel.sbss.* .rel.gnu.linkonce.sb.*)
 *(.rela.sbss .rela.sbss.* .rela.gnu.linkonce.sb.*)
 *(.rel.sdata2 .rel.sdata2.* .rel.gnu.linkonce.s2.*)
 *(.rela.sdata2 .rela.sdata2.* .rela.gnu.linkonce.s2.*)
 *(.rel.sbss2 .rel.sbss2.* .rel.gnu.linkonce.sb2.*)
 *(.rela.sbss2 .rela.sbss2.* .rela.gnu.linkonce.sb2.*)
 *(.rel.bss .rel.bss.* .rel.gnu.linkonce.b.*)
 *(.rela.bss .rela.bss.* .rela.gnu.linkonce.b.*)
 *(.rel.plt)
 *(.rela.plt)
 *(.rel.dyn)
 *(.init)
 *(.plt)
 *(.text .stub .text.* .gnu.linkonce.t.*)
 .text          0x010001b4       0x3c ../projectpart1_bsp//obj/HAL/src/crt0.o
                0x010001b4                _start
 .text          0x010001f0      0x12c obj/default/video_output.o
                0x010001f0                main
 .text          0x0100031c       0xec ../projectpart1_bsp/\libhal_bsp.a(alt_load.o)
                0x0100031c                alt_load
 .text          0x01000408       0x6c ../projectpart1_bsp/\libhal_bsp.a(alt_main.o)
                0x01000408                alt_main
 .text          0x01000474      0x364 ../projectpart1_bsp/\libhal_bsp.a(alt_sys_init.o)
                0x01000474                alt_irq_init
                0x010004a8                alt_sys_init
 .text          0x010007d8      0x148 ../projectpart1_bsp/\libhal_bsp.a(altera_avalon_jtag_uart_fd.o)
                0x010007d8                altera_avalon_jtag_uart_read_fd
                0x01000830                altera_avalon_jtag_uart_write_fd
                0x01000888                altera_avalon_jtag_uart_close_fd
                0x010008d0                altera_avalon_jtag_uart_ioctl_fd
 .text          0x01000920      0x40c ../projectpart1_bsp/\libhal_bsp.a(altera_avalon_jtag_uart_init.o)
                0x01000920                altera_avalon_jtag_uart_init
                0x01000cb8                altera_avalon_jtag_uart_close
 .text          0x01000d2c       0xf4 ../projectpart1_bsp/\libhal_bsp.a(altera_avalon_jtag_uart_ioctl.o)
                0x01000d2c                altera_avalon_jtag_uart_ioctl
 .text          0x01000e20      0x224 ../projectpart1_bsp/\libhal_bsp.a(altera_avalon_jtag_uart_read.o)
                0x01000e20                altera_avalon_jtag_uart_read
 .text          0x01001044      0x240 ../projectpart1_bsp/\libhal_bsp.a(altera_avalon_jtag_uart_write.o)
                0x01001044                altera_avalon_jtag_uart_write
 .text          0x01001284      0x304 ../projectpart1_bsp/\libhal_bsp.a(altera_up_avalon_video_character_buffer_with_dma.o)
                0x01001284                alt_up_char_buffer_init
                0x01001308                alt_up_char_buffer_open_dev
                0x01001348                alt_up_char_buffer_draw
                0x01001418                alt_up_char_buffer_string
                0x0100152c                alt_up_char_buffer_clear
 .text          0x01001588     0x15a0 ../projectpart1_bsp/\libhal_bsp.a(altera_up_avalon_video_pixel_buffer_dma.o)
                0x01001588                alt_up_pixel_buffer_dma_open_dev
                0x010015c8                alt_up_pixel_buffer_dma_draw
                0x01001774                alt_up_pixel_buffer_dma_change_back_buffer_address
                0x010017cc                alt_up_pixel_buffer_dma_swap_buffers
                0x01001824                alt_up_pixel_buffer_dma_check_swap_buffers_status
                0x01001858                alt_up_pixel_buffer_dma_clear_screen
                0x010019c4                alt_up_pixel_buffer_dma_draw_box
                0x01001ec0                alt_up_pixel_buffer_dma_draw_hline
                0x01002218                alt_up_pixel_buffer_dma_draw_vline
                0x010025f0                alt_up_pixel_buffer_dma_draw_rectangle
                0x010026b4                helper_plot_pixel
                0x0100278c                alt_up_pixel_buffer_dma_draw_line
 .text          0x01002b28      0x154 ../projectpart1_bsp/\libhal_bsp.a(alt_alarm_start.o)
                0x01002b28                alt_alarm_start
 .text          0x01002c7c      0x160 ../projectpart1_bsp/\libhal_bsp.a(alt_close.o)
                0x01002c7c                close
 .text          0x01002ddc       0x1c ../projectpart1_bsp/\libhal_bsp.a(alt_dcache_flush_all.o)
                0x01002ddc                alt_dcache_flush_all
 .text          0x01002df8       0x2c ../projectpart1_bsp/\libhal_bsp.a(alt_dev.o)
 .text          0x01002e24      0x114 ../projectpart1_bsp/\libhal_bsp.a(alt_dev_llist_insert.o)
                0x01002e24                alt_dev_llist_insert
 .text          0x01002f38       0x64 ../projectpart1_bsp/\libhal_bsp.a(alt_do_ctors.o)
                0x01002f38                _do_ctors
 .text          0x01002f9c       0x64 ../projectpart1_bsp/\libhal_bsp.a(alt_do_dtors.o)
                0x01002f9c                _do_dtors
 .text          0x01003000        0x0 ../projectpart1_bsp/\libhal_bsp.a(alt_errno.o)
 .text          0x01003000       0x94 ../projectpart1_bsp/\libhal_bsp.a(alt_find_dev.o)
                0x01003000                alt_find_dev
 .text          0x01003094       0x1c ../projectpart1_bsp/\libhal_bsp.a(alt_icache_flush_all.o)
                0x01003094                alt_icache_flush_all
 .text          0x010030b0      0x1d4 ../projectpart1_bsp/\libhal_bsp.a(alt_iic.o)
                0x010030b0                alt_ic_isr_register
                0x01003100                alt_ic_irq_enable
                0x0100319c                alt_ic_irq_disable
                0x0100323c                alt_ic_irq_enabled
 .text          0x01003284       0xf8 ../projectpart1_bsp/\libhal_bsp.a(alt_iic_isr_register.o)
                0x01003284                alt_iic_isr_register
 .text          0x0100337c      0x150 ../projectpart1_bsp/\libhal_bsp.a(alt_io_redirect.o)
                0x01003454                alt_io_redirect
 .text          0x010034cc        0x0 ../projectpart1_bsp/\libhal_bsp.a(alt_irq_entry.o)
 .text          0x010034cc        0x0 ../projectpart1_bsp/\libhal_bsp.a(alt_irq_handler.o)
 .text          0x010034cc        0x0 ../projectpart1_bsp/\libhal_bsp.a(alt_irq_vars.o)
 .text          0x010034cc      0x2e4 ../projectpart1_bsp/\libhal_bsp.a(alt_open.o)
                0x010035c4                open
 .text          0x010037b0       0x78 ../projectpart1_bsp/\libhal_bsp.a(alt_release_fd.o)
                0x010037b0                alt_release_fd
 .text          0x01003828      0x1a4 ../projectpart1_bsp/\libhal_bsp.a(alt_tick.o)
                0x01003828                alt_alarm_stop
                0x010038c0                alt_tick
 .text          0x010039cc       0x20 ../projectpart1_bsp/\libhal_bsp.a(altera_nios2_qsys_irq.o)
                0x010039cc                altera_nios2_qsys_irq_init
 .text          0x010039ec        0x0 ../projectpart1_bsp/\libhal_bsp.a(alt_exception_entry.o)
 .text          0x010039ec      0x120 ../projectpart1_bsp/\libhal_bsp.a(alt_find_file.o)
                0x010039ec                alt_find_file
 .text          0x01003b0c       0xd0 ../projectpart1_bsp/\libhal_bsp.a(alt_get_fd.o)
                0x01003b0c                alt_get_fd
 .text          0x01003bdc       0x14 c:/altera/13.0sp1/nios2eds/bin/gnu/h-i686-mingw32/bin/../lib/gcc/nios2-elf/4.1.2/../../../../nios2-elf/lib/mno-hw-mul\libc.a(lib_a-atexit.o)
                0x01003bdc                atexit
 .text          0x01003bf0       0x38 c:/altera/13.0sp1/nios2eds/bin/gnu/h-i686-mingw32/bin/../lib/gcc/nios2-elf/4.1.2/../../../../nios2-elf/lib/mno-hw-mul\libc.a(lib_a-exit.o)
                0x01003bf0                exit
 .text          0x01003c28        0x0 c:/altera/13.0sp1/nios2eds/bin/gnu/h-i686-mingw32/bin/../lib/gcc/nios2-elf/4.1.2/../../../../nios2-elf/lib/mno-hw-mul\libc.a(lib_a-impure.o)
 .text          0x01003c28        0x0 c:/altera/13.0sp1/nios2eds/bin/gnu/h-i686-mingw32/bin/../lib/gcc/nios2-elf/4.1.2/../../../../nios2-elf/lib/mno-hw-mul\libc.a(lib_a-int_errno.o)
 .text          0x01003c28       0x74 c:/altera/13.0sp1/nios2eds/bin/gnu/h-i686-mingw32/bin/../lib/gcc/nios2-elf/4.1.2/../../../../nios2-elf/lib/mno-hw-mul\libc.a(lib_a-memcmp.o)
                0x01003c28                memcmp
 .text          0x01003c9c       0xa0 c:/altera/13.0sp1/nios2eds/bin/gnu/h-i686-mingw32/bin/../lib/gcc/nios2-elf/4.1.2/../../../../nios2-elf/lib/mno-hw-mul\libc.a(lib_a-memcpy.o)
                0x01003c9c                memcpy
 .text          0x01003d3c       0xbc c:/altera/13.0sp1/nios2eds/bin/gnu/h-i686-mingw32/bin/../lib/gcc/nios2-elf/4.1.2/../../../../nios2-elf/lib/mno-hw-mul\libc.a(lib_a-strcmp.o)
                0x01003d3c                strcmp
 .text          0x01003df8       0x74 c:/altera/13.0sp1/nios2eds/bin/gnu/h-i686-mingw32/bin/../lib/gcc/nios2-elf/4.1.2/../../../../nios2-elf/lib/mno-hw-mul\libc.a(lib_a-strlen.o)
                0x01003df8                strlen
 .text          0x01003e6c      0x134 c:/altera/13.0sp1/nios2eds/bin/gnu/h-i686-mingw32/bin/../lib/gcc/nios2-elf/4.1.2/../../../../nios2-elf/lib/mno-hw-mul\libc.a(lib_a-__atexit.o)
                0x01003e6c                __register_exitproc
 .text          0x01003fa0      0x1b4 c:/altera/13.0sp1/nios2eds/bin/gnu/h-i686-mingw32/bin/../lib/gcc/nios2-elf/4.1.2/../../../../nios2-elf/lib/mno-hw-mul\libc.a(lib_a-__call_atexit.o)
                0x01003fa4                __call_exitprocs
 .text          0x01004154       0x38 c:/altera/13.0sp1/nios2eds/bin/gnu/h-i686-mingw32/bin/../lib/gcc/nios2-elf/4.1.2/mno-hw-mul\libgcc.a(lib2-mul.o)
                0x01004154                __mulsi3
 .text          0x0100418c       0x60 ../projectpart1_bsp/\libhal_bsp.a(alt_exit.o)
                0x010041cc                _exit
 *(.gnu.warning.*)
 *(.fini)
                0x010041ec                PROVIDE (__etext, ABSOLUTE (.))
                0x010041ec                PROVIDE (_etext, ABSOLUTE (.))
                0x010041ec                PROVIDE (etext, ABSOLUTE (.))
 *(.eh_frame_hdr)
                0x010041ec                . = ALIGN (0x4)
                0x010041ec                PROVIDE (__preinit_array_start, ABSOLUTE (.))
 *(.preinit_array)
                0x010041ec                PROVIDE (__preinit_array_end, ABSOLUTE (.))
                0x010041ec                PROVIDE (__init_array_start, ABSOLUTE (.))
 *(.init_array)
                0x010041ec                PROVIDE (__init_array_end, ABSOLUTE (.))
                0x010041ec                PROVIDE (__fini_array_start, ABSOLUTE (.))
 *(.fini_array)
                0x010041ec                PROVIDE (__fini_array_end, ABSOLUTE (.))
 *(.eh_frame)
 *(.gcc_except_table)
 *(.dynamic)
                0x010041ec                PROVIDE (__CTOR_LIST__, ABSOLUTE (.))
 *(.ctors)
 *(SORT(.ctors.*))
 .ctors.65535   0x010041ec        0x4 c:/altera/13.0sp1/nios2eds/bin/gnu/h-i686-mingw32/bin/../lib/gcc/nios2-elf/4.1.2/../../../../nios2-elf/lib/mno-hw-mul\libc.a(lib_a-__call_atexit.o)
                0x010041f0                PROVIDE (__CTOR_END__, ABSOLUTE (.))
                0x010041f0                PROVIDE (__DTOR_LIST__, ABSOLUTE (.))
 *(.dtors)
 *(SORT(.dtors.*))
                0x010041f0                PROVIDE (__DTOR_END__, ABSOLUTE (.))
 *(.jcr)
                0x010041f0                . = ALIGN (0x4)

.rodata         0x010041f0       0xb0
                0x010041f0                PROVIDE (__ram_rodata_start, ABSOLUTE (.))
                0x010041f0                . = ALIGN (0x4)
 *(.rodata .rodata.* .gnu.linkonce.r.*)
 .rodata        0x010041f0       0x18 obj/default/video_output.o
 .rodata        0x01004208       0x14 ../projectpart1_bsp/\libhal_bsp.a(alt_main.o)
 .rodata        0x0100421c       0x58 ../projectpart1_bsp/\libhal_bsp.a(alt_sys_init.o)
 .rodata        0x01004274       0x1c ../projectpart1_bsp/\libhal_bsp.a(altera_up_avalon_video_character_buffer_with_dma.o)
 .rodata        0x01004290        0xc ../projectpart1_bsp/\libhal_bsp.a(alt_dev.o)
 .rodata.str1.4
                0x0100429c        0x4 c:/altera/13.0sp1/nios2eds/bin/gnu/h-i686-mingw32/bin/../lib/gcc/nios2-elf/4.1.2/../../../../nios2-elf/lib/mno-hw-mul\libc.a(lib_a-impure.o)
 *(.rodata1)
                0x010042a0                . = ALIGN (0x4)
                0x010042a0                PROVIDE (__ram_rodata_end, ABSOLUTE (.))
                0x010041f0                PROVIDE (__flash_rodata_start, LOADADDR (.rodata))

.rwdata         0x010042a0     0x16d0 load address 0x01005970
                0x010042a0                PROVIDE (__ram_rwdata_start, ABSOLUTE (.))
                0x010042a0                . = ALIGN (0x4)
 *(.got.plt)
 *(.got)
 *(.data1)
 *(.data .data.* .gnu.linkonce.d.*)
 .data          0x010042a0        0x0 ../projectpart1_bsp//obj/HAL/src/crt0.o
 .data          0x010042a0        0x0 obj/default/video_output.o
 .data          0x010042a0        0x0 ../projectpart1_bsp/\libhal_bsp.a(alt_load.o)
 .data          0x010042a0        0x0 ../projectpart1_bsp/\libhal_bsp.a(alt_main.o)
 .data          0x010042a0     0x10fc ../projectpart1_bsp/\libhal_bsp.a(alt_sys_init.o)
 .data          0x0100539c        0x0 ../projectpart1_bsp/\libhal_bsp.a(altera_avalon_jtag_uart_fd.o)
 .data          0x0100539c        0x0 ../projectpart1_bsp/\libhal_bsp.a(altera_avalon_jtag_uart_init.o)
 .data          0x0100539c        0x0 ../projectpart1_bsp/\libhal_bsp.a(altera_avalon_jtag_uart_ioctl.o)
 .data          0x0100539c        0x0 ../projectpart1_bsp/\libhal_bsp.a(altera_avalon_jtag_uart_read.o)
 .data          0x0100539c        0x0 ../projectpart1_bsp/\libhal_bsp.a(altera_avalon_jtag_uart_write.o)
 .data          0x0100539c        0x0 ../projectpart1_bsp/\libhal_bsp.a(altera_up_avalon_video_character_buffer_with_dma.o)
 .data          0x0100539c        0x0 ../projectpart1_bsp/\libhal_bsp.a(altera_up_avalon_video_pixel_buffer_dma.o)
 .data          0x0100539c        0x0 ../projectpart1_bsp/\libhal_bsp.a(alt_alarm_start.o)
 .data          0x0100539c        0x0 ../projectpart1_bsp/\libhal_bsp.a(alt_close.o)
 .data          0x0100539c        0x0 ../projectpart1_bsp/\libhal_bsp.a(alt_dcache_flush_all.o)
 .data          0x0100539c      0x1a8 ../projectpart1_bsp/\libhal_bsp.a(alt_dev.o)
                0x0100539c                alt_dev_null
                0x010053c4                alt_fd_list
 .data          0x01005544        0x0 ../projectpart1_bsp/\libhal_bsp.a(alt_dev_llist_insert.o)
 .data          0x01005544        0x0 ../projectpart1_bsp/\libhal_bsp.a(alt_do_ctors.o)
 .data          0x01005544        0x0 ../projectpart1_bsp/\libhal_bsp.a(alt_do_dtors.o)
 .data          0x01005544        0x0 ../projectpart1_bsp/\libhal_bsp.a(alt_errno.o)
 .data          0x01005544        0x0 ../projectpart1_bsp/\libhal_bsp.a(alt_find_dev.o)
 .data          0x01005544        0x0 ../projectpart1_bsp/\libhal_bsp.a(alt_icache_flush_all.o)
 .data          0x01005544        0x0 ../projectpart1_bsp/\libhal_bsp.a(alt_iic.o)
 .data          0x01005544        0x0 ../projectpart1_bsp/\libhal_bsp.a(alt_iic_isr_register.o)
 .data          0x01005544        0x0 ../projectpart1_bsp/\libhal_bsp.a(alt_io_redirect.o)
 .data          0x01005544        0x0 ../projectpart1_bsp/\libhal_bsp.a(alt_irq_entry.o)
 .data          0x01005544        0x0 ../projectpart1_bsp/\libhal_bsp.a(alt_irq_handler.o)
 .data          0x01005544        0x0 ../projectpart1_bsp/\libhal_bsp.a(alt_irq_vars.o)
 .data          0x01005544        0x0 ../projectpart1_bsp/\libhal_bsp.a(alt_open.o)
 .data          0x01005544        0x0 ../projectpart1_bsp/\libhal_bsp.a(alt_release_fd.o)
 .data          0x01005544        0x0 ../projectpart1_bsp/\libhal_bsp.a(alt_tick.o)
 .data          0x01005544        0x0 ../projectpart1_bsp/\libhal_bsp.a(altera_nios2_qsys_irq.o)
 .data          0x01005544        0x0 ../projectpart1_bsp/\libhal_bsp.a(alt_exception_entry.o)
 .data          0x01005544        0x0 ../projectpart1_bsp/\libhal_bsp.a(alt_find_file.o)
 .data          0x01005544        0x0 ../projectpart1_bsp/\libhal_bsp.a(alt_get_fd.o)
 .data          0x01005544        0x0 c:/altera/13.0sp1/nios2eds/bin/gnu/h-i686-mingw32/bin/../lib/gcc/nios2-elf/4.1.2/../../../../nios2-elf/lib/mno-hw-mul\libc.a(lib_a-atexit.o)
 .data          0x01005544        0x0 c:/altera/13.0sp1/nios2eds/bin/gnu/h-i686-mingw32/bin/../lib/gcc/nios2-elf/4.1.2/../../../../nios2-elf/lib/mno-hw-mul\libc.a(lib_a-exit.o)
 .data          0x01005544      0x400 c:/altera/13.0sp1/nios2eds/bin/gnu/h-i686-mingw32/bin/../lib/gcc/nios2-elf/4.1.2/../../../../nios2-elf/lib/mno-hw-mul\libc.a(lib_a-impure.o)
 .data          0x01005944        0x0 c:/altera/13.0sp1/nios2eds/bin/gnu/h-i686-mingw32/bin/../lib/gcc/nios2-elf/4.1.2/../../../../nios2-elf/lib/mno-hw-mul\libc.a(lib_a-int_errno.o)
 .data          0x01005944        0x0 c:/altera/13.0sp1/nios2eds/bin/gnu/h-i686-mingw32/bin/../lib/gcc/nios2-elf/4.1.2/../../../../nios2-elf/lib/mno-hw-mul\libc.a(lib_a-memcmp.o)
 .data          0x01005944        0x0 c:/altera/13.0sp1/nios2eds/bin/gnu/h-i686-mingw32/bin/../lib/gcc/nios2-elf/4.1.2/../../../../nios2-elf/lib/mno-hw-mul\libc.a(lib_a-memcpy.o)
 .data          0x01005944        0x0 c:/altera/13.0sp1/nios2eds/bin/gnu/h-i686-mingw32/bin/../lib/gcc/nios2-elf/4.1.2/../../../../nios2-elf/lib/mno-hw-mul\libc.a(lib_a-strcmp.o)
 .data          0x01005944        0x0 c:/altera/13.0sp1/nios2eds/bin/gnu/h-i686-mingw32/bin/../lib/gcc/nios2-elf/4.1.2/../../../../nios2-elf/lib/mno-hw-mul\libc.a(lib_a-strlen.o)
 .data          0x01005944        0x0 c:/altera/13.0sp1/nios2eds/bin/gnu/h-i686-mingw32/bin/../lib/gcc/nios2-elf/4.1.2/../../../../nios2-elf/lib/mno-hw-mul\libc.a(lib_a-__atexit.o)
 .data          0x01005944        0x0 c:/altera/13.0sp1/nios2eds/bin/gnu/h-i686-mingw32/bin/../lib/gcc/nios2-elf/4.1.2/../../../../nios2-elf/lib/mno-hw-mul\libc.a(lib_a-__call_atexit.o)
 .data          0x01005944        0x0 c:/altera/13.0sp1/nios2eds/bin/gnu/h-i686-mingw32/bin/../lib/gcc/nios2-elf/4.1.2/mno-hw-mul\libgcc.a(lib2-mul.o)
 .data          0x01005944        0x0 ../projectpart1_bsp/\libhal_bsp.a(alt_exit.o)
                0x0100d944                _gp = ABSOLUTE ((. + 0x8000))
                0x0100d944                PROVIDE (gp, _gp)
 *(.rwdata .rwdata.*)
 *(.sdata .sdata.* .gnu.linkonce.s.*)
 .sdata         0x01005944       0x14 ../projectpart1_bsp/\libhal_bsp.a(alt_dev.o)
                0x01005944                alt_fs_list
                0x0100594c                alt_dev_list
                0x01005954                alt_max_fd
 .sdata         0x01005958        0x4 ../projectpart1_bsp/\libhal_bsp.a(alt_errno.o)
                0x01005958                alt_errno
 .sdata         0x0100595c        0x4 ../projectpart1_bsp/\libhal_bsp.a(alt_irq_vars.o)
                0x0100595c                alt_priority_mask
 .sdata         0x01005960        0x8 ../projectpart1_bsp/\libhal_bsp.a(alt_tick.o)
                0x01005960                alt_alarm_list
 .sdata         0x01005968        0x8 c:/altera/13.0sp1/nios2eds/bin/gnu/h-i686-mingw32/bin/../lib/gcc/nios2-elf/4.1.2/../../../../nios2-elf/lib/mno-hw-mul\libc.a(lib_a-impure.o)
                0x01005968                _impure_ptr
                0x0100596c                _global_impure_ptr
 *(.sdata2 .sdata2.* .gnu.linkonce.s2.*)
                0x01005970                . = ALIGN (0x4)
                0x01005970                _edata = ABSOLUTE (.)
                0x01005970                PROVIDE (edata, ABSOLUTE (.))
                0x01005970                PROVIDE (__ram_rwdata_end, ABSOLUTE (.))
                0x01005970                PROVIDE (__flash_rwdata_start, LOADADDR (.rwdata))

.bss            0x01007040      0x2ac
                0x01007040                __bss_start = ABSOLUTE (.)
                0x01007040                PROVIDE (__sbss_start, ABSOLUTE (.))
                0x01007040                PROVIDE (___sbss_start, ABSOLUTE (.))
 *(.dynsbss)
 *(.sbss .sbss.* .gnu.linkonce.sb.*)
 .sbss          0x01007040        0xc ../projectpart1_bsp/\libhal_bsp.a(alt_main.o)
                0x01007040                alt_argc
                0x01007044                alt_argv
                0x01007048                alt_envp
 .sbss          0x0100704c        0x4 ../projectpart1_bsp/\libhal_bsp.a(alt_irq_vars.o)
                0x0100704c                alt_irq_active
 .sbss          0x01007050        0x8 ../projectpart1_bsp/\libhal_bsp.a(alt_tick.o)
                0x01007050                _alt_tick_rate
                0x01007054                _alt_nticks
 .sbss          0x01007058        0x4 c:/altera/13.0sp1/nios2eds/bin/gnu/h-i686-mingw32/bin/../lib/gcc/nios2-elf/4.1.2/../../../../nios2-elf/lib/mno-hw-mul\libc.a(lib_a-int_errno.o)
                0x01007058                errno
 *(.sbss2 .sbss2.* .gnu.linkonce.sb2.*)
 *(.scommon)
                0x0100705c                PROVIDE (__sbss_end, ABSOLUTE (.))
                0x0100705c                PROVIDE (___sbss_end, ABSOLUTE (.))
 *(.dynbss)
 *(.bss .bss.* .gnu.linkonce.b.*)
 .bss           0x0100705c        0x0 ../projectpart1_bsp//obj/HAL/src/crt0.o
 .bss           0x0100705c        0x0 obj/default/video_output.o
 .bss           0x0100705c        0x0 ../projectpart1_bsp/\libhal_bsp.a(alt_load.o)
 .bss           0x0100705c        0x0 ../projectpart1_bsp/\libhal_bsp.a(alt_main.o)
 .bss           0x0100705c        0x0 ../projectpart1_bsp/\libhal_bsp.a(alt_sys_init.o)
 .bss           0x0100705c        0x0 ../projectpart1_bsp/\libhal_bsp.a(altera_avalon_jtag_uart_fd.o)
 .bss           0x0100705c        0x0 ../projectpart1_bsp/\libhal_bsp.a(altera_avalon_jtag_uart_init.o)
 .bss           0x0100705c        0x0 ../projectpart1_bsp/\libhal_bsp.a(altera_avalon_jtag_uart_ioctl.o)
 .bss           0x0100705c        0x0 ../projectpart1_bsp/\libhal_bsp.a(altera_avalon_jtag_uart_read.o)
 .bss           0x0100705c        0x0 ../projectpart1_bsp/\libhal_bsp.a(altera_avalon_jtag_uart_write.o)
 .bss           0x0100705c        0x0 ../projectpart1_bsp/\libhal_bsp.a(altera_up_avalon_video_character_buffer_with_dma.o)
 .bss           0x0100705c        0x0 ../projectpart1_bsp/\libhal_bsp.a(altera_up_avalon_video_pixel_buffer_dma.o)
 .bss           0x0100705c        0x0 ../projectpart1_bsp/\libhal_bsp.a(alt_alarm_start.o)
 .bss           0x0100705c        0x0 ../projectpart1_bsp/\libhal_bsp.a(alt_close.o)
 .bss           0x0100705c        0x0 ../projectpart1_bsp/\libhal_bsp.a(alt_dcache_flush_all.o)
 .bss           0x0100705c        0x0 ../projectpart1_bsp/\libhal_bsp.a(alt_dev.o)
 .bss           0x0100705c        0x0 ../projectpart1_bsp/\libhal_bsp.a(alt_dev_llist_insert.o)
 .bss           0x0100705c        0x0 ../projectpart1_bsp/\libhal_bsp.a(alt_do_ctors.o)
 .bss           0x0100705c        0x0 ../projectpart1_bsp/\libhal_bsp.a(alt_do_dtors.o)
 .bss           0x0100705c        0x0 ../projectpart1_bsp/\libhal_bsp.a(alt_errno.o)
 .bss           0x0100705c        0x0 ../projectpart1_bsp/\libhal_bsp.a(alt_find_dev.o)
 .bss           0x0100705c        0x0 ../projectpart1_bsp/\libhal_bsp.a(alt_icache_flush_all.o)
 .bss           0x0100705c        0x0 ../projectpart1_bsp/\libhal_bsp.a(alt_iic.o)
 .bss           0x0100705c        0x0 ../projectpart1_bsp/\libhal_bsp.a(alt_iic_isr_register.o)
 .bss           0x0100705c        0x0 ../projectpart1_bsp/\libhal_bsp.a(alt_io_redirect.o)
 .bss           0x0100705c        0x0 ../projectpart1_bsp/\libhal_bsp.a(alt_irq_entry.o)
 .bss           0x0100705c        0x0 ../projectpart1_bsp/\libhal_bsp.a(alt_irq_handler.o)
 .bss           0x0100705c        0x0 ../projectpart1_bsp/\libhal_bsp.a(alt_irq_vars.o)
 .bss           0x0100705c        0x0 ../projectpart1_bsp/\libhal_bsp.a(alt_open.o)
 .bss           0x0100705c        0x0 ../projectpart1_bsp/\libhal_bsp.a(alt_release_fd.o)
 .bss           0x0100705c        0x0 ../projectpart1_bsp/\libhal_bsp.a(alt_tick.o)
 .bss           0x0100705c        0x0 ../projectpart1_bsp/\libhal_bsp.a(altera_nios2_qsys_irq.o)
 .bss           0x0100705c        0x0 ../projectpart1_bsp/\libhal_bsp.a(alt_exception_entry.o)
 .bss           0x0100705c        0x0 ../projectpart1_bsp/\libhal_bsp.a(alt_find_file.o)
 .bss           0x0100705c        0x0 ../projectpart1_bsp/\libhal_bsp.a(alt_get_fd.o)
 .bss           0x0100705c        0x0 c:/altera/13.0sp1/nios2eds/bin/gnu/h-i686-mingw32/bin/../lib/gcc/nios2-elf/4.1.2/../../../../nios2-elf/lib/mno-hw-mul\libc.a(lib_a-atexit.o)
 .bss           0x0100705c        0x0 c:/altera/13.0sp1/nios2eds/bin/gnu/h-i686-mingw32/bin/../lib/gcc/nios2-elf/4.1.2/../../../../nios2-elf/lib/mno-hw-mul\libc.a(lib_a-exit.o)
 .bss           0x0100705c        0x0 c:/altera/13.0sp1/nios2eds/bin/gnu/h-i686-mingw32/bin/../lib/gcc/nios2-elf/4.1.2/../../../../nios2-elf/lib/mno-hw-mul\libc.a(lib_a-impure.o)
 .bss           0x0100705c        0x0 c:/altera/13.0sp1/nios2eds/bin/gnu/h-i686-mingw32/bin/../lib/gcc/nios2-elf/4.1.2/../../../../nios2-elf/lib/mno-hw-mul\libc.a(lib_a-int_errno.o)
 .bss           0x0100705c        0x0 c:/altera/13.0sp1/nios2eds/bin/gnu/h-i686-mingw32/bin/../lib/gcc/nios2-elf/4.1.2/../../../../nios2-elf/lib/mno-hw-mul\libc.a(lib_a-memcmp.o)
 .bss           0x0100705c        0x0 c:/altera/13.0sp1/nios2eds/bin/gnu/h-i686-mingw32/bin/../lib/gcc/nios2-elf/4.1.2/../../../../nios2-elf/lib/mno-hw-mul\libc.a(lib_a-memcpy.o)
 .bss           0x0100705c        0x0 c:/altera/13.0sp1/nios2eds/bin/gnu/h-i686-mingw32/bin/../lib/gcc/nios2-elf/4.1.2/../../../../nios2-elf/lib/mno-hw-mul\libc.a(lib_a-strcmp.o)
 .bss           0x0100705c        0x0 c:/altera/13.0sp1/nios2eds/bin/gnu/h-i686-mingw32/bin/../lib/gcc/nios2-elf/4.1.2/../../../../nios2-elf/lib/mno-hw-mul\libc.a(lib_a-strlen.o)
 .bss           0x0100705c        0x0 c:/altera/13.0sp1/nios2eds/bin/gnu/h-i686-mingw32/bin/../lib/gcc/nios2-elf/4.1.2/../../../../nios2-elf/lib/mno-hw-mul\libc.a(lib_a-__atexit.o)
 .bss           0x0100705c        0x0 c:/altera/13.0sp1/nios2eds/bin/gnu/h-i686-mingw32/bin/../lib/gcc/nios2-elf/4.1.2/../../../../nios2-elf/lib/mno-hw-mul\libc.a(lib_a-__call_atexit.o)
 .bss           0x0100705c        0x0 c:/altera/13.0sp1/nios2eds/bin/gnu/h-i686-mingw32/bin/../lib/gcc/nios2-elf/4.1.2/mno-hw-mul\libgcc.a(lib2-mul.o)
 .bss           0x0100705c        0x0 ../projectpart1_bsp/\libhal_bsp.a(alt_exit.o)
 *(COMMON)
 COMMON         0x0100705c      0x100 ../projectpart1_bsp/\libhal_bsp.a(alt_irq_handler.o)
                0x0100705c                alt_irq
 COMMON         0x0100715c      0x190 c:/altera/13.0sp1/nios2eds/bin/gnu/h-i686-mingw32/bin/../lib/gcc/nios2-elf/4.1.2/../../../../nios2-elf/lib/mno-hw-mul\libc.a(lib_a-atexit.o)
                0x0100715c                _atexit0
                0x010072ec                . = ALIGN (0x4)
                0x010072ec                __bss_end = ABSOLUTE (.)

.onchip_memory2_0
                0x00000000        0x0 load address 0x010072ec
                0x00000000                PROVIDE (_alt_partition_onchip_memory2_0_start, ABSOLUTE (.))
 *(.onchip_memory2_0. onchip_memory2_0.*)
                0x00000000                . = ALIGN (0x4)
                0x00000000                PROVIDE (_alt_partition_onchip_memory2_0_end, ABSOLUTE (.))
                0x010072ec                PROVIDE (_alt_partition_onchip_memory2_0_load_addr, LOADADDR (.onchip_memory2_0))

.sdram_controller
                0x010072ec        0x0
                0x010072ec                PROVIDE (_alt_partition_sdram_controller_start, ABSOLUTE (.))
 *(.sdram_controller. sdram_controller.*)
                0x010072ec                . = ALIGN (0x4)
                0x010072ec                PROVIDE (_alt_partition_sdram_controller_end, ABSOLUTE (.))
                0x010072ec                _end = ABSOLUTE (.)
                0x010072ec                end = ABSOLUTE (.)
                0x010072ec                __alt_stack_base = ABSOLUTE (.)
                0x010072ec                PROVIDE (_alt_partition_sdram_controller_load_addr, LOADADDR (.sdram_controller))

.stab
 *(.stab)

.stabstr
 *(.stabstr)

.stab.excl
 *(.stab.excl)

.stab.exclstr
 *(.stab.exclstr)

.stab.index
 *(.stab.index)

.stab.indexstr
 *(.stab.indexstr)

.comment        0x00000000       0x26
 *(.comment)
 .comment       0x00000000       0x26 obj/default/video_output.o
                                 0x27 (size before relaxing)
 .comment       0x00000000       0x27 ../projectpart1_bsp/\libhal_bsp.a(alt_load.o)
 .comment       0x00000000       0x27 ../projectpart1_bsp/\libhal_bsp.a(alt_main.o)
 .comment       0x00000000       0x27 ../projectpart1_bsp/\libhal_bsp.a(alt_sys_init.o)
 .comment       0x00000000       0x27 ../projectpart1_bsp/\libhal_bsp.a(altera_avalon_jtag_uart_fd.o)
 .comment       0x00000000       0x27 ../projectpart1_bsp/\libhal_bsp.a(altera_avalon_jtag_uart_init.o)
 .comment       0x00000000       0x27 ../projectpart1_bsp/\libhal_bsp.a(altera_avalon_jtag_uart_ioctl.o)
 .comment       0x00000000       0x27 ../projectpart1_bsp/\libhal_bsp.a(altera_avalon_jtag_uart_read.o)
 .comment       0x00000000       0x27 ../projectpart1_bsp/\libhal_bsp.a(altera_avalon_jtag_uart_write.o)
 .comment       0x00000000       0x27 ../projectpart1_bsp/\libhal_bsp.a(altera_up_avalon_video_character_buffer_with_dma.o)
 .comment       0x00000000       0x27 ../projectpart1_bsp/\libhal_bsp.a(altera_up_avalon_video_pixel_buffer_dma.o)
 .comment       0x00000000       0x27 ../projectpart1_bsp/\libhal_bsp.a(alt_alarm_start.o)
 .comment       0x00000000       0x27 ../projectpart1_bsp/\libhal_bsp.a(alt_close.o)
 .comment       0x00000000       0x27 ../projectpart1_bsp/\libhal_bsp.a(alt_dcache_flush_all.o)
 .comment       0x00000000       0x27 ../projectpart1_bsp/\libhal_bsp.a(alt_dev.o)
 .comment       0x00000000       0x27 ../projectpart1_bsp/\libhal_bsp.a(alt_dev_llist_insert.o)
 .comment       0x00000000       0x27 ../projectpart1_bsp/\libhal_bsp.a(alt_do_ctors.o)
 .comment       0x00000000       0x27 ../projectpart1_bsp/\libhal_bsp.a(alt_do_dtors.o)
 .comment       0x00000000       0x27 ../projectpart1_bsp/\libhal_bsp.a(alt_errno.o)
 .comment       0x00000000       0x27 ../projectpart1_bsp/\libhal_bsp.a(alt_find_dev.o)
 .comment       0x00000000       0x27 ../projectpart1_bsp/\libhal_bsp.a(alt_icache_flush_all.o)
 .comment       0x00000000       0x27 ../projectpart1_bsp/\libhal_bsp.a(alt_iic.o)
 .comment       0x00000000       0x27 ../projectpart1_bsp/\libhal_bsp.a(alt_iic_isr_register.o)
 .comment       0x00000000       0x27 ../projectpart1_bsp/\libhal_bsp.a(alt_io_redirect.o)
 .comment       0x00000000       0x27 ../projectpart1_bsp/\libhal_bsp.a(alt_irq_handler.o)
 .comment       0x00000000       0x27 ../projectpart1_bsp/\libhal_bsp.a(alt_irq_vars.o)
 .comment       0x00000000       0x27 ../projectpart1_bsp/\libhal_bsp.a(alt_open.o)
 .comment       0x00000000       0x27 ../projectpart1_bsp/\libhal_bsp.a(alt_release_fd.o)
 .comment       0x00000000       0x27 ../projectpart1_bsp/\libhal_bsp.a(alt_tick.o)
 .comment       0x00000000       0x27 ../projectpart1_bsp/\libhal_bsp.a(altera_nios2_qsys_irq.o)
 .comment       0x00000000       0x27 ../projectpart1_bsp/\libhal_bsp.a(alt_find_file.o)
 .comment       0x00000000       0x27 ../projectpart1_bsp/\libhal_bsp.a(alt_get_fd.o)
 .comment       0x00000000       0x27 c:/altera/13.0sp1/nios2eds/bin/gnu/h-i686-mingw32/bin/../lib/gcc/nios2-elf/4.1.2/../../../../nios2-elf/lib/mno-hw-mul\libc.a(lib_a-atexit.o)
 .comment       0x00000000       0x27 c:/altera/13.0sp1/nios2eds/bin/gnu/h-i686-mingw32/bin/../lib/gcc/nios2-elf/4.1.2/../../../../nios2-elf/lib/mno-hw-mul\libc.a(lib_a-exit.o)
 .comment       0x00000000       0x27 c:/altera/13.0sp1/nios2eds/bin/gnu/h-i686-mingw32/bin/../lib/gcc/nios2-elf/4.1.2/../../../../nios2-elf/lib/mno-hw-mul\libc.a(lib_a-impure.o)
 .comment       0x00000000       0x27 c:/altera/13.0sp1/nios2eds/bin/gnu/h-i686-mingw32/bin/../lib/gcc/nios2-elf/4.1.2/../../../../nios2-elf/lib/mno-hw-mul\libc.a(lib_a-int_errno.o)
 .comment       0x00000000       0x27 c:/altera/13.0sp1/nios2eds/bin/gnu/h-i686-mingw32/bin/../lib/gcc/nios2-elf/4.1.2/../../../../nios2-elf/lib/mno-hw-mul\libc.a(lib_a-memcmp.o)
 .comment       0x00000000       0x27 c:/altera/13.0sp1/nios2eds/bin/gnu/h-i686-mingw32/bin/../lib/gcc/nios2-elf/4.1.2/../../../../nios2-elf/lib/mno-hw-mul\libc.a(lib_a-memcpy.o)
 .comment       0x00000000       0x27 c:/altera/13.0sp1/nios2eds/bin/gnu/h-i686-mingw32/bin/../lib/gcc/nios2-elf/4.1.2/../../../../nios2-elf/lib/mno-hw-mul\libc.a(lib_a-strcmp.o)
 .comment       0x00000000       0x27 c:/altera/13.0sp1/nios2eds/bin/gnu/h-i686-mingw32/bin/../lib/gcc/nios2-elf/4.1.2/../../../../nios2-elf/lib/mno-hw-mul\libc.a(lib_a-strlen.o)
 .comment       0x00000000       0x27 c:/altera/13.0sp1/nios2eds/bin/gnu/h-i686-mingw32/bin/../lib/gcc/nios2-elf/4.1.2/../../../../nios2-elf/lib/mno-hw-mul\libc.a(lib_a-__atexit.o)
 .comment       0x00000000       0x27 c:/altera/13.0sp1/nios2eds/bin/gnu/h-i686-mingw32/bin/../lib/gcc/nios2-elf/4.1.2/../../../../nios2-elf/lib/mno-hw-mul\libc.a(lib_a-__call_atexit.o)
 .comment       0x00000000       0x27 c:/altera/13.0sp1/nios2eds/bin/gnu/h-i686-mingw32/bin/../lib/gcc/nios2-elf/4.1.2/mno-hw-mul\libgcc.a(lib2-mul.o)
 .comment       0x00000000       0x27 ../projectpart1_bsp/\libhal_bsp.a(alt_exit.o)

.debug
 *(.debug)

.line
 *(.line)

.debug_srcinfo
 *(.debug_srcinfo)

.debug_sfnames
 *(.debug_sfnames)

.debug_aranges  0x00000000      0x598
 *(.debug_aranges)
 .debug_aranges
                0x00000000       0x28 ../projectpart1_bsp//obj/HAL/src/crt0.o
 .debug_aranges
                0x00000028       0x20 obj/default/video_output.o
 .debug_aranges
                0x00000048       0x20 ../projectpart1_bsp/\libhal_bsp.a(alt_load.o)
 .debug_aranges
                0x00000068       0x20 ../projectpart1_bsp/\libhal_bsp.a(alt_main.o)
 .debug_aranges
                0x00000088       0x20 ../projectpart1_bsp/\libhal_bsp.a(alt_sys_init.o)
 .debug_aranges
                0x000000a8       0x20 ../projectpart1_bsp/\libhal_bsp.a(altera_avalon_jtag_uart_fd.o)
 .debug_aranges
                0x000000c8       0x20 ../projectpart1_bsp/\libhal_bsp.a(altera_avalon_jtag_uart_init.o)
 .debug_aranges
                0x000000e8       0x20 ../projectpart1_bsp/\libhal_bsp.a(altera_avalon_jtag_uart_ioctl.o)
 .debug_aranges
                0x00000108       0x20 ../projectpart1_bsp/\libhal_bsp.a(altera_avalon_jtag_uart_read.o)
 .debug_aranges
                0x00000128       0x20 ../projectpart1_bsp/\libhal_bsp.a(altera_avalon_jtag_uart_write.o)
 .debug_aranges
                0x00000148       0x20 ../projectpart1_bsp/\libhal_bsp.a(altera_up_avalon_video_character_buffer_with_dma.o)
 .debug_aranges
                0x00000168       0x20 ../projectpart1_bsp/\libhal_bsp.a(altera_up_avalon_video_pixel_buffer_dma.o)
 .debug_aranges
                0x00000188       0x20 ../projectpart1_bsp/\libhal_bsp.a(alt_alarm_start.o)
 .debug_aranges
                0x000001a8       0x20 ../projectpart1_bsp/\libhal_bsp.a(alt_close.o)
 .debug_aranges
                0x000001c8       0x20 ../projectpart1_bsp/\libhal_bsp.a(alt_dcache_flush_all.o)
 .debug_aranges
                0x000001e8       0x20 ../projectpart1_bsp/\libhal_bsp.a(alt_dev.o)
 .debug_aranges
                0x00000208       0x20 ../projectpart1_bsp/\libhal_bsp.a(alt_dev_llist_insert.o)
 .debug_aranges
                0x00000228       0x20 ../projectpart1_bsp/\libhal_bsp.a(alt_do_ctors.o)
 .debug_aranges
                0x00000248       0x20 ../projectpart1_bsp/\libhal_bsp.a(alt_do_dtors.o)
 .debug_aranges
                0x00000268       0x20 ../projectpart1_bsp/\libhal_bsp.a(alt_find_dev.o)
 .debug_aranges
                0x00000288       0x20 ../projectpart1_bsp/\libhal_bsp.a(alt_icache_flush_all.o)
 .debug_aranges
                0x000002a8       0x20 ../projectpart1_bsp/\libhal_bsp.a(alt_iic.o)
 .debug_aranges
                0x000002c8       0x20 ../projectpart1_bsp/\libhal_bsp.a(alt_iic_isr_register.o)
 .debug_aranges
                0x000002e8       0x20 ../projectpart1_bsp/\libhal_bsp.a(alt_io_redirect.o)
 .debug_aranges
                0x00000308       0x30 ../projectpart1_bsp/\libhal_bsp.a(alt_irq_entry.o)
 .debug_aranges
                0x00000338       0x28 ../projectpart1_bsp/\libhal_bsp.a(alt_irq_handler.o)
 .debug_aranges
                0x00000360       0x20 ../projectpart1_bsp/\libhal_bsp.a(alt_open.o)
 .debug_aranges
                0x00000380       0x20 ../projectpart1_bsp/\libhal_bsp.a(alt_release_fd.o)
 .debug_aranges
                0x000003a0       0x20 ../projectpart1_bsp/\libhal_bsp.a(alt_tick.o)
 .debug_aranges
                0x000003c0       0x20 ../projectpart1_bsp/\libhal_bsp.a(altera_nios2_qsys_irq.o)
 .debug_aranges
                0x000003e0       0x38 ../projectpart1_bsp/\libhal_bsp.a(alt_exception_entry.o)
 .debug_aranges
                0x00000418       0x20 ../projectpart1_bsp/\libhal_bsp.a(alt_find_file.o)
 .debug_aranges
                0x00000438       0x20 ../projectpart1_bsp/\libhal_bsp.a(alt_get_fd.o)
 .debug_aranges
                0x00000458       0x20 c:/altera/13.0sp1/nios2eds/bin/gnu/h-i686-mingw32/bin/../lib/gcc/nios2-elf/4.1.2/../../../../nios2-elf/lib/mno-hw-mul\libc.a(lib_a-atexit.o)
 .debug_aranges
                0x00000478       0x20 c:/altera/13.0sp1/nios2eds/bin/gnu/h-i686-mingw32/bin/../lib/gcc/nios2-elf/4.1.2/../../../../nios2-elf/lib/mno-hw-mul\libc.a(lib_a-exit.o)
 .debug_aranges
                0x00000498       0x20 c:/altera/13.0sp1/nios2eds/bin/gnu/h-i686-mingw32/bin/../lib/gcc/nios2-elf/4.1.2/../../../../nios2-elf/lib/mno-hw-mul\libc.a(lib_a-memcmp.o)
 .debug_aranges
                0x000004b8       0x20 c:/altera/13.0sp1/nios2eds/bin/gnu/h-i686-mingw32/bin/../lib/gcc/nios2-elf/4.1.2/../../../../nios2-elf/lib/mno-hw-mul\libc.a(lib_a-memcpy.o)
 .debug_aranges
                0x000004d8       0x20 c:/altera/13.0sp1/nios2eds/bin/gnu/h-i686-mingw32/bin/../lib/gcc/nios2-elf/4.1.2/../../../../nios2-elf/lib/mno-hw-mul\libc.a(lib_a-strcmp.o)
 .debug_aranges
                0x000004f8       0x20 c:/altera/13.0sp1/nios2eds/bin/gnu/h-i686-mingw32/bin/../lib/gcc/nios2-elf/4.1.2/../../../../nios2-elf/lib/mno-hw-mul\libc.a(lib_a-strlen.o)
 .debug_aranges
                0x00000518       0x20 c:/altera/13.0sp1/nios2eds/bin/gnu/h-i686-mingw32/bin/../lib/gcc/nios2-elf/4.1.2/../../../../nios2-elf/lib/mno-hw-mul\libc.a(lib_a-__atexit.o)
 .debug_aranges
                0x00000538       0x20 c:/altera/13.0sp1/nios2eds/bin/gnu/h-i686-mingw32/bin/../lib/gcc/nios2-elf/4.1.2/../../../../nios2-elf/lib/mno-hw-mul\libc.a(lib_a-__call_atexit.o)
 .debug_aranges
                0x00000558       0x20 c:/altera/13.0sp1/nios2eds/bin/gnu/h-i686-mingw32/bin/../lib/gcc/nios2-elf/4.1.2/mno-hw-mul\libgcc.a(lib2-mul.o)
 .debug_aranges
                0x00000578       0x20 ../projectpart1_bsp/\libhal_bsp.a(alt_exit.o)

.debug_pubnames
                0x00000000      0xa6c
 *(.debug_pubnames)
 .debug_pubnames
                0x00000000       0x1b obj/default/video_output.o
 .debug_pubnames
                0x0000001b       0x1f ../projectpart1_bsp/\libhal_bsp.a(alt_load.o)
 .debug_pubnames
                0x0000003a       0x46 ../projectpart1_bsp/\libhal_bsp.a(alt_main.o)
 .debug_pubnames
                0x00000080       0x34 ../projectpart1_bsp/\libhal_bsp.a(alt_sys_init.o)
 .debug_pubnames
                0x000000b4       0xa5 ../projectpart1_bsp/\libhal_bsp.a(altera_avalon_jtag_uart_fd.o)
 .debug_pubnames
                0x00000159       0x55 ../projectpart1_bsp/\libhal_bsp.a(altera_avalon_jtag_uart_init.o)
 .debug_pubnames
                0x000001ae       0x34 ../projectpart1_bsp/\libhal_bsp.a(altera_avalon_jtag_uart_ioctl.o)
 .debug_pubnames
                0x000001e2       0x33 ../projectpart1_bsp/\libhal_bsp.a(altera_avalon_jtag_uart_read.o)
 .debug_pubnames
                0x00000215       0x34 ../projectpart1_bsp/\libhal_bsp.a(altera_avalon_jtag_uart_write.o)
 .debug_pubnames
                0x00000249       0xa5 ../projectpart1_bsp/\libhal_bsp.a(altera_up_avalon_video_character_buffer_with_dma.o)
 .debug_pubnames
                0x000002ee      0x1f1 ../projectpart1_bsp/\libhal_bsp.a(altera_up_avalon_video_pixel_buffer_dma.o)
 .debug_pubnames
                0x000004df       0x26 ../projectpart1_bsp/\libhal_bsp.a(alt_alarm_start.o)
 .debug_pubnames
                0x00000505       0x1c ../projectpart1_bsp/\libhal_bsp.a(alt_close.o)
 .debug_pubnames
                0x00000521       0x2b ../projectpart1_bsp/\libhal_bsp.a(alt_dcache_flush_all.o)
 .debug_pubnames
                0x0000054c       0x63 ../projectpart1_bsp/\libhal_bsp.a(alt_dev.o)
 .debug_pubnames
                0x000005af       0x2b ../projectpart1_bsp/\libhal_bsp.a(alt_dev_llist_insert.o)
 .debug_pubnames
                0x000005da       0x20 ../projectpart1_bsp/\libhal_bsp.a(alt_do_ctors.o)
 .debug_pubnames
                0x000005fa       0x20 ../projectpart1_bsp/\libhal_bsp.a(alt_do_dtors.o)
 .debug_pubnames
                0x0000061a       0x20 ../projectpart1_bsp/\libhal_bsp.a(alt_errno.o)
 .debug_pubnames
                0x0000063a       0x23 ../projectpart1_bsp/\libhal_bsp.a(alt_find_dev.o)
 .debug_pubnames
                0x0000065d       0x2b ../projectpart1_bsp/\libhal_bsp.a(alt_icache_flush_all.o)
 .debug_pubnames
                0x00000688       0x6e ../projectpart1_bsp/\libhal_bsp.a(alt_iic.o)
 .debug_pubnames
                0x000006f6       0x2b ../projectpart1_bsp/\libhal_bsp.a(alt_iic_isr_register.o)
 .debug_pubnames
                0x00000721       0x26 ../projectpart1_bsp/\libhal_bsp.a(alt_io_redirect.o)
 .debug_pubnames
                0x00000747       0x32 ../projectpart1_bsp/\libhal_bsp.a(alt_irq_handler.o)
 .debug_pubnames
                0x00000779       0x3b ../projectpart1_bsp/\libhal_bsp.a(alt_irq_vars.o)
 .debug_pubnames
                0x000007b4       0x1b ../projectpart1_bsp/\libhal_bsp.a(alt_open.o)
 .debug_pubnames
                0x000007cf       0x25 ../projectpart1_bsp/\libhal_bsp.a(alt_release_fd.o)
 .debug_pubnames
                0x000007f4       0x68 ../projectpart1_bsp/\libhal_bsp.a(alt_tick.o)
 .debug_pubnames
                0x0000085c       0x31 ../projectpart1_bsp/\libhal_bsp.a(altera_nios2_qsys_irq.o)
 .debug_pubnames
                0x0000088d       0x24 ../projectpart1_bsp/\libhal_bsp.a(alt_find_file.o)
 .debug_pubnames
                0x000008b1       0x21 ../projectpart1_bsp/\libhal_bsp.a(alt_get_fd.o)
 .debug_pubnames
                0x000008d2       0x2a c:/altera/13.0sp1/nios2eds/bin/gnu/h-i686-mingw32/bin/../lib/gcc/nios2-elf/4.1.2/../../../../nios2-elf/lib/mno-hw-mul\libc.a(lib_a-atexit.o)
 .debug_pubnames
                0x000008fc       0x1b c:/altera/13.0sp1/nios2eds/bin/gnu/h-i686-mingw32/bin/../lib/gcc/nios2-elf/4.1.2/../../../../nios2-elf/lib/mno-hw-mul\libc.a(lib_a-exit.o)
 .debug_pubnames
                0x00000917       0x39 c:/altera/13.0sp1/nios2eds/bin/gnu/h-i686-mingw32/bin/../lib/gcc/nios2-elf/4.1.2/../../../../nios2-elf/lib/mno-hw-mul\libc.a(lib_a-impure.o)
 .debug_pubnames
                0x00000950       0x1c c:/altera/13.0sp1/nios2eds/bin/gnu/h-i686-mingw32/bin/../lib/gcc/nios2-elf/4.1.2/../../../../nios2-elf/lib/mno-hw-mul\libc.a(lib_a-int_errno.o)
 .debug_pubnames
                0x0000096c       0x1d c:/altera/13.0sp1/nios2eds/bin/gnu/h-i686-mingw32/bin/../lib/gcc/nios2-elf/4.1.2/../../../../nios2-elf/lib/mno-hw-mul\libc.a(lib_a-memcmp.o)
 .debug_pubnames
                0x00000989       0x1d c:/altera/13.0sp1/nios2eds/bin/gnu/h-i686-mingw32/bin/../lib/gcc/nios2-elf/4.1.2/../../../../nios2-elf/lib/mno-hw-mul\libc.a(lib_a-memcpy.o)
 .debug_pubnames
                0x000009a6       0x1d c:/altera/13.0sp1/nios2eds/bin/gnu/h-i686-mingw32/bin/../lib/gcc/nios2-elf/4.1.2/../../../../nios2-elf/lib/mno-hw-mul\libc.a(lib_a-strcmp.o)
 .debug_pubnames
                0x000009c3       0x1d c:/altera/13.0sp1/nios2eds/bin/gnu/h-i686-mingw32/bin/../lib/gcc/nios2-elf/4.1.2/../../../../nios2-elf/lib/mno-hw-mul\libc.a(lib_a-strlen.o)
 .debug_pubnames
                0x000009e0       0x2a c:/altera/13.0sp1/nios2eds/bin/gnu/h-i686-mingw32/bin/../lib/gcc/nios2-elf/4.1.2/../../../../nios2-elf/lib/mno-hw-mul\libc.a(lib_a-__atexit.o)
 .debug_pubnames
                0x00000a0a       0x27 c:/altera/13.0sp1/nios2eds/bin/gnu/h-i686-mingw32/bin/../lib/gcc/nios2-elf/4.1.2/../../../../nios2-elf/lib/mno-hw-mul\libc.a(lib_a-__call_atexit.o)
 .debug_pubnames
                0x00000a31       0x1f c:/altera/13.0sp1/nios2eds/bin/gnu/h-i686-mingw32/bin/../lib/gcc/nios2-elf/4.1.2/mno-hw-mul\libgcc.a(lib2-mul.o)
 .debug_pubnames
                0x00000a50       0x1c ../projectpart1_bsp/\libhal_bsp.a(alt_exit.o)

.debug_info     0x00000000     0xbc8b
 *(.debug_info .gnu.linkonce.wi.*)
 .debug_info    0x00000000       0x8e ../projectpart1_bsp//obj/HAL/src/crt0.o
 .debug_info    0x0000008e      0x581 obj/default/video_output.o
 .debug_info    0x0000060f      0x2a0 ../projectpart1_bsp/\libhal_bsp.a(alt_load.o)
 .debug_info    0x000008af      0x238 ../projectpart1_bsp/\libhal_bsp.a(alt_main.o)
 .debug_info    0x00000ae7      0x8fe ../projectpart1_bsp/\libhal_bsp.a(alt_sys_init.o)
 .debug_info    0x000013e5      0x7ec ../projectpart1_bsp/\libhal_bsp.a(altera_avalon_jtag_uart_fd.o)
 .debug_info    0x00001bd1      0x614 ../projectpart1_bsp/\libhal_bsp.a(altera_avalon_jtag_uart_init.o)
 .debug_info    0x000021e5      0x456 ../projectpart1_bsp/\libhal_bsp.a(altera_avalon_jtag_uart_ioctl.o)
 .debug_info    0x0000263b      0x559 ../projectpart1_bsp/\libhal_bsp.a(altera_avalon_jtag_uart_read.o)
 .debug_info    0x00002b94      0x551 ../projectpart1_bsp/\libhal_bsp.a(altera_avalon_jtag_uart_write.o)
 .debug_info    0x000030e5      0x6a5 ../projectpart1_bsp/\libhal_bsp.a(altera_up_avalon_video_character_buffer_with_dma.o)
 .debug_info    0x0000378a      0xe92 ../projectpart1_bsp/\libhal_bsp.a(altera_up_avalon_video_pixel_buffer_dma.o)
 .debug_info    0x0000461c      0x455 ../projectpart1_bsp/\libhal_bsp.a(alt_alarm_start.o)
 .debug_info    0x00004a71      0x47a ../projectpart1_bsp/\libhal_bsp.a(alt_close.o)
 .debug_info    0x00004eeb      0x16f ../projectpart1_bsp/\libhal_bsp.a(alt_dcache_flush_all.o)
 .debug_info    0x0000505a      0x692 ../projectpart1_bsp/\libhal_bsp.a(alt_dev.o)
 .debug_info    0x000056ec      0x2ca ../projectpart1_bsp/\libhal_bsp.a(alt_dev_llist_insert.o)
 .debug_info    0x000059b6      0x122 ../projectpart1_bsp/\libhal_bsp.a(alt_do_ctors.o)
 .debug_info    0x00005ad8      0x121 ../projectpart1_bsp/\libhal_bsp.a(alt_do_dtors.o)
 .debug_info    0x00005bf9      0x177 ../projectpart1_bsp/\libhal_bsp.a(alt_errno.o)
 .debug_info    0x00005d70      0x42b ../projectpart1_bsp/\libhal_bsp.a(alt_find_dev.o)
 .debug_info    0x0000619b      0x16f ../projectpart1_bsp/\libhal_bsp.a(alt_icache_flush_all.o)
 .debug_info    0x0000630a      0x4a6 ../projectpart1_bsp/\libhal_bsp.a(alt_iic.o)
 .debug_info    0x000067b0      0x327 ../projectpart1_bsp/\libhal_bsp.a(alt_iic_isr_register.o)
 .debug_info    0x00006ad7      0x6a8 ../projectpart1_bsp/\libhal_bsp.a(alt_io_redirect.o)
 .debug_info    0x0000717f       0x97 ../projectpart1_bsp/\libhal_bsp.a(alt_irq_entry.o)
 .debug_info    0x00007216      0x288 ../projectpart1_bsp/\libhal_bsp.a(alt_irq_handler.o)
 .debug_info    0x0000749e      0x17a ../projectpart1_bsp/\libhal_bsp.a(alt_irq_vars.o)
 .debug_info    0x00007618      0x538 ../projectpart1_bsp/\libhal_bsp.a(alt_open.o)
 .debug_info    0x00007b50      0x405 ../projectpart1_bsp/\libhal_bsp.a(alt_release_fd.o)
 .debug_info    0x00007f55      0x411 ../projectpart1_bsp/\libhal_bsp.a(alt_tick.o)
 .debug_info    0x00008366      0x176 ../projectpart1_bsp/\libhal_bsp.a(altera_nios2_qsys_irq.o)
 .debug_info    0x000084dc       0x9d ../projectpart1_bsp/\libhal_bsp.a(alt_exception_entry.o)
 .debug_info    0x00008579      0x432 ../projectpart1_bsp/\libhal_bsp.a(alt_find_file.o)
 .debug_info    0x000089ab      0x473 ../projectpart1_bsp/\libhal_bsp.a(alt_get_fd.o)
 .debug_info    0x00008e1e      0x181 c:/altera/13.0sp1/nios2eds/bin/gnu/h-i686-mingw32/bin/../lib/gcc/nios2-elf/4.1.2/../../../../nios2-elf/lib/mno-hw-mul\libc.a(lib_a-atexit.o)
 .debug_info    0x00008f9f      0x93f c:/altera/13.0sp1/nios2eds/bin/gnu/h-i686-mingw32/bin/../lib/gcc/nios2-elf/4.1.2/../../../../nios2-elf/lib/mno-hw-mul\libc.a(lib_a-exit.o)
 .debug_info    0x000098de      0x93d c:/altera/13.0sp1/nios2eds/bin/gnu/h-i686-mingw32/bin/../lib/gcc/nios2-elf/4.1.2/../../../../nios2-elf/lib/mno-hw-mul\libc.a(lib_a-impure.o)
 .debug_info    0x0000a21b       0x8c c:/altera/13.0sp1/nios2eds/bin/gnu/h-i686-mingw32/bin/../lib/gcc/nios2-elf/4.1.2/../../../../nios2-elf/lib/mno-hw-mul\libc.a(lib_a-int_errno.o)
 .debug_info    0x0000a2a7      0x115 c:/altera/13.0sp1/nios2eds/bin/gnu/h-i686-mingw32/bin/../lib/gcc/nios2-elf/4.1.2/../../../../nios2-elf/lib/mno-hw-mul\libc.a(lib_a-memcmp.o)
 .debug_info    0x0000a3bc      0x106 c:/altera/13.0sp1/nios2eds/bin/gnu/h-i686-mingw32/bin/../lib/gcc/nios2-elf/4.1.2/../../../../nios2-elf/lib/mno-hw-mul\libc.a(lib_a-memcpy.o)
 .debug_info    0x0000a4c2       0xdd c:/altera/13.0sp1/nios2eds/bin/gnu/h-i686-mingw32/bin/../lib/gcc/nios2-elf/4.1.2/../../../../nios2-elf/lib/mno-hw-mul\libc.a(lib_a-strcmp.o)
 .debug_info    0x0000a59f       0xdb c:/altera/13.0sp1/nios2eds/bin/gnu/h-i686-mingw32/bin/../lib/gcc/nios2-elf/4.1.2/../../../../nios2-elf/lib/mno-hw-mul\libc.a(lib_a-strlen.o)
 .debug_info    0x0000a67a      0x99c c:/altera/13.0sp1/nios2eds/bin/gnu/h-i686-mingw32/bin/../lib/gcc/nios2-elf/4.1.2/../../../../nios2-elf/lib/mno-hw-mul\libc.a(lib_a-__atexit.o)
 .debug_info    0x0000b016      0x9e2 c:/altera/13.0sp1/nios2eds/bin/gnu/h-i686-mingw32/bin/../lib/gcc/nios2-elf/4.1.2/../../../../nios2-elf/lib/mno-hw-mul\libc.a(lib_a-__call_atexit.o)
 .debug_info    0x0000b9f8       0xf3 c:/altera/13.0sp1/nios2eds/bin/gnu/h-i686-mingw32/bin/../lib/gcc/nios2-elf/4.1.2/mno-hw-mul\libgcc.a(lib2-mul.o)
 .debug_info    0x0000baeb      0x1a0 ../projectpart1_bsp/\libhal_bsp.a(alt_exit.o)

.debug_abbrev   0x00000000     0x27f3
 *(.debug_abbrev)
 .debug_abbrev  0x00000000       0x12 ../projectpart1_bsp//obj/HAL/src/crt0.o
 .debug_abbrev  0x00000012       0xda obj/default/video_output.o
 .debug_abbrev  0x000000ec       0x88 ../projectpart1_bsp/\libhal_bsp.a(alt_load.o)
 .debug_abbrev  0x00000174       0xb7 ../projectpart1_bsp/\libhal_bsp.a(alt_main.o)
 .debug_abbrev  0x0000022b      0x161 ../projectpart1_bsp/\libhal_bsp.a(alt_sys_init.o)
 .debug_abbrev  0x0000038c       0xf7 ../projectpart1_bsp/\libhal_bsp.a(altera_avalon_jtag_uart_fd.o)
 .debug_abbrev  0x00000483      0x17c ../projectpart1_bsp/\libhal_bsp.a(altera_avalon_jtag_uart_init.o)
 .debug_abbrev  0x000005ff       0xf0 ../projectpart1_bsp/\libhal_bsp.a(altera_avalon_jtag_uart_ioctl.o)
 .debug_abbrev  0x000006ef      0x191 ../projectpart1_bsp/\libhal_bsp.a(altera_avalon_jtag_uart_read.o)
 .debug_abbrev  0x00000880      0x18d ../projectpart1_bsp/\libhal_bsp.a(altera_avalon_jtag_uart_write.o)
 .debug_abbrev  0x00000a0d      0x111 ../projectpart1_bsp/\libhal_bsp.a(altera_up_avalon_video_character_buffer_with_dma.o)
 .debug_abbrev  0x00000b1e      0x196 ../projectpart1_bsp/\libhal_bsp.a(altera_up_avalon_video_pixel_buffer_dma.o)
 .debug_abbrev  0x00000cb4      0x172 ../projectpart1_bsp/\libhal_bsp.a(alt_alarm_start.o)
 .debug_abbrev  0x00000e26       0xfb ../projectpart1_bsp/\libhal_bsp.a(alt_close.o)
 .debug_abbrev  0x00000f21       0x3f ../projectpart1_bsp/\libhal_bsp.a(alt_dcache_flush_all.o)
 .debug_abbrev  0x00000f60       0xc7 ../projectpart1_bsp/\libhal_bsp.a(alt_dev.o)
 .debug_abbrev  0x00001027       0xf6 ../projectpart1_bsp/\libhal_bsp.a(alt_dev_llist_insert.o)
 .debug_abbrev  0x0000111d       0x76 ../projectpart1_bsp/\libhal_bsp.a(alt_do_ctors.o)
 .debug_abbrev  0x00001193       0x76 ../projectpart1_bsp/\libhal_bsp.a(alt_do_dtors.o)
 .debug_abbrev  0x00001209       0x5e ../projectpart1_bsp/\libhal_bsp.a(alt_errno.o)
 .debug_abbrev  0x00001267       0xcf ../projectpart1_bsp/\libhal_bsp.a(alt_find_dev.o)
 .debug_abbrev  0x00001336       0x3f ../projectpart1_bsp/\libhal_bsp.a(alt_icache_flush_all.o)
 .debug_abbrev  0x00001375      0x134 ../projectpart1_bsp/\libhal_bsp.a(alt_iic.o)
 .debug_abbrev  0x000014a9      0x14e ../projectpart1_bsp/\libhal_bsp.a(alt_iic_isr_register.o)
 .debug_abbrev  0x000015f7       0xf0 ../projectpart1_bsp/\libhal_bsp.a(alt_io_redirect.o)
 .debug_abbrev  0x000016e7       0x12 ../projectpart1_bsp/\libhal_bsp.a(alt_irq_entry.o)
 .debug_abbrev  0x000016f9      0x10c ../projectpart1_bsp/\libhal_bsp.a(alt_irq_handler.o)
 .debug_abbrev  0x00001805       0x44 ../projectpart1_bsp/\libhal_bsp.a(alt_irq_vars.o)
 .debug_abbrev  0x00001849      0x112 ../projectpart1_bsp/\libhal_bsp.a(alt_open.o)
 .debug_abbrev  0x0000195b       0xc1 ../projectpart1_bsp/\libhal_bsp.a(alt_release_fd.o)
 .debug_abbrev  0x00001a1c      0x150 ../projectpart1_bsp/\libhal_bsp.a(alt_tick.o)
 .debug_abbrev  0x00001b6c       0x3f ../projectpart1_bsp/\libhal_bsp.a(altera_nios2_qsys_irq.o)
 .debug_abbrev  0x00001bab       0x12 ../projectpart1_bsp/\libhal_bsp.a(alt_exception_entry.o)
 .debug_abbrev  0x00001bbd       0xcf ../projectpart1_bsp/\libhal_bsp.a(alt_find_file.o)
 .debug_abbrev  0x00001c8c       0xfb ../projectpart1_bsp/\libhal_bsp.a(alt_get_fd.o)
 .debug_abbrev  0x00001d87       0xb7 c:/altera/13.0sp1/nios2eds/bin/gnu/h-i686-mingw32/bin/../lib/gcc/nios2-elf/4.1.2/../../../../nios2-elf/lib/mno-hw-mul\libc.a(lib_a-atexit.o)
 .debug_abbrev  0x00001e3e      0x16e c:/altera/13.0sp1/nios2eds/bin/gnu/h-i686-mingw32/bin/../lib/gcc/nios2-elf/4.1.2/../../../../nios2-elf/lib/mno-hw-mul\libc.a(lib_a-exit.o)
 .debug_abbrev  0x00001fac      0x157 c:/altera/13.0sp1/nios2eds/bin/gnu/h-i686-mingw32/bin/../lib/gcc/nios2-elf/4.1.2/../../../../nios2-elf/lib/mno-hw-mul\libc.a(lib_a-impure.o)
 .debug_abbrev  0x00002103       0x3b c:/altera/13.0sp1/nios2eds/bin/gnu/h-i686-mingw32/bin/../lib/gcc/nios2-elf/4.1.2/../../../../nios2-elf/lib/mno-hw-mul\libc.a(lib_a-int_errno.o)
 .debug_abbrev  0x0000213e       0x7c c:/altera/13.0sp1/nios2eds/bin/gnu/h-i686-mingw32/bin/../lib/gcc/nios2-elf/4.1.2/../../../../nios2-elf/lib/mno-hw-mul\libc.a(lib_a-memcmp.o)
 .debug_abbrev  0x000021ba       0xb5 c:/altera/13.0sp1/nios2eds/bin/gnu/h-i686-mingw32/bin/../lib/gcc/nios2-elf/4.1.2/../../../../nios2-elf/lib/mno-hw-mul\libc.a(lib_a-memcpy.o)
 .debug_abbrev  0x0000226f       0x80 c:/altera/13.0sp1/nios2eds/bin/gnu/h-i686-mingw32/bin/../lib/gcc/nios2-elf/4.1.2/../../../../nios2-elf/lib/mno-hw-mul\libc.a(lib_a-strcmp.o)
 .debug_abbrev  0x000022ef       0x8b c:/altera/13.0sp1/nios2eds/bin/gnu/h-i686-mingw32/bin/../lib/gcc/nios2-elf/4.1.2/../../../../nios2-elf/lib/mno-hw-mul\libc.a(lib_a-strlen.o)
 .debug_abbrev  0x0000237a      0x1ae c:/altera/13.0sp1/nios2eds/bin/gnu/h-i686-mingw32/bin/../lib/gcc/nios2-elf/4.1.2/../../../../nios2-elf/lib/mno-hw-mul\libc.a(lib_a-__atexit.o)
 .debug_abbrev  0x00002528      0x1de c:/altera/13.0sp1/nios2eds/bin/gnu/h-i686-mingw32/bin/../lib/gcc/nios2-elf/4.1.2/../../../../nios2-elf/lib/mno-hw-mul\libc.a(lib_a-__call_atexit.o)
 .debug_abbrev  0x00002706       0x7b c:/altera/13.0sp1/nios2eds/bin/gnu/h-i686-mingw32/bin/../lib/gcc/nios2-elf/4.1.2/mno-hw-mul\libgcc.a(lib2-mul.o)
 .debug_abbrev  0x00002781       0x72 ../projectpart1_bsp/\libhal_bsp.a(alt_exit.o)

.debug_line     0x00000000     0x73b8
 *(.debug_line)
 .debug_line    0x00000000       0x66 ../projectpart1_bsp//obj/HAL/src/crt0.o
 .debug_line    0x00000066      0x2f4 obj/default/video_output.o
 .debug_line    0x0000035a      0x217 ../projectpart1_bsp/\libhal_bsp.a(alt_load.o)
 .debug_line    0x00000571      0x2ca ../projectpart1_bsp/\libhal_bsp.a(alt_main.o)
 .debug_line    0x0000083b      0x319 ../projectpart1_bsp/\libhal_bsp.a(alt_sys_init.o)
 .debug_line    0x00000b54      0x217 ../projectpart1_bsp/\libhal_bsp.a(altera_avalon_jtag_uart_fd.o)
 .debug_line    0x00000d6b      0x4ab ../projectpart1_bsp/\libhal_bsp.a(altera_avalon_jtag_uart_init.o)
 .debug_line    0x00001216      0x317 ../projectpart1_bsp/\libhal_bsp.a(altera_avalon_jtag_uart_ioctl.o)
 .debug_line    0x0000152d      0x3f7 ../projectpart1_bsp/\libhal_bsp.a(altera_avalon_jtag_uart_read.o)
 .debug_line    0x00001924      0x405 ../projectpart1_bsp/\libhal_bsp.a(altera_avalon_jtag_uart_write.o)
 .debug_line    0x00001d29      0x395 ../projectpart1_bsp/\libhal_bsp.a(altera_up_avalon_video_character_buffer_with_dma.o)
 .debug_line    0x000020be      0xb8b ../projectpart1_bsp/\libhal_bsp.a(altera_up_avalon_video_pixel_buffer_dma.o)
 .debug_line    0x00002c49      0x2dc ../projectpart1_bsp/\libhal_bsp.a(alt_alarm_start.o)
 .debug_line    0x00002f25      0x299 ../projectpart1_bsp/\libhal_bsp.a(alt_close.o)
 .debug_line    0x000031be      0x1b5 ../projectpart1_bsp/\libhal_bsp.a(alt_dcache_flush_all.o)
 .debug_line    0x00003373      0x254 ../projectpart1_bsp/\libhal_bsp.a(alt_dev.o)
 .debug_line    0x000035c7      0x25a ../projectpart1_bsp/\libhal_bsp.a(alt_dev_llist_insert.o)
 .debug_line    0x00003821       0x83 ../projectpart1_bsp/\libhal_bsp.a(alt_do_ctors.o)
 .debug_line    0x000038a4       0x83 ../projectpart1_bsp/\libhal_bsp.a(alt_do_dtors.o)
 .debug_line    0x00003927      0x1aa ../projectpart1_bsp/\libhal_bsp.a(alt_errno.o)
 .debug_line    0x00003ad1      0x26b ../projectpart1_bsp/\libhal_bsp.a(alt_find_dev.o)
 .debug_line    0x00003d3c      0x1b5 ../projectpart1_bsp/\libhal_bsp.a(alt_icache_flush_all.o)
 .debug_line    0x00003ef1      0x2c8 ../projectpart1_bsp/\libhal_bsp.a(alt_iic.o)
 .debug_line    0x000041b9      0x249 ../projectpart1_bsp/\libhal_bsp.a(alt_iic_isr_register.o)
 .debug_line    0x00004402      0x2b4 ../projectpart1_bsp/\libhal_bsp.a(alt_io_redirect.o)
 .debug_line    0x000046b6       0x6b ../projectpart1_bsp/\libhal_bsp.a(alt_irq_entry.o)
 .debug_line    0x00004721      0x248 ../projectpart1_bsp/\libhal_bsp.a(alt_irq_handler.o)
 .debug_line    0x00004969       0x72 ../projectpart1_bsp/\libhal_bsp.a(alt_irq_vars.o)
 .debug_line    0x000049db      0x2ff ../projectpart1_bsp/\libhal_bsp.a(alt_open.o)
 .debug_line    0x00004cda       0xed ../projectpart1_bsp/\libhal_bsp.a(alt_release_fd.o)
 .debug_line    0x00004dc7      0x2dc ../projectpart1_bsp/\libhal_bsp.a(alt_tick.o)
 .debug_line    0x000050a3      0x1ce ../projectpart1_bsp/\libhal_bsp.a(altera_nios2_qsys_irq.o)
 .debug_line    0x00005271       0xab ../projectpart1_bsp/\libhal_bsp.a(alt_exception_entry.o)
 .debug_line    0x0000531c      0x27c ../projectpart1_bsp/\libhal_bsp.a(alt_find_file.o)
 .debug_line    0x00005598      0x297 ../projectpart1_bsp/\libhal_bsp.a(alt_get_fd.o)
 .debug_line    0x0000582f      0x203 c:/altera/13.0sp1/nios2eds/bin/gnu/h-i686-mingw32/bin/../lib/gcc/nios2-elf/4.1.2/../../../../nios2-elf/lib/mno-hw-mul\libc.a(lib_a-atexit.o)
 .debug_line    0x00005a32      0x23b c:/altera/13.0sp1/nios2eds/bin/gnu/h-i686-mingw32/bin/../lib/gcc/nios2-elf/4.1.2/../../../../nios2-elf/lib/mno-hw-mul\libc.a(lib_a-exit.o)
 .debug_line    0x00005c6d      0x230 c:/altera/13.0sp1/nios2eds/bin/gnu/h-i686-mingw32/bin/../lib/gcc/nios2-elf/4.1.2/../../../../nios2-elf/lib/mno-hw-mul\libc.a(lib_a-impure.o)
 .debug_line    0x00005e9d      0x1e2 c:/altera/13.0sp1/nios2eds/bin/gnu/h-i686-mingw32/bin/../lib/gcc/nios2-elf/4.1.2/../../../../nios2-elf/lib/mno-hw-mul\libc.a(lib_a-int_errno.o)
 .debug_line    0x0000607f      0x2a2 c:/altera/13.0sp1/nios2eds/bin/gnu/h-i686-mingw32/bin/../lib/gcc/nios2-elf/4.1.2/../../../../nios2-elf/lib/mno-hw-mul\libc.a(lib_a-memcmp.o)
 .debug_line    0x00006321      0x1af c:/altera/13.0sp1/nios2eds/bin/gnu/h-i686-mingw32/bin/../lib/gcc/nios2-elf/4.1.2/../../../../nios2-elf/lib/mno-hw-mul\libc.a(lib_a-memcpy.o)
 .debug_line    0x000064d0      0x2d8 c:/altera/13.0sp1/nios2eds/bin/gnu/h-i686-mingw32/bin/../lib/gcc/nios2-elf/4.1.2/../../../../nios2-elf/lib/mno-hw-mul\libc.a(lib_a-strcmp.o)
 .debug_line    0x000067a8      0x270 c:/altera/13.0sp1/nios2eds/bin/gnu/h-i686-mingw32/bin/../lib/gcc/nios2-elf/4.1.2/../../../../nios2-elf/lib/mno-hw-mul\libc.a(lib_a-strlen.o)
 .debug_line    0x00006a18      0x316 c:/altera/13.0sp1/nios2eds/bin/gnu/h-i686-mingw32/bin/../lib/gcc/nios2-elf/4.1.2/../../../../nios2-elf/lib/mno-hw-mul\libc.a(lib_a-__atexit.o)
 .debug_line    0x00006d2e      0x36a c:/altera/13.0sp1/nios2eds/bin/gnu/h-i686-mingw32/bin/../lib/gcc/nios2-elf/4.1.2/../../../../nios2-elf/lib/mno-hw-mul\libc.a(lib_a-__call_atexit.o)
 .debug_line    0x00007098      0x11a c:/altera/13.0sp1/nios2eds/bin/gnu/h-i686-mingw32/bin/../lib/gcc/nios2-elf/4.1.2/mno-hw-mul\libgcc.a(lib2-mul.o)
 .debug_line    0x000071b2      0x206 ../projectpart1_bsp/\libhal_bsp.a(alt_exit.o)

.debug_frame    0x00000000      0xa84
 *(.debug_frame)
 .debug_frame   0x00000000       0x2c obj/default/video_output.o
 .debug_frame   0x0000002c       0x48 ../projectpart1_bsp/\libhal_bsp.a(alt_load.o)
 .debug_frame   0x00000074       0x2c ../projectpart1_bsp/\libhal_bsp.a(alt_main.o)
 .debug_frame   0x000000a0       0x64 ../projectpart1_bsp/\libhal_bsp.a(alt_sys_init.o)
 .debug_frame   0x00000104       0x80 ../projectpart1_bsp/\libhal_bsp.a(altera_avalon_jtag_uart_fd.o)
 .debug_frame   0x00000184       0x80 ../projectpart1_bsp/\libhal_bsp.a(altera_avalon_jtag_uart_init.o)
 .debug_frame   0x00000204       0x2c ../projectpart1_bsp/\libhal_bsp.a(altera_avalon_jtag_uart_ioctl.o)
 .debug_frame   0x00000230       0x2c ../projectpart1_bsp/\libhal_bsp.a(altera_avalon_jtag_uart_read.o)
 .debug_frame   0x0000025c       0x2c ../projectpart1_bsp/\libhal_bsp.a(altera_avalon_jtag_uart_write.o)
 .debug_frame   0x00000288       0x9c ../projectpart1_bsp/\libhal_bsp.a(altera_up_avalon_video_character_buffer_with_dma.o)
 .debug_frame   0x00000324      0x160 ../projectpart1_bsp/\libhal_bsp.a(altera_up_avalon_video_pixel_buffer_dma.o)
 .debug_frame   0x00000484       0x2c ../projectpart1_bsp/\libhal_bsp.a(alt_alarm_start.o)
 .debug_frame   0x000004b0       0x48 ../projectpart1_bsp/\libhal_bsp.a(alt_close.o)
 .debug_frame   0x000004f8       0x2c ../projectpart1_bsp/\libhal_bsp.a(alt_dcache_flush_all.o)
 .debug_frame   0x00000524       0x2c ../projectpart1_bsp/\libhal_bsp.a(alt_dev.o)
 .debug_frame   0x00000550       0x48 ../projectpart1_bsp/\libhal_bsp.a(alt_dev_llist_insert.o)
 .debug_frame   0x00000598       0x2c ../projectpart1_bsp/\libhal_bsp.a(alt_do_ctors.o)
 .debug_frame   0x000005c4       0x2c ../projectpart1_bsp/\libhal_bsp.a(alt_do_dtors.o)
 .debug_frame   0x000005f0       0x2c ../projectpart1_bsp/\libhal_bsp.a(alt_find_dev.o)
 .debug_frame   0x0000061c       0x2c ../projectpart1_bsp/\libhal_bsp.a(alt_icache_flush_all.o)
 .debug_frame   0x00000648       0x80 ../projectpart1_bsp/\libhal_bsp.a(alt_iic.o)
 .debug_frame   0x000006c8       0x2c ../projectpart1_bsp/\libhal_bsp.a(alt_iic_isr_register.o)
 .debug_frame   0x000006f4       0x4c ../projectpart1_bsp/\libhal_bsp.a(alt_io_redirect.o)
 .debug_frame   0x00000740       0x2c ../projectpart1_bsp/\libhal_bsp.a(alt_irq_handler.o)
 .debug_frame   0x0000076c       0x68 ../projectpart1_bsp/\libhal_bsp.a(alt_open.o)
 .debug_frame   0x000007d4       0x30 ../projectpart1_bsp/\libhal_bsp.a(alt_release_fd.o)
 .debug_frame   0x00000804       0x48 ../projectpart1_bsp/\libhal_bsp.a(alt_tick.o)
 .debug_frame   0x0000084c       0x2c ../projectpart1_bsp/\libhal_bsp.a(altera_nios2_qsys_irq.o)
 .debug_frame   0x00000878       0x2c ../projectpart1_bsp/\libhal_bsp.a(alt_find_file.o)
 .debug_frame   0x000008a4       0x30 ../projectpart1_bsp/\libhal_bsp.a(alt_get_fd.o)
 .debug_frame   0x000008d4       0x20 c:/altera/13.0sp1/nios2eds/bin/gnu/h-i686-mingw32/bin/../lib/gcc/nios2-elf/4.1.2/../../../../nios2-elf/lib/mno-hw-mul\libc.a(lib_a-atexit.o)
 .debug_frame   0x000008f4       0x28 c:/altera/13.0sp1/nios2eds/bin/gnu/h-i686-mingw32/bin/../lib/gcc/nios2-elf/4.1.2/../../../../nios2-elf/lib/mno-hw-mul\libc.a(lib_a-exit.o)
 .debug_frame   0x0000091c       0x20 c:/altera/13.0sp1/nios2eds/bin/gnu/h-i686-mingw32/bin/../lib/gcc/nios2-elf/4.1.2/../../../../nios2-elf/lib/mno-hw-mul\libc.a(lib_a-memcmp.o)
 .debug_frame   0x0000093c       0x20 c:/altera/13.0sp1/nios2eds/bin/gnu/h-i686-mingw32/bin/../lib/gcc/nios2-elf/4.1.2/../../../../nios2-elf/lib/mno-hw-mul\libc.a(lib_a-memcpy.o)
 .debug_frame   0x0000095c       0x20 c:/altera/13.0sp1/nios2eds/bin/gnu/h-i686-mingw32/bin/../lib/gcc/nios2-elf/4.1.2/../../../../nios2-elf/lib/mno-hw-mul\libc.a(lib_a-strcmp.o)
 .debug_frame   0x0000097c       0x20 c:/altera/13.0sp1/nios2eds/bin/gnu/h-i686-mingw32/bin/../lib/gcc/nios2-elf/4.1.2/../../../../nios2-elf/lib/mno-hw-mul\libc.a(lib_a-strlen.o)
 .debug_frame   0x0000099c       0x34 c:/altera/13.0sp1/nios2eds/bin/gnu/h-i686-mingw32/bin/../lib/gcc/nios2-elf/4.1.2/../../../../nios2-elf/lib/mno-hw-mul\libc.a(lib_a-__atexit.o)
 .debug_frame   0x000009d0       0x4c c:/altera/13.0sp1/nios2eds/bin/gnu/h-i686-mingw32/bin/../lib/gcc/nios2-elf/4.1.2/../../../../nios2-elf/lib/mno-hw-mul\libc.a(lib_a-__call_atexit.o)
 .debug_frame   0x00000a1c       0x20 c:/altera/13.0sp1/nios2eds/bin/gnu/h-i686-mingw32/bin/../lib/gcc/nios2-elf/4.1.2/mno-hw-mul\libgcc.a(lib2-mul.o)
 .debug_frame   0x00000a3c       0x48 ../projectpart1_bsp/\libhal_bsp.a(alt_exit.o)

.debug_str      0x00000000      0xd49
 *(.debug_str)
 .debug_str     0x00000000       0x2e obj/default/video_output.o
 .debug_str     0x0000002e       0x12 ../projectpart1_bsp/\libhal_bsp.a(alt_load.o)
 .debug_str     0x00000040       0x12 ../projectpart1_bsp/\libhal_bsp.a(alt_main.o)
 .debug_str     0x00000052       0x97 ../projectpart1_bsp/\libhal_bsp.a(alt_sys_init.o)
 .debug_str     0x000000e9       0x12 ../projectpart1_bsp/\libhal_bsp.a(altera_avalon_jtag_uart_fd.o)
 .debug_str     0x000000fb       0x1a ../projectpart1_bsp/\libhal_bsp.a(altera_avalon_jtag_uart_init.o)
 .debug_str     0x00000115       0x12 ../projectpart1_bsp/\libhal_bsp.a(altera_avalon_jtag_uart_ioctl.o)
 .debug_str     0x00000127       0x1a ../projectpart1_bsp/\libhal_bsp.a(altera_avalon_jtag_uart_read.o)
 .debug_str     0x00000141       0x1a ../projectpart1_bsp/\libhal_bsp.a(altera_avalon_jtag_uart_write.o)
 .debug_str     0x0000015b       0x35 ../projectpart1_bsp/\libhal_bsp.a(altera_up_avalon_video_character_buffer_with_dma.o)
 .debug_str     0x00000190       0x93 ../projectpart1_bsp/\libhal_bsp.a(altera_up_avalon_video_pixel_buffer_dma.o)
 .debug_str     0x00000223       0x23 ../projectpart1_bsp/\libhal_bsp.a(alt_alarm_start.o)
 .debug_str     0x00000246       0x12 ../projectpart1_bsp/\libhal_bsp.a(alt_close.o)
 .debug_str     0x00000258       0x12 ../projectpart1_bsp/\libhal_bsp.a(alt_dcache_flush_all.o)
 .debug_str     0x0000026a       0x12 ../projectpart1_bsp/\libhal_bsp.a(alt_dev.o)
 .debug_str     0x0000027c       0x12 ../projectpart1_bsp/\libhal_bsp.a(alt_dev_llist_insert.o)
 .debug_str     0x0000028e       0x12 ../projectpart1_bsp/\libhal_bsp.a(alt_errno.o)
 .debug_str     0x000002a0       0x12 ../projectpart1_bsp/\libhal_bsp.a(alt_find_dev.o)
 .debug_str     0x000002b2       0x12 ../projectpart1_bsp/\libhal_bsp.a(alt_icache_flush_all.o)
 .debug_str     0x000002c4       0x18 ../projectpart1_bsp/\libhal_bsp.a(alt_iic.o)
 .debug_str     0x000002dc       0x1a ../projectpart1_bsp/\libhal_bsp.a(alt_iic_isr_register.o)
 .debug_str     0x000002f6       0x12 ../projectpart1_bsp/\libhal_bsp.a(alt_io_redirect.o)
 .debug_str     0x00000308       0x12 ../projectpart1_bsp/\libhal_bsp.a(alt_irq_handler.o)
 .debug_str     0x0000031a       0x12 ../projectpart1_bsp/\libhal_bsp.a(alt_open.o)
 .debug_str     0x0000032c       0x1a ../projectpart1_bsp/\libhal_bsp.a(alt_tick.o)
 .debug_str     0x00000346       0x12 ../projectpart1_bsp/\libhal_bsp.a(altera_nios2_qsys_irq.o)
 .debug_str     0x00000358       0x12 ../projectpart1_bsp/\libhal_bsp.a(alt_find_file.o)
 .debug_str     0x0000036a       0x12 ../projectpart1_bsp/\libhal_bsp.a(alt_get_fd.o)
 .debug_str     0x0000037c      0x187 c:/altera/13.0sp1/nios2eds/bin/gnu/h-i686-mingw32/bin/../lib/gcc/nios2-elf/4.1.2/../../../../nios2-elf/lib/mno-hw-mul\libc.a(lib_a-atexit.o)
                                0x1cd (size before relaxing)
 .debug_str     0x00000503      0x387 c:/altera/13.0sp1/nios2eds/bin/gnu/h-i686-mingw32/bin/../lib/gcc/nios2-elf/4.1.2/../../../../nios2-elf/lib/mno-hw-mul\libc.a(lib_a-exit.o)
                                0x51a (size before relaxing)
 .debug_str     0x0000088a       0xdf c:/altera/13.0sp1/nios2eds/bin/gnu/h-i686-mingw32/bin/../lib/gcc/nios2-elf/4.1.2/../../../../nios2-elf/lib/mno-hw-mul\libc.a(lib_a-impure.o)
                                0x528 (size before relaxing)
 .debug_str     0x00000969       0x40 c:/altera/13.0sp1/nios2eds/bin/gnu/h-i686-mingw32/bin/../lib/gcc/nios2-elf/4.1.2/../../../../nios2-elf/lib/mno-hw-mul\libc.a(lib_a-int_errno.o)
                                0x171 (size before relaxing)
 .debug_str     0x000009a9       0xe3 c:/altera/13.0sp1/nios2eds/bin/gnu/h-i686-mingw32/bin/../lib/gcc/nios2-elf/4.1.2/../../../../nios2-elf/lib/mno-hw-mul\libc.a(lib_a-memcmp.o)
                                0x178 (size before relaxing)
 .debug_str     0x00000a8c       0x6c c:/altera/13.0sp1/nios2eds/bin/gnu/h-i686-mingw32/bin/../lib/gcc/nios2-elf/4.1.2/../../../../nios2-elf/lib/mno-hw-mul\libc.a(lib_a-memcpy.o)
                                0x136 (size before relaxing)
 .debug_str     0x00000af8       0x45 c:/altera/13.0sp1/nios2eds/bin/gnu/h-i686-mingw32/bin/../lib/gcc/nios2-elf/4.1.2/../../../../nios2-elf/lib/mno-hw-mul\libc.a(lib_a-strcmp.o)
                                0x171 (size before relaxing)
 .debug_str     0x00000b3d       0x52 c:/altera/13.0sp1/nios2eds/bin/gnu/h-i686-mingw32/bin/../lib/gcc/nios2-elf/4.1.2/../../../../nios2-elf/lib/mno-hw-mul\libc.a(lib_a-strlen.o)
                                0x18b (size before relaxing)
 .debug_str     0x00000b8f       0x54 c:/altera/13.0sp1/nios2eds/bin/gnu/h-i686-mingw32/bin/../lib/gcc/nios2-elf/4.1.2/../../../../nios2-elf/lib/mno-hw-mul\libc.a(lib_a-__atexit.o)
                                0x532 (size before relaxing)
 .debug_str     0x00000be3       0x7e c:/altera/13.0sp1/nios2eds/bin/gnu/h-i686-mingw32/bin/../lib/gcc/nios2-elf/4.1.2/../../../../nios2-elf/lib/mno-hw-mul\libc.a(lib_a-__call_atexit.o)
                                0x55c (size before relaxing)
 .debug_str     0x00000c61       0xcc c:/altera/13.0sp1/nios2eds/bin/gnu/h-i686-mingw32/bin/../lib/gcc/nios2-elf/4.1.2/mno-hw-mul\libgcc.a(lib2-mul.o)
                                0x175 (size before relaxing)
 .debug_str     0x00000d2d       0x1c ../projectpart1_bsp/\libhal_bsp.a(alt_exit.o)

.debug_loc      0x00000000     0x1102
 *(.debug_loc)
 .debug_loc     0x00000000       0x2b obj/default/video_output.o
 .debug_loc     0x0000002b       0x56 ../projectpart1_bsp/\libhal_bsp.a(alt_load.o)
 .debug_loc     0x00000081       0x2b ../projectpart1_bsp/\libhal_bsp.a(alt_main.o)
 .debug_loc     0x000000ac       0x81 ../projectpart1_bsp/\libhal_bsp.a(alt_sys_init.o)
 .debug_loc     0x0000012d       0xac ../projectpart1_bsp/\libhal_bsp.a(altera_avalon_jtag_uart_fd.o)
 .debug_loc     0x000001d9       0xac ../projectpart1_bsp/\libhal_bsp.a(altera_avalon_jtag_uart_init.o)
 .debug_loc     0x00000285       0x2b ../projectpart1_bsp/\libhal_bsp.a(altera_avalon_jtag_uart_ioctl.o)
 .debug_loc     0x000002b0       0x2b ../projectpart1_bsp/\libhal_bsp.a(altera_avalon_jtag_uart_read.o)
 .debug_loc     0x000002db       0x2b ../projectpart1_bsp/\libhal_bsp.a(altera_avalon_jtag_uart_write.o)
 .debug_loc     0x00000306       0xd7 ../projectpart1_bsp/\libhal_bsp.a(altera_up_avalon_video_character_buffer_with_dma.o)
 .debug_loc     0x000003dd      0x207 ../projectpart1_bsp/\libhal_bsp.a(altera_up_avalon_video_pixel_buffer_dma.o)
 .debug_loc     0x000005e4       0x2b ../projectpart1_bsp/\libhal_bsp.a(alt_alarm_start.o)
 .debug_loc     0x0000060f       0x56 ../projectpart1_bsp/\libhal_bsp.a(alt_close.o)
 .debug_loc     0x00000665       0x2b ../projectpart1_bsp/\libhal_bsp.a(alt_dcache_flush_all.o)
 .debug_loc     0x00000690       0x2b ../projectpart1_bsp/\libhal_bsp.a(alt_dev.o)
 .debug_loc     0x000006bb       0x56 ../projectpart1_bsp/\libhal_bsp.a(alt_dev_llist_insert.o)
 .debug_loc     0x00000711       0x2b ../projectpart1_bsp/\libhal_bsp.a(alt_do_ctors.o)
 .debug_loc     0x0000073c       0x2b ../projectpart1_bsp/\libhal_bsp.a(alt_do_dtors.o)
 .debug_loc     0x00000767       0x2b ../projectpart1_bsp/\libhal_bsp.a(alt_find_dev.o)
 .debug_loc     0x00000792       0x2b ../projectpart1_bsp/\libhal_bsp.a(alt_icache_flush_all.o)
 .debug_loc     0x000007bd       0xac ../projectpart1_bsp/\libhal_bsp.a(alt_iic.o)
 .debug_loc     0x00000869       0x2b ../projectpart1_bsp/\libhal_bsp.a(alt_iic_isr_register.o)
 .debug_loc     0x00000894       0x56 ../projectpart1_bsp/\libhal_bsp.a(alt_io_redirect.o)
 .debug_loc     0x000008ea       0x2b ../projectpart1_bsp/\libhal_bsp.a(alt_irq_handler.o)
 .debug_loc     0x00000915       0x81 ../projectpart1_bsp/\libhal_bsp.a(alt_open.o)
 .debug_loc     0x00000996       0x2b ../projectpart1_bsp/\libhal_bsp.a(alt_release_fd.o)
 .debug_loc     0x000009c1       0x56 ../projectpart1_bsp/\libhal_bsp.a(alt_tick.o)
 .debug_loc     0x00000a17       0x2b ../projectpart1_bsp/\libhal_bsp.a(altera_nios2_qsys_irq.o)
 .debug_loc     0x00000a42       0x2b ../projectpart1_bsp/\libhal_bsp.a(alt_find_file.o)
 .debug_loc     0x00000a6d       0x2b ../projectpart1_bsp/\libhal_bsp.a(alt_get_fd.o)
 .debug_loc     0x00000a98       0x1e c:/altera/13.0sp1/nios2eds/bin/gnu/h-i686-mingw32/bin/../lib/gcc/nios2-elf/4.1.2/../../../../nios2-elf/lib/mno-hw-mul\libc.a(lib_a-atexit.o)
 .debug_loc     0x00000ab6       0x3d c:/altera/13.0sp1/nios2eds/bin/gnu/h-i686-mingw32/bin/../lib/gcc/nios2-elf/4.1.2/../../../../nios2-elf/lib/mno-hw-mul\libc.a(lib_a-exit.o)
 .debug_loc     0x00000af3      0x114 c:/altera/13.0sp1/nios2eds/bin/gnu/h-i686-mingw32/bin/../lib/gcc/nios2-elf/4.1.2/../../../../nios2-elf/lib/mno-hw-mul\libc.a(lib_a-memcmp.o)
 .debug_loc     0x00000c07       0xca c:/altera/13.0sp1/nios2eds/bin/gnu/h-i686-mingw32/bin/../lib/gcc/nios2-elf/4.1.2/../../../../nios2-elf/lib/mno-hw-mul\libc.a(lib_a-memcpy.o)
 .debug_loc     0x00000cd1       0x65 c:/altera/13.0sp1/nios2eds/bin/gnu/h-i686-mingw32/bin/../lib/gcc/nios2-elf/4.1.2/../../../../nios2-elf/lib/mno-hw-mul\libc.a(lib_a-strcmp.o)
 .debug_loc     0x00000d36       0x3c c:/altera/13.0sp1/nios2eds/bin/gnu/h-i686-mingw32/bin/../lib/gcc/nios2-elf/4.1.2/../../../../nios2-elf/lib/mno-hw-mul\libc.a(lib_a-strlen.o)
 .debug_loc     0x00000d72      0x120 c:/altera/13.0sp1/nios2eds/bin/gnu/h-i686-mingw32/bin/../lib/gcc/nios2-elf/4.1.2/../../../../nios2-elf/lib/mno-hw-mul\libc.a(lib_a-__atexit.o)
 .debug_loc     0x00000e92      0x1cb c:/altera/13.0sp1/nios2eds/bin/gnu/h-i686-mingw32/bin/../lib/gcc/nios2-elf/4.1.2/../../../../nios2-elf/lib/mno-hw-mul\libc.a(lib_a-__call_atexit.o)
 .debug_loc     0x0000105d       0x4f c:/altera/13.0sp1/nios2eds/bin/gnu/h-i686-mingw32/bin/../lib/gcc/nios2-elf/4.1.2/mno-hw-mul\libgcc.a(lib2-mul.o)
 .debug_loc     0x000010ac       0x56 ../projectpart1_bsp/\libhal_bsp.a(alt_exit.o)

.debug_macinfo
 *(.debug_macinfo)

.debug_weaknames
 *(.debug_weaknames)

.debug_funcnames
 *(.debug_funcnames)

.debug_typenames
 *(.debug_typenames)

.debug_varnames
 *(.debug_varnames)

.debug_alt_sim_info
                0x00000000       0x10
 *(.debug_alt_sim_info)
 .debug_alt_sim_info
                0x00000000       0x10 ../projectpart1_bsp//obj/HAL/src/crt0.o
                0x01800000                __alt_data_end = 0x1800000
                0x01800000                PROVIDE (__alt_stack_pointer, __alt_data_end)
                0x010072ec                PROVIDE (__alt_stack_limit, __alt_stack_base)
                0x010072ec                PROVIDE (__alt_heap_start, end)
                0x01800000                PROVIDE (__alt_heap_limit, 0x1800000)
OUTPUT(projectpart1.elf elf32-littlenios2)

.debug_ranges   0x00000000       0x90
 .debug_ranges  0x00000000       0x20 ../projectpart1_bsp//obj/HAL/src/crt0.o
 .debug_ranges  0x00000020       0x28 ../projectpart1_bsp/\libhal_bsp.a(alt_irq_entry.o)
 .debug_ranges  0x00000048       0x30 ../projectpart1_bsp/\libhal_bsp.a(alt_exception_entry.o)
 .debug_ranges  0x00000078       0x18 c:/altera/13.0sp1/nios2eds/bin/gnu/h-i686-mingw32/bin/../lib/gcc/nios2-elf/4.1.2/../../../../nios2-elf/lib/mno-hw-mul\libc.a(lib_a-__call_atexit.o)
